Copyright 1986-2022 Xilinx, Inc. All Rights Reserved. Copyright 2022-2025 Advanced Micro Devices, Inc. All Rights Reserved.
---------------------------------------------------------------------------------------------------------------------------------------------
| Tool Version : Vivado v.2025.1 (lin64) Build 6140274 Wed May 21 22:58:25 MDT 2025
| Date         : Wed Nov 26 15:43:08 2025
| Host         : eecs-digital-34 running 64-bit Ubuntu 24.04.3 LTS
| Command      : report_timing_summary -file obj/post_place_timing_summary.rpt
| Design       : top_level
| Device       : 7s50-csga324
| Speed File   : -1  PRODUCTION 1.23 2018-06-13
| Design State : Physopt postPlace
---------------------------------------------------------------------------------------------------------------------------------------------

Timing Summary Report

------------------------------------------------------------------------------------------------
| Timer Settings
| --------------
------------------------------------------------------------------------------------------------

  Enable Multi Corner Analysis               :  Yes
  Enable Pessimism Removal                   :  Yes
  Pessimism Removal Resolution               :  Nearest Common Node
  Enable Input Delay Default Clock           :  No
  Enable Preset / Clear Arcs                 :  No
  Disable Flight Delays                      :  No
  Ignore I/O Paths                           :  No
  Timing Early Launch at Borrowing Latches   :  No
  Borrow Time for Max Delay Exceptions       :  Yes
  Merge Timing Exceptions                    :  Yes
  Inter-SLR Compensation                     :  Conservative

  Corner  Analyze    Analyze    
  Name    Max Paths  Min Paths  
  ------  ---------  ---------  
  Slow    Yes        Yes        
  Fast    Yes        Yes        


------------------------------------------------------------------------------------------------
| Report Methodology
| ------------------
------------------------------------------------------------------------------------------------

No report available as report_methodology has not been run prior. Run report_methodology on the current design for the summary of methodology violations.



check_timing report

Table of Contents
-----------------
1. checking no_clock (0)
2. checking constant_clock (0)
3. checking pulse_width_clock (0)
4. checking unconstrained_internal_endpoints (0)
5. checking no_input_delay (49)
6. checking no_output_delay (86)
7. checking multiple_clock (0)
8. checking generated_clocks (0)
9. checking loops (0)
10. checking partial_input_delay (0)
11. checking partial_output_delay (0)
12. checking latch_loops (0)

1. checking no_clock (0)
------------------------
 There are 0 register/latch pins with no clock.


2. checking constant_clock (0)
------------------------------
 There are 0 register/latch pins with constant_clock.


3. checking pulse_width_clock (0)
---------------------------------
 There are 0 register/latch pins which need pulse_width check


4. checking unconstrained_internal_endpoints (0)
------------------------------------------------
 There are 0 pins that are not constrained for maximum delay.

 There are 0 pins that are not constrained for maximum delay due to constant clock.


5. checking no_input_delay (49)
-------------------------------
 There are 49 input ports with no input delay specified. (HIGH)

 There are 0 input ports with no input delay but user has a false path constraint.


6. checking no_output_delay (86)
--------------------------------
 There are 86 ports with no output delay specified. (HIGH)

 There are 0 ports with no output delay but user has a false path constraint

 There are 0 ports with no output delay but with a timing clock defined on it or propagating through it


7. checking multiple_clock (0)
------------------------------
 There are 0 register/latch pins with multiple clocks.


8. checking generated_clocks (0)
--------------------------------
 There are 0 generated clocks that are not connected to a clock source.


9. checking loops (0)
---------------------
 There are 0 combinational loops in the design.


10. checking partial_input_delay (0)
------------------------------------
 There are 0 input ports with partial input delay specified.


11. checking partial_output_delay (0)
-------------------------------------
 There are 0 ports with partial output delay specified.


12. checking latch_loops (0)
----------------------------
 There are 0 combinational latch loops in the design through latch input



------------------------------------------------------------------------------------------------
| Design Timing Summary
| ---------------------
------------------------------------------------------------------------------------------------

    WNS(ns)      TNS(ns)  TNS Failing Endpoints  TNS Total Endpoints      WHS(ns)      THS(ns)  THS Failing Endpoints  THS Total Endpoints     WPWS(ns)     TPWS(ns)  TPWS Failing Endpoints  TPWS Total Endpoints  
    -------      -------  ---------------------  -------------------      -------      -------  ---------------------  -------------------     --------     --------  ----------------------  --------------------  
     -3.903     -132.001                     42                11627       -0.286       -7.442                     60                11595        0.264        0.000                       0                  3923  


Timing constraints are not met.


------------------------------------------------------------------------------------------------
| Clock Summary
| -------------
------------------------------------------------------------------------------------------------

Clock                        Waveform(ns)         Period(ns)      Frequency(MHz)
-----                        ------------         ----------      --------------
gclk                         {0.000 4.000}        10.000          100.000         
  clk_camera_clk_wiz_0       {0.000 2.500}        5.000           200.000         
  clk_controller_clk_wiz_0   {0.000 6.000}        12.000          83.333          
  clk_ddr3_90_clk_wiz_0      {0.750 2.250}        3.000           333.333         
  clk_ddr3_clk_wiz_0         {0.000 1.500}        3.000           333.333         
  clk_passthrough_clk_wiz_0  {0.000 5.000}        10.000          100.000         
    clk_pixel_cw_hdmi        {0.000 6.734}        13.468          74.250          
    clk_tmds_cw_hdmi         {0.000 1.347}        2.694           371.250         
    clkfbout_cw_hdmi         {0.000 25.000}       50.000          20.000          
  clk_xc_clk_wiz_0           {0.000 20.000}       40.000          25.000          
  clkfbout_clk_wiz_0         {0.000 5.000}        10.000          100.000         


------------------------------------------------------------------------------------------------
| Intra Clock Table
| -----------------
------------------------------------------------------------------------------------------------

Clock                            WNS(ns)      TNS(ns)  TNS Failing Endpoints  TNS Total Endpoints      WHS(ns)      THS(ns)  THS Failing Endpoints  THS Total Endpoints     WPWS(ns)     TPWS(ns)  TPWS Failing Endpoints  TPWS Total Endpoints  
-----                            -------      -------  ---------------------  -------------------      -------      -------  ---------------------  -------------------     --------     --------  ----------------------  --------------------  
gclk                                                                                                                                                                           2.000        0.000                       0                     1  
  clk_camera_clk_wiz_0             0.050        0.000                      0                 2177       -0.286       -4.347                     36                 2177        0.264        0.000                       0                   654  
  clk_controller_clk_wiz_0         0.697        0.000                      0                 7564       -0.251       -3.095                     24                 7564        4.750        0.000                       0                  2559  
  clk_ddr3_90_clk_wiz_0                                                                                                                                                        0.845        0.000                       0                    20  
  clk_ddr3_clk_wiz_0                                                                                                                                                           0.845        0.000                       0                    63  
  clk_passthrough_clk_wiz_0                                                                                                                                                    3.000        0.000                       0                     3  
    clk_pixel_cw_hdmi             -3.903     -132.001                     42                 1854        0.007        0.000                      0                 1854        6.234        0.000                       0                   607  
    clk_tmds_cw_hdmi                                                                                                                                                           0.538        0.000                       0                     8  
    clkfbout_cw_hdmi                                                                                                                                                          47.845        0.000                       0                     3  
  clk_xc_clk_wiz_0                                                                                                                                                            37.845        0.000                       0                     2  
  clkfbout_clk_wiz_0                                                                                                                                                           7.845        0.000                       0                     3  


------------------------------------------------------------------------------------------------
| Inter Clock Table
| -----------------
------------------------------------------------------------------------------------------------

From Clock                To Clock                      WNS(ns)      TNS(ns)  TNS Failing Endpoints  TNS Total Endpoints      WHS(ns)      THS(ns)  THS Failing Endpoints  THS Total Endpoints  
----------                --------                      -------      -------  ---------------------  -------------------      -------      -------  ---------------------  -------------------  
clk_controller_clk_wiz_0  clk_camera_clk_wiz_0            4.813        0.000                      0                    8                                                                        
clk_camera_clk_wiz_0      clk_controller_clk_wiz_0        4.790        0.000                      0                    8                                                                        
clk_pixel_cw_hdmi         clk_controller_clk_wiz_0        4.328        0.000                      0                    8                                                                        
clk_controller_clk_wiz_0  clk_pixel_cw_hdmi               4.662        0.000                      0                    8                                                                        


------------------------------------------------------------------------------------------------
| Other Path Groups Table
| -----------------------
------------------------------------------------------------------------------------------------

Path Group    From Clock    To Clock          WNS(ns)      TNS(ns)  TNS Failing Endpoints  TNS Total Endpoints      WHS(ns)      THS(ns)  THS Failing Endpoints  THS Total Endpoints  
----------    ----------    --------          -------      -------  ---------------------  -------------------      -------      -------  ---------------------  -------------------  


------------------------------------------------------------------------------------------------
| Timing Details
| --------------
------------------------------------------------------------------------------------------------


---------------------------------------------------------------------------------------------------
From Clock:  gclk
  To Clock:  gclk

Setup :           NA  Failing Endpoints,  Worst Slack           NA  ,  Total Violation           NA
Hold  :           NA  Failing Endpoints,  Worst Slack           NA  ,  Total Violation           NA
PW    :            0  Failing Endpoints,  Worst Slack        2.000ns,  Total Violation        0.000ns
---------------------------------------------------------------------------------------------------


Pulse Width Checks
--------------------------------------------------------------------------------------
Clock Name:         gclk
Waveform(ns):       { 0.000 4.000 }
Period(ns):         10.000
Sources:            { clk_100mhz }

Check Type        Corner  Lib Pin            Reference Pin  Required(ns)  Actual(ns)  Slack(ns)  Location         Pin
Min Period        n/a     MMCME2_ADV/CLKIN1  n/a            1.249         10.000      8.751      MMCME2_ADV_X0Y0  lcw/mmcm_adv_inst/CLKIN1
Max Period        n/a     MMCME2_ADV/CLKIN1  n/a            100.000       10.000      90.000     MMCME2_ADV_X0Y0  lcw/mmcm_adv_inst/CLKIN1
Low Pulse Width   Slow    MMCME2_ADV/CLKIN1  n/a            2.000         6.000       4.000      MMCME2_ADV_X0Y0  lcw/mmcm_adv_inst/CLKIN1
High Pulse Width  Slow    MMCME2_ADV/CLKIN1  n/a            2.000         4.000       2.000      MMCME2_ADV_X0Y0  lcw/mmcm_adv_inst/CLKIN1



---------------------------------------------------------------------------------------------------
From Clock:  clk_camera_clk_wiz_0
  To Clock:  clk_camera_clk_wiz_0

Setup :            0  Failing Endpoints,  Worst Slack        0.050ns,  Total Violation        0.000ns
Hold  :           36  Failing Endpoints,  Worst Slack       -0.286ns,  Total Violation       -4.347ns
PW    :            0  Failing Endpoints,  Worst Slack        0.264ns,  Total Violation        0.000ns
---------------------------------------------------------------------------------------------------


Max Delay Paths
--------------------------------------------------------------------------------------
Slack (MET) :             0.050ns  (required time - arrival time)
  Source:                 addra_reg[15]_replica/C
                            (rising edge-triggered cell FDRE clocked by clk_camera_clk_wiz_0  {rise@0.000ns fall@2.500ns period=5.000ns})
  Destination:            frame_buffer/BRAM_reg_1_11/ENARDEN
                            (rising edge-triggered cell RAMB36E1 clocked by clk_camera_clk_wiz_0  {rise@0.000ns fall@2.500ns period=5.000ns})
  Path Group:             clk_camera_clk_wiz_0
  Path Type:              Setup (Max at Slow Process Corner)
  Requirement:            5.000ns  (clk_camera_clk_wiz_0 rise@5.000ns - clk_camera_clk_wiz_0 rise@0.000ns)
  Data Path Delay:        4.167ns  (logic 0.712ns (17.087%)  route 3.455ns (82.913%))
  Logic Levels:           1  (LUT2=1)
  Clock Path Skew:        -0.072ns (DCD - SCD + CPR)
    Destination Clock Delay (DCD):    -1.585ns = ( 3.415 - 5.000 ) 
    Source Clock Delay      (SCD):    -1.040ns
    Clock Pessimism Removal (CPR):    0.474ns
  Clock Uncertainty:      0.067ns  ((TSJ^2 + DJ^2)^1/2) / 2 + PE
    Total System Jitter     (TSJ):    0.071ns
    Discrete Jitter          (DJ):    0.113ns
    Phase Error              (PE):    0.000ns

    Location             Delay type                Incr(ns)  Path(ns)    Netlist Resource(s)
  -------------------------------------------------------------------    -------------------
                         (clock clk_camera_clk_wiz_0 rise edge)
                                                      0.000     0.000 r  
    N15                                               0.000     0.000 r  clk_100mhz (IN)
                         net (fo=0)                   0.000     0.000    lcw/clk_in1
    N15                  IBUF (Prop_ibuf_I_O)         1.440     1.440 r  lcw/clkin1_ibufg/O
                         net (fo=1, estimated)        1.233     2.673    lcw/clk_in1_clk_wiz_0
    MMCME2_ADV_X0Y0      MMCME2_ADV (Prop_mmcme2_adv_CLKIN1_CLKOUT3)
                                                     -7.025    -4.352 r  lcw/mmcm_adv_inst/CLKOUT3
                         net (fo=1, estimated)        1.666    -2.686    lcw/clk_camera_clk_wiz_0
    BUFGCTRL_X0Y1        BUFG (Prop_bufg_I_O)         0.096    -2.590 r  lcw/clkout4_buf/O
                         net (fo=652, estimated)      1.550    -1.040    i_ref_clk
    SLICE_X39Y27         FDRE                                         r  addra_reg[15]_replica/C
  -------------------------------------------------------------------    -------------------
    SLICE_X39Y27         FDRE (Prop_fdre_C_Q)         0.419    -0.621 r  addra_reg[15]_replica/Q
                         net (fo=3, estimated)        1.737     1.116    frame_buffer/addra_reg__0[15]_repN_alias
    SLICE_X11Y50         LUT2 (Prop_lut2_I1_O)        0.293     1.409 r  frame_buffer/BRAM_reg_1_11_ENARDEN_cooolgate_en_gate_164/O
                         net (fo=1, estimated)        1.718     3.127    frame_buffer/BRAM_reg_1_11_ENARDEN_cooolgate_en_sig_86
    RAMB36_X1Y11         RAMB36E1                                     r  frame_buffer/BRAM_reg_1_11/ENARDEN
  -------------------------------------------------------------------    -------------------

                         (clock clk_camera_clk_wiz_0 rise edge)
                                                      5.000     5.000 r  
    N15                                               0.000     5.000 r  clk_100mhz (IN)
                         net (fo=0)                   0.000     5.000    lcw/clk_in1
    N15                  IBUF (Prop_ibuf_I_O)         1.370     6.370 r  lcw/clkin1_ibufg/O
                         net (fo=1, estimated)        1.171     7.542    lcw/clk_in1_clk_wiz_0
    MMCME2_ADV_X0Y0      MMCME2_ADV (Prop_mmcme2_adv_CLKIN1_CLKOUT3)
                                                     -7.279     0.263 r  lcw/mmcm_adv_inst/CLKOUT3
                         net (fo=1, estimated)        1.583     1.846    lcw/clk_camera_clk_wiz_0
    BUFGCTRL_X0Y1        BUFG (Prop_bufg_I_O)         0.091     1.937 r  lcw/clkout4_buf/O
                         net (fo=652, estimated)      1.478     3.415    frame_buffer/clk_camera
    RAMB36_X1Y11         RAMB36E1                                     r  frame_buffer/BRAM_reg_1_11/CLKARDCLK
                         clock pessimism              0.474     3.889    
                         clock uncertainty           -0.067     3.822    
    RAMB36_X1Y11         RAMB36E1 (Setup_ramb36e1_CLKARDCLK_ENARDEN)
                                                     -0.645     3.177    frame_buffer/BRAM_reg_1_11
  -------------------------------------------------------------------
                         required time                          3.177    
                         arrival time                          -3.127    
  -------------------------------------------------------------------
                         slack                                  0.050    





Min Delay Paths
--------------------------------------------------------------------------------------
Slack (VIOLATED) :        -0.286ns  (arrival time - required time)
  Source:                 highdef_fb/stacker_inst/chunk_tdata_reg[103]/C
                            (rising edge-triggered cell FDRE clocked by clk_camera_clk_wiz_0  {rise@0.000ns fall@2.500ns period=5.000ns})
  Destination:            highdef_fb/camera_data_fifo/xpm_fifo_axis_inst/xpm_fifo_base_inst/gen_sdpram.xpm_memory_base_inst/gen_wr_a.gen_word_narrow.mem_reg_1/DIADI[31]
                            (rising edge-triggered cell RAMB36E1 clocked by clk_camera_clk_wiz_0  {rise@0.000ns fall@2.500ns period=5.000ns})
  Path Group:             clk_camera_clk_wiz_0
  Path Type:              Hold (Min at Fast Process Corner)
  Requirement:            0.000ns  (clk_camera_clk_wiz_0 rise@0.000ns - clk_camera_clk_wiz_0 rise@0.000ns)
  Data Path Delay:        0.328ns  (logic 0.141ns (43.023%)  route 0.187ns (56.977%))
  Logic Levels:           0  
  Clock Path Skew:        0.317ns (DCD - SCD - CPR)
    Destination Clock Delay (DCD):    -0.808ns
    Source Clock Delay      (SCD):    -0.603ns
    Clock Pessimism Removal (CPR):    -0.523ns

    Location             Delay type                Incr(ns)  Path(ns)    Netlist Resource(s)
  -------------------------------------------------------------------    -------------------
                         (clock clk_camera_clk_wiz_0 rise edge)
                                                      0.000     0.000 r  
    N15                                               0.000     0.000 r  clk_100mhz (IN)
                         net (fo=0)                   0.000     0.000    lcw/clk_in1
    N15                  IBUF (Prop_ibuf_I_O)         0.209     0.209 r  lcw/clkin1_ibufg/O
                         net (fo=1, estimated)        0.520     0.728    lcw/clk_in1_clk_wiz_0
    MMCME2_ADV_X0Y0      MMCME2_ADV (Prop_mmcme2_adv_CLKIN1_CLKOUT3)
                                                     -2.621    -1.893 r  lcw/mmcm_adv_inst/CLKOUT3
                         net (fo=1, estimated)        0.702    -1.191    lcw/clk_camera_clk_wiz_0
    BUFGCTRL_X0Y1        BUFG (Prop_bufg_I_O)         0.026    -1.165 r  lcw/clkout4_buf/O
                         net (fo=652, estimated)      0.562    -0.603    highdef_fb/stacker_inst/clk_camera
    SLICE_X48Y51         FDRE                                         r  highdef_fb/stacker_inst/chunk_tdata_reg[103]/C
  -------------------------------------------------------------------    -------------------
    SLICE_X48Y51         FDRE (Prop_fdre_C_Q)         0.141    -0.462 r  highdef_fb/stacker_inst/chunk_tdata_reg[103]/Q
                         net (fo=1, estimated)        0.187    -0.275    highdef_fb/camera_data_fifo/xpm_fifo_axis_inst/xpm_fifo_base_inst/gen_sdpram.xpm_memory_base_inst/dina[103]
    RAMB36_X1Y9          RAMB36E1                                     r  highdef_fb/camera_data_fifo/xpm_fifo_axis_inst/xpm_fifo_base_inst/gen_sdpram.xpm_memory_base_inst/gen_wr_a.gen_word_narrow.mem_reg_1/DIADI[31]
  -------------------------------------------------------------------    -------------------

                         (clock clk_camera_clk_wiz_0 rise edge)
                                                      0.000     0.000 r  
    N15                                               0.000     0.000 r  clk_100mhz (IN)
                         net (fo=0)                   0.000     0.000    lcw/clk_in1
    N15                  IBUF (Prop_ibuf_I_O)         0.396     0.396 r  lcw/clkin1_ibufg/O
                         net (fo=1, estimated)        0.547     0.943    lcw/clk_in1_clk_wiz_0
    MMCME2_ADV_X0Y0      MMCME2_ADV (Prop_mmcme2_adv_CLKIN1_CLKOUT3)
                                                     -3.399    -2.456 r  lcw/mmcm_adv_inst/CLKOUT3
                         net (fo=1, estimated)        0.739    -1.717    lcw/clk_camera_clk_wiz_0
    BUFGCTRL_X0Y1        BUFG (Prop_bufg_I_O)         0.029    -1.688 r  lcw/clkout4_buf/O
                         net (fo=652, estimated)      0.879    -0.808    highdef_fb/camera_data_fifo/xpm_fifo_axis_inst/xpm_fifo_base_inst/gen_sdpram.xpm_memory_base_inst/clka
    RAMB36_X1Y9          RAMB36E1                                     r  highdef_fb/camera_data_fifo/xpm_fifo_axis_inst/xpm_fifo_base_inst/gen_sdpram.xpm_memory_base_inst/gen_wr_a.gen_word_narrow.mem_reg_1/CLKBWRCLK
                         clock pessimism              0.523    -0.285    
    RAMB36_X1Y9          RAMB36E1 (Hold_ramb36e1_CLKBWRCLK_DIADI[31])
                                                      0.296     0.011    highdef_fb/camera_data_fifo/xpm_fifo_axis_inst/xpm_fifo_base_inst/gen_sdpram.xpm_memory_base_inst/gen_wr_a.gen_word_narrow.mem_reg_1
  -------------------------------------------------------------------
                         required time                         -0.011    
                         arrival time                          -0.275    
  -------------------------------------------------------------------
                         slack                                 -0.286    





Pulse Width Checks
--------------------------------------------------------------------------------------
Clock Name:         clk_camera_clk_wiz_0
Waveform(ns):       { 0.000 2.500 }
Period(ns):         5.000
Sources:            { lcw/mmcm_adv_inst/CLKOUT3 }

Check Type        Corner  Lib Pin            Reference Pin  Required(ns)  Actual(ns)  Slack(ns)  Location         Pin
Min Period        n/a     IDELAYCTRL/REFCLK  n/a            3.225         5.000       1.775      IDELAYCTRL_X1Y0  highdef_fb/ddr3_top/ddr3_phy_inst/IDELAYCTRL_inst/REFCLK
Max Period        n/a     IDELAYCTRL/REFCLK  n/a            5.264         5.000       0.264      IDELAYCTRL_X1Y0  highdef_fb/ddr3_top/ddr3_phy_inst/IDELAYCTRL_inst/REFCLK
Low Pulse Width   Slow    FDRE/C             n/a            0.500         2.500       2.000      SLICE_X38Y25     addra_reg[0]/C
High Pulse Width  Slow    FDRE/C             n/a            0.500         2.500       2.000      SLICE_X38Y25     addra_reg[0]/C



---------------------------------------------------------------------------------------------------
From Clock:  clk_controller_clk_wiz_0
  To Clock:  clk_controller_clk_wiz_0

Setup :            0  Failing Endpoints,  Worst Slack        0.697ns,  Total Violation        0.000ns
Hold  :           24  Failing Endpoints,  Worst Slack       -0.251ns,  Total Violation       -3.095ns
PW    :            0  Failing Endpoints,  Worst Slack        4.750ns,  Total Violation        0.000ns
---------------------------------------------------------------------------------------------------


Max Delay Paths
--------------------------------------------------------------------------------------
Slack (MET) :             0.697ns  (required time - arrival time)
  Source:                 highdef_fb/ddr3_top/ddr3_controller_inst/stage2_bank_reg[1]/C
                            (rising edge-triggered cell FDRE clocked by clk_controller_clk_wiz_0  {rise@0.000ns fall@6.000ns period=12.000ns})
  Destination:            highdef_fb/ddr3_top/ddr3_controller_inst/o_wb_stall_reg_rep__0/D
                            (rising edge-triggered cell FDRE clocked by clk_controller_clk_wiz_0  {rise@0.000ns fall@6.000ns period=12.000ns})
  Path Group:             clk_controller_clk_wiz_0
  Path Type:              Setup (Max at Slow Process Corner)
  Requirement:            12.000ns  (clk_controller_clk_wiz_0 rise@12.000ns - clk_controller_clk_wiz_0 rise@0.000ns)
  Data Path Delay:        11.235ns  (logic 3.583ns (31.891%)  route 7.652ns (68.109%))
  Logic Levels:           12  (CARRY4=2 LUT2=1 LUT3=1 LUT4=1 LUT6=6 MUXF7=1)
  Clock Path Skew:        -0.024ns (DCD - SCD + CPR)
    Destination Clock Delay (DCD):    -1.613ns = ( 10.387 - 12.000 ) 
    Source Clock Delay      (SCD):    -1.037ns
    Clock Pessimism Removal (CPR):    0.553ns
  Clock Uncertainty:      0.076ns  ((TSJ^2 + DJ^2)^1/2) / 2 + PE
    Total System Jitter     (TSJ):    0.071ns
    Discrete Jitter          (DJ):    0.134ns
    Phase Error              (PE):    0.000ns

    Location             Delay type                Incr(ns)  Path(ns)    Netlist Resource(s)
  -------------------------------------------------------------------    -------------------
                         (clock clk_controller_clk_wiz_0 rise edge)
                                                      0.000     0.000 r  
    N15                                               0.000     0.000 r  clk_100mhz (IN)
                         net (fo=0)                   0.000     0.000    lcw/clk_in1
    N15                  IBUF (Prop_ibuf_I_O)         1.440     1.440 r  lcw/clkin1_ibufg/O
                         net (fo=1, estimated)        1.233     2.673    lcw/clk_in1_clk_wiz_0
    MMCME2_ADV_X0Y0      MMCME2_ADV (Prop_mmcme2_adv_CLKIN1_CLKOUT0)
                                                     -7.025    -4.352 r  lcw/mmcm_adv_inst/CLKOUT0
                         net (fo=1, estimated)        1.666    -2.686    lcw/clk_controller_clk_wiz_0
    BUFGCTRL_X0Y0        BUFG (Prop_bufg_I_O)         0.096    -2.590 r  lcw/clkout1_buf/O
                         net (fo=2557, estimated)     1.553    -1.037    highdef_fb/ddr3_top/ddr3_controller_inst/i_controller_clk
    SLICE_X52Y25         FDRE                                         r  highdef_fb/ddr3_top/ddr3_controller_inst/stage2_bank_reg[1]/C
  -------------------------------------------------------------------    -------------------
    SLICE_X52Y25         FDRE (Prop_fdre_C_Q)         0.518    -0.519 r  highdef_fb/ddr3_top/ddr3_controller_inst/stage2_bank_reg[1]/Q
                         net (fo=116, estimated)      1.197     0.678    highdef_fb/ddr3_top/ddr3_controller_inst/stage2_bank[1]
    SLICE_X45Y23         LUT6 (Prop_lut6_I2_O)        0.124     0.802 r  highdef_fb/ddr3_top/ddr3_controller_inst/o_phy_cmd[92]_INST_0_i_54/O
                         net (fo=1, routed)           0.000     0.802    highdef_fb/ddr3_top/ddr3_controller_inst/o_phy_cmd[92]_INST_0_i_54_n_0
    SLICE_X45Y23         MUXF7 (Prop_muxf7_I0_O)      0.238     1.040 r  highdef_fb/ddr3_top/ddr3_controller_inst/o_phy_cmd[92]_INST_0_i_31/O
                         net (fo=2, estimated)        0.915     1.955    highdef_fb/ddr3_top/ddr3_controller_inst/o_phy_cmd[92]_INST_0_i_31_n_0
    SLICE_X45Y27         LUT6 (Prop_lut6_I0_O)        0.298     2.253 r  highdef_fb/ddr3_top/ddr3_controller_inst/o_phy_cmd[92]_INST_0_i_18/O
                         net (fo=1, routed)           0.000     2.253    highdef_fb/ddr3_top/ddr3_controller_inst/o_phy_cmd[92]_INST_0_i_18_n_0
    SLICE_X45Y27         CARRY4 (Prop_carry4_S[0]_CO[3])
                                                      0.532     2.785 r  highdef_fb/ddr3_top/ddr3_controller_inst/o_phy_cmd[92]_INST_0_i_8/CO[3]
                         net (fo=1, estimated)        0.000     2.785    highdef_fb/ddr3_top/ddr3_controller_inst/o_phy_cmd[92]_INST_0_i_8_n_0
    SLICE_X45Y28         CARRY4 (Prop_carry4_CI_CO[0])
                                                      0.271     3.056 r  highdef_fb/ddr3_top/ddr3_controller_inst/o_phy_cmd[92]_INST_0_i_3/CO[0]
                         net (fo=29, estimated)       0.753     3.809    highdef_fb/ddr3_top/ddr3_controller_inst/precharge_slot_busy2
    SLICE_X35Y31         LUT2 (Prop_lut2_I0_O)        0.373     4.182 r  highdef_fb/ddr3_top/ddr3_controller_inst/o_phy_cmd[92]_INST_0_i_1/O
                         net (fo=57, estimated)       1.071     5.253    highdef_fb/ddr3_top/ddr3_controller_inst/o_phy_cmd[92]_INST_0_i_1_n_0
    SLICE_X34Y33         LUT4 (Prop_lut4_I2_O)        0.152     5.405 r  highdef_fb/ddr3_top/ddr3_controller_inst/o_wb_stall_q_i_44/O
                         net (fo=1, estimated)        0.948     6.353    highdef_fb/ddr3_top/ddr3_controller_inst/o_wb_stall_q_i_44_n_0
    SLICE_X33Y34         LUT3 (Prop_lut3_I1_O)        0.378     6.731 r  highdef_fb/ddr3_top/ddr3_controller_inst/o_wb_stall_q_reg_i_22/O
                         net (fo=1, estimated)        0.579     7.310    highdef_fb/ddr3_top/ddr3_controller_inst/o_wb_stall_q_reg_i_22_n_0
    SLICE_X33Y34         LUT6 (Prop_lut6_I1_O)        0.327     7.637 r  highdef_fb/ddr3_top/ddr3_controller_inst/o_wb_stall_q_i_10/O
                         net (fo=1, estimated)        1.037     8.674    highdef_fb/ddr3_top/ddr3_controller_inst/o_wb_stall_q_i_10_n_0
    SLICE_X47Y34         LUT6 (Prop_lut6_I5_O)        0.124     8.798 r  highdef_fb/ddr3_top/ddr3_controller_inst/o_wb_stall_q_i_2/O
                         net (fo=1, estimated)        0.687     9.485    highdef_fb/ddr3_top/ddr3_controller_inst/o_wb_stall_q_i_2_n_0
    SLICE_X47Y40         LUT6 (Prop_lut6_I0_O)        0.124     9.609 r  highdef_fb/ddr3_top/ddr3_controller_inst/o_wb_stall_q_i_1/O
                         net (fo=5, estimated)        0.465    10.074    highdef_fb/ddr3_top/ddr3_controller_inst/o_wb_stall_d22_out
    SLICE_X47Y42         LUT6 (Prop_lut6_I2_O)        0.124    10.198 r  highdef_fb/ddr3_top/ddr3_controller_inst/o_wb_stall_rep_i_1__0/O
                         net (fo=1, routed)           0.000    10.198    highdef_fb/ddr3_top/ddr3_controller_inst/o_wb_stall_rep_i_1__0_n_0
    SLICE_X47Y42         FDRE                                         r  highdef_fb/ddr3_top/ddr3_controller_inst/o_wb_stall_reg_rep__0/D
  -------------------------------------------------------------------    -------------------

                         (clock clk_controller_clk_wiz_0 rise edge)
                                                     12.000    12.000 r  
    N15                                               0.000    12.000 r  clk_100mhz (IN)
                         net (fo=0)                   0.000    12.000    lcw/clk_in1
    N15                  IBUF (Prop_ibuf_I_O)         1.370    13.370 r  lcw/clkin1_ibufg/O
                         net (fo=1, estimated)        1.171    14.542    lcw/clk_in1_clk_wiz_0
    MMCME2_ADV_X0Y0      MMCME2_ADV (Prop_mmcme2_adv_CLKIN1_CLKOUT0)
                                                     -7.279     7.263 r  lcw/mmcm_adv_inst/CLKOUT0
                         net (fo=1, estimated)        1.583     8.846    lcw/clk_controller_clk_wiz_0
    BUFGCTRL_X0Y0        BUFG (Prop_bufg_I_O)         0.091     8.937 r  lcw/clkout1_buf/O
                         net (fo=2557, estimated)     1.450    10.387    highdef_fb/ddr3_top/ddr3_controller_inst/i_controller_clk
    SLICE_X47Y42         FDRE                                         r  highdef_fb/ddr3_top/ddr3_controller_inst/o_wb_stall_reg_rep__0/C
                         clock pessimism              0.553    10.939    
                         clock uncertainty           -0.076    10.864    
    SLICE_X47Y42         FDRE (Setup_fdre_C_D)        0.032    10.896    highdef_fb/ddr3_top/ddr3_controller_inst/o_wb_stall_reg_rep__0
  -------------------------------------------------------------------
                         required time                         10.896    
                         arrival time                         -10.198    
  -------------------------------------------------------------------
                         slack                                  0.697    





Min Delay Paths
--------------------------------------------------------------------------------------
Slack (VIOLATED) :        -0.251ns  (arrival time - required time)
  Source:                 highdef_fb/ddr3_top/ddr3_phy_inst/sync_rst_reg/C
                            (rising edge-triggered cell FDSE clocked by clk_controller_clk_wiz_0  {rise@0.000ns fall@6.000ns period=12.000ns})
  Destination:            highdef_fb/ddr3_top/ddr3_phy_inst/genblk5[0].OSERDESE2_data/RST
                            (rising edge-triggered cell OSERDESE2 clocked by clk_controller_clk_wiz_0  {rise@0.000ns fall@6.000ns period=12.000ns})
  Path Group:             clk_controller_clk_wiz_0
  Path Type:              Hold (Min at Fast Process Corner)
  Requirement:            0.000ns  (clk_controller_clk_wiz_0 rise@0.000ns - clk_controller_clk_wiz_0 rise@0.000ns)
  Data Path Delay:        0.437ns  (logic 0.128ns (29.264%)  route 0.309ns (70.736%))
  Logic Levels:           0  
  Clock Path Skew:        0.182ns (DCD - SCD - CPR)
    Destination Clock Delay (DCD):    -0.676ns
    Source Clock Delay      (SCD):    -0.569ns
    Clock Pessimism Removal (CPR):    -0.289ns

    Location             Delay type                Incr(ns)  Path(ns)    Netlist Resource(s)
  -------------------------------------------------------------------    -------------------
                         (clock clk_controller_clk_wiz_0 rise edge)
                                                      0.000     0.000 r  
    N15                                               0.000     0.000 r  clk_100mhz (IN)
                         net (fo=0)                   0.000     0.000    lcw/clk_in1
    N15                  IBUF (Prop_ibuf_I_O)         0.209     0.209 r  lcw/clkin1_ibufg/O
                         net (fo=1, estimated)        0.520     0.728    lcw/clk_in1_clk_wiz_0
    MMCME2_ADV_X0Y0      MMCME2_ADV (Prop_mmcme2_adv_CLKIN1_CLKOUT0)
                                                     -2.621    -1.893 r  lcw/mmcm_adv_inst/CLKOUT0
                         net (fo=1, estimated)        0.702    -1.191    lcw/clk_controller_clk_wiz_0
    BUFGCTRL_X0Y0        BUFG (Prop_bufg_I_O)         0.026    -1.165 r  lcw/clkout1_buf/O
                         net (fo=2557, estimated)     0.596    -0.569    highdef_fb/ddr3_top/ddr3_phy_inst/clk_controller
    SLICE_X63Y44         FDSE                                         r  highdef_fb/ddr3_top/ddr3_phy_inst/sync_rst_reg/C
  -------------------------------------------------------------------    -------------------
    SLICE_X63Y44         FDSE (Prop_fdse_C_Q)         0.128    -0.441 r  highdef_fb/ddr3_top/ddr3_phy_inst/sync_rst_reg/Q
                         net (fo=62, estimated)       0.309    -0.131    highdef_fb/ddr3_top/ddr3_phy_inst/sync_rst
    OLOGIC_X1Y45         OSERDESE2                                    r  highdef_fb/ddr3_top/ddr3_phy_inst/genblk5[0].OSERDESE2_data/RST
  -------------------------------------------------------------------    -------------------

                         (clock clk_controller_clk_wiz_0 rise edge)
                                                      0.000     0.000 r  
    N15                                               0.000     0.000 r  clk_100mhz (IN)
                         net (fo=0)                   0.000     0.000    lcw/clk_in1
    N15                  IBUF (Prop_ibuf_I_O)         0.396     0.396 r  lcw/clkin1_ibufg/O
                         net (fo=1, estimated)        0.547     0.943    lcw/clk_in1_clk_wiz_0
    MMCME2_ADV_X0Y0      MMCME2_ADV (Prop_mmcme2_adv_CLKIN1_CLKOUT0)
                                                     -3.399    -2.456 r  lcw/mmcm_adv_inst/CLKOUT0
                         net (fo=1, estimated)        0.739    -1.717    lcw/clk_controller_clk_wiz_0
    BUFGCTRL_X0Y0        BUFG (Prop_bufg_I_O)         0.029    -1.688 r  lcw/clkout1_buf/O
                         net (fo=2557, estimated)     1.012    -0.676    highdef_fb/ddr3_top/ddr3_phy_inst/clk_controller
    OLOGIC_X1Y45         OSERDESE2                                    r  highdef_fb/ddr3_top/ddr3_phy_inst/genblk5[0].OSERDESE2_data/CLKDIV
                         clock pessimism              0.289    -0.387    
    OLOGIC_X1Y45         OSERDESE2 (Hold_oserdese2_CLKDIV_RST)
                                                      0.506     0.119    highdef_fb/ddr3_top/ddr3_phy_inst/genblk5[0].OSERDESE2_data
  -------------------------------------------------------------------
                         required time                         -0.119    
                         arrival time                          -0.131    
  -------------------------------------------------------------------
                         slack                                 -0.251    





Pulse Width Checks
--------------------------------------------------------------------------------------
Clock Name:         clk_controller_clk_wiz_0
Waveform(ns):       { 0.000 6.000 }
Period(ns):         12.000
Sources:            { lcw/mmcm_adv_inst/CLKOUT0 }

Check Type        Corner  Lib Pin             Reference Pin  Required(ns)  Actual(ns)  Slack(ns)  Location         Pin
Min Period        n/a     RAMB36E1/CLKARDCLK  n/a            2.576         12.000      9.424      RAMB36_X1Y12     highdef_fb/camera_data_fifo/xpm_fifo_axis_inst/xpm_fifo_base_inst/gen_sdpram.xpm_memory_base_inst/gen_wr_a.gen_word_narrow.mem_reg_0/CLKARDCLK
Max Period        n/a     MMCME2_ADV/CLKOUT0  n/a            213.360       12.000      201.360    MMCME2_ADV_X0Y0  lcw/mmcm_adv_inst/CLKOUT0
Low Pulse Width   Slow    RAMD64E/CLK         n/a            1.250         6.000       4.750      SLICE_X38Y32     highdef_fb/traffic_generator_inst/mcf/fifo_reg_0_63_0_2/RAMA/CLK
High Pulse Width  Slow    RAMD64E/CLK         n/a            1.250         6.000       4.750      SLICE_X38Y32     highdef_fb/traffic_generator_inst/mcf/fifo_reg_0_63_0_2/RAMA/CLK



---------------------------------------------------------------------------------------------------
From Clock:  clk_ddr3_90_clk_wiz_0
  To Clock:  clk_ddr3_90_clk_wiz_0

Setup :           NA  Failing Endpoints,  Worst Slack           NA  ,  Total Violation           NA
Hold  :           NA  Failing Endpoints,  Worst Slack           NA  ,  Total Violation           NA
PW    :            0  Failing Endpoints,  Worst Slack        0.845ns,  Total Violation        0.000ns
---------------------------------------------------------------------------------------------------


Pulse Width Checks
--------------------------------------------------------------------------------------
Clock Name:         clk_ddr3_90_clk_wiz_0
Waveform(ns):       { 0.750 2.250 }
Period(ns):         3.000
Sources:            { lcw/mmcm_adv_inst/CLKOUT2 }

Check Type  Corner  Lib Pin             Reference Pin  Required(ns)  Actual(ns)  Slack(ns)  Location         Pin
Min Period  n/a     BUFG/I              n/a            2.155         3.000       0.845      BUFGCTRL_X0Y4    lcw/clkout3_buf/I
Max Period  n/a     MMCME2_ADV/CLKOUT2  n/a            213.360       3.000       210.360    MMCME2_ADV_X0Y0  lcw/mmcm_adv_inst/CLKOUT2



---------------------------------------------------------------------------------------------------
From Clock:  clk_ddr3_clk_wiz_0
  To Clock:  clk_ddr3_clk_wiz_0

Setup :           NA  Failing Endpoints,  Worst Slack           NA  ,  Total Violation           NA
Hold  :           NA  Failing Endpoints,  Worst Slack           NA  ,  Total Violation           NA
PW    :            0  Failing Endpoints,  Worst Slack        0.845ns,  Total Violation        0.000ns
---------------------------------------------------------------------------------------------------


Pulse Width Checks
--------------------------------------------------------------------------------------
Clock Name:         clk_ddr3_clk_wiz_0
Waveform(ns):       { 0.000 1.500 }
Period(ns):         3.000
Sources:            { lcw/mmcm_adv_inst/CLKOUT1 }

Check Type  Corner  Lib Pin             Reference Pin  Required(ns)  Actual(ns)  Slack(ns)  Location         Pin
Min Period  n/a     BUFG/I              n/a            2.155         3.000       0.845      BUFGCTRL_X0Y3    lcw/clkout2_buf/I
Max Period  n/a     MMCME2_ADV/CLKOUT1  n/a            213.360       3.000       210.360    MMCME2_ADV_X0Y0  lcw/mmcm_adv_inst/CLKOUT1



---------------------------------------------------------------------------------------------------
From Clock:  clk_passthrough_clk_wiz_0
  To Clock:  clk_passthrough_clk_wiz_0

Setup :           NA  Failing Endpoints,  Worst Slack           NA  ,  Total Violation           NA
Hold  :           NA  Failing Endpoints,  Worst Slack           NA  ,  Total Violation           NA
PW    :            0  Failing Endpoints,  Worst Slack        3.000ns,  Total Violation        0.000ns
---------------------------------------------------------------------------------------------------


Pulse Width Checks
--------------------------------------------------------------------------------------
Clock Name:         clk_passthrough_clk_wiz_0
Waveform(ns):       { 0.000 5.000 }
Period(ns):         10.000
Sources:            { lcw/mmcm_adv_inst/CLKOUT5 }

Check Type        Corner  Lib Pin            Reference Pin  Required(ns)  Actual(ns)  Slack(ns)  Location         Pin
Min Period        n/a     BUFG/I             n/a            2.155         10.000      7.845      BUFGCTRL_X0Y8    lcw/clkout6_buf/I
Max Period        n/a     MMCME2_ADV/CLKIN1  n/a            100.000       10.000      90.000     MMCME2_ADV_X1Y0  wizard_hdmi/mmcm_adv_inst/CLKIN1
Low Pulse Width   Slow    MMCME2_ADV/CLKIN1  n/a            2.000         5.000       3.000      MMCME2_ADV_X1Y0  wizard_hdmi/mmcm_adv_inst/CLKIN1
High Pulse Width  Slow    MMCME2_ADV/CLKIN1  n/a            2.000         5.000       3.000      MMCME2_ADV_X1Y0  wizard_hdmi/mmcm_adv_inst/CLKIN1



---------------------------------------------------------------------------------------------------
From Clock:  clk_pixel_cw_hdmi
  To Clock:  clk_pixel_cw_hdmi

Setup :           42  Failing Endpoints,  Worst Slack       -3.903ns,  Total Violation     -132.001ns
Hold  :            0  Failing Endpoints,  Worst Slack        0.007ns,  Total Violation        0.000ns
PW    :            0  Failing Endpoints,  Worst Slack        6.234ns,  Total Violation        0.000ns
---------------------------------------------------------------------------------------------------


Max Delay Paths
--------------------------------------------------------------------------------------
Slack (VIOLATED) :        -3.903ns  (required time - arrival time)
  Source:                 vsg/h_count_reg[5]_replica/C
                            (rising edge-triggered cell FDRE clocked by clk_pixel_cw_hdmi  {rise@0.000ns fall@6.734ns period=13.468ns})
  Destination:            tmds_red/cnt_reg[4]/D
                            (rising edge-triggered cell FDRE clocked by clk_pixel_cw_hdmi  {rise@0.000ns fall@6.734ns period=13.468ns})
  Path Group:             clk_pixel_cw_hdmi
  Path Type:              Setup (Max at Slow Process Corner)
  Requirement:            13.468ns  (clk_pixel_cw_hdmi rise@13.468ns - clk_pixel_cw_hdmi rise@0.000ns)
  Data Path Delay:        17.215ns  (logic 8.499ns (49.370%)  route 8.716ns (50.630%))
  Logic Levels:           20  (CARRY4=8 DSP48E1=1 LUT5=3 LUT6=8)
  Clock Path Skew:        0.023ns (DCD - SCD + CPR)
    Destination Clock Delay (DCD):    -1.553ns = ( 11.915 - 13.468 ) 
    Source Clock Delay      (SCD):    -1.025ns
    Clock Pessimism Removal (CPR):    0.552ns
  Clock Uncertainty:      0.210ns  ((TSJ^2 + DJ^2)^1/2) / 2 + PE
    Total System Jitter     (TSJ):    0.071ns
    Discrete Jitter          (DJ):    0.414ns
    Phase Error              (PE):    0.000ns

    Location             Delay type                Incr(ns)  Path(ns)    Netlist Resource(s)
  -------------------------------------------------------------------    -------------------
                         (clock clk_pixel_cw_hdmi rise edge)
                                                      0.000     0.000 r  
    N15                                               0.000     0.000 r  clk_100mhz (IN)
                         net (fo=0)                   0.000     0.000    lcw/clk_in1
    N15                  IBUF (Prop_ibuf_I_O)         1.440     1.440 r  lcw/clkin1_ibufg/O
                         net (fo=1, estimated)        1.233     2.673    lcw/clk_in1_clk_wiz_0
    MMCME2_ADV_X0Y0      MMCME2_ADV (Prop_mmcme2_adv_CLKIN1_CLKOUT5)
                                                     -7.025    -4.352 r  lcw/mmcm_adv_inst/CLKOUT5
                         net (fo=1, estimated)        1.666    -2.686    lcw/clk_passthrough_clk_wiz_0
    BUFGCTRL_X0Y8        BUFG (Prop_bufg_I_O)         0.096    -2.590 r  lcw/clkout6_buf/O
                         net (fo=1, estimated)        1.634    -0.956    wizard_hdmi/sysclk
    MMCME2_ADV_X1Y0      MMCME2_ADV (Prop_mmcme2_adv_CLKIN1_CLKOUT0)
                                                     -3.393    -4.349 r  wizard_hdmi/mmcm_adv_inst/CLKOUT0
                         net (fo=1, estimated)        1.661    -2.688    wizard_hdmi/clk_pixel_cw_hdmi
    BUFGCTRL_X0Y2        BUFG (Prop_bufg_I_O)         0.096    -2.592 r  wizard_hdmi/clkout1_buf/O
                         net (fo=606, estimated)      1.567    -1.025    vsg/clk_pixel
    SLICE_X49Y13         FDRE                                         r  vsg/h_count_reg[5]_replica/C
  -------------------------------------------------------------------    -------------------
    SLICE_X49Y13         FDRE (Prop_fdre_C_Q)         0.456    -0.569 r  vsg/h_count_reg[5]_replica/Q
                         net (fo=49, estimated)       1.009     0.440    vsg/h_count[5]_repN
    SLICE_X51Y11         LUT6 (Prop_lut6_I2_O)        0.124     0.564 r  vsg/g0_b0_i_33_replica/O
                         net (fo=5, estimated)        0.362     0.926    vsg/g0_b0_i_33_n_0_repN
    SLICE_X52Y12         CARRY4 (Prop_carry4_DI[1]_CO[3])
                                                      0.520     1.446 r  vsg/g0_b0_i_40/CO[3]
                         net (fo=1, estimated)        0.000     1.446    vsg/g0_b0_i_40_n_0
    SLICE_X52Y13         CARRY4 (Prop_carry4_CI_CO[0])
                                                      0.254     1.700 r  vsg/g0_b0_i_39/CO[0]
                         net (fo=2, estimated)        0.478     2.178    vsg/g0_b0_i_39_n_3
    SLICE_X54Y14         LUT6 (Prop_lut6_I2_O)        0.367     2.545 r  vsg/g0_b0_i_6_comp/O
                         net (fo=2, estimated)        0.451     2.996    vsg/g0_b0_i_6_n_0
    SLICE_X53Y14         LUT6 (Prop_lut6_I0_O)        0.124     3.120 r  vsg/g0_b0_i_10/O
                         net (fo=1, routed)           0.000     3.120    vsg/g0_b0_i_10_n_0
    SLICE_X53Y14         CARRY4 (Prop_carry4_S[1]_CO[3])
                                                      0.550     3.670 r  vsg/g0_b0_i_1/CO[3]
                         net (fo=1, estimated)        0.000     3.670    vsg/g0_b0_i_1_n_0
    SLICE_X53Y15         CARRY4 (Prop_carry4_CI_CO[3])
                                                      0.114     3.784 r  vsg/g0_b0_i_2/CO[3]
                         net (fo=1, estimated)        0.000     3.784    vsg/g0_b0_i_2_n_0
    SLICE_X53Y16         CARRY4 (Prop_carry4_CI_CO[3])
                                                      0.114     3.898 r  vsg/sen_sprite_x0_i_2/CO[3]
                         net (fo=1, estimated)        0.000     3.898    vsg/sen_sprite_x0_i_2_n_0
    SLICE_X53Y17         CARRY4 (Prop_carry4_CI_O[0])
                                                      0.222     4.120 r  vsg/sen_sprite_x0_i_1/O[0]
                         net (fo=1, estimated)        0.561     4.681    word/A[10]
    DSP48_X1Y6           DSP48E1 (Prop_dsp48e1_A[10]_P[4])
                                                      4.016     8.697 r  word/sen_sprite_x0/P[4]
                         net (fo=6, estimated)        0.936     9.633    vsg/P[4]
    SLICE_X55Y15         LUT5 (Prop_lut5_I2_O)        0.124     9.757 r  vsg/i__carry__0_i_8/O
                         net (fo=1, routed)           0.000     9.757    word/sensor_sprite/_inferred__0/i__carry__1_1[0]
    SLICE_X55Y15         CARRY4 (Prop_carry4_S[0]_CO[3])
                                                      0.532    10.289 r  word/sensor_sprite/_inferred__0/i__carry__0/CO[3]
                         net (fo=1, estimated)        0.000    10.289    word/sensor_sprite/_inferred__0/i__carry__0_n_0
    SLICE_X55Y16         CARRY4 (Prop_carry4_CI_CO[3])
                                                      0.114    10.403 f  word/sensor_sprite/_inferred__0/i__carry__1/CO[3]
                         net (fo=8, estimated)        0.783    11.186    vsg/cnt[4]_i_32_0[0]
    SLICE_X54Y15         LUT6 (Prop_lut6_I3_O)        0.124    11.310 r  vsg/tmds[6]_i_6_replica/O
                         net (fo=8, estimated)        0.460    11.770    vsg/v_count_reg[8]_3_repN
    SLICE_X57Y14         LUT6 (Prop_lut6_I3_O)        0.124    11.894 f  vsg/cnt[4]_i_15__0_comp/O
                         net (fo=2, estimated)        1.032    12.926    vsg/red[1]
    SLICE_X59Y15         LUT5 (Prop_lut5_I0_O)        0.124    13.050 r  vsg/cnt[4]_i_6/O
                         net (fo=28, estimated)       0.491    13.541    vsg/cnt[4]_i_6_n_0
    SLICE_X58Y16         LUT6 (Prop_lut6_I4_O)        0.124    13.665 r  vsg/cnt[3]_i_10/O
                         net (fo=14, estimated)       0.854    14.519    vsg/cnt[3]_i_10_n_0
    SLICE_X59Y18         LUT6 (Prop_lut6_I0_O)        0.124    14.643 f  vsg/cnt[4]_i_9/O
                         net (fo=1, estimated)        0.497    15.140    vsg/cnt[4]_i_9_n_0
    SLICE_X58Y18         LUT5 (Prop_lut5_I0_O)        0.124    15.264 r  vsg/cnt[4]_i_3/O
                         net (fo=1, estimated)        0.802    16.066    vsg/cnt[4]_i_3_n_0
    SLICE_X58Y18         LUT6 (Prop_lut6_I0_O)        0.124    16.190 r  vsg/cnt[4]_i_2/O
                         net (fo=1, routed)           0.000    16.190    tmds_red/D[3]
    SLICE_X58Y18         FDRE                                         r  tmds_red/cnt_reg[4]/D
  -------------------------------------------------------------------    -------------------

                         (clock clk_pixel_cw_hdmi rise edge)
                                                     13.468    13.468 r  
    N15                                               0.000    13.468 r  clk_100mhz (IN)
                         net (fo=0)                   0.000    13.468    lcw/clk_in1
    N15                  IBUF (Prop_ibuf_I_O)         1.370    14.838 r  lcw/clkin1_ibufg/O
                         net (fo=1, estimated)        1.171    16.010    lcw/clk_in1_clk_wiz_0
    MMCME2_ADV_X0Y0      MMCME2_ADV (Prop_mmcme2_adv_CLKIN1_CLKOUT5)
                                                     -7.279     8.731 r  lcw/mmcm_adv_inst/CLKOUT5
                         net (fo=1, estimated)        1.583    10.314    lcw/clk_passthrough_clk_wiz_0
    BUFGCTRL_X0Y8        BUFG (Prop_bufg_I_O)         0.091    10.405 r  lcw/clkout6_buf/O
                         net (fo=1, estimated)        1.517    11.922    wizard_hdmi/sysclk
    MMCME2_ADV_X1Y0      MMCME2_ADV (Prop_mmcme2_adv_CLKIN1_CLKOUT0)
                                                     -3.187     8.735 r  wizard_hdmi/mmcm_adv_inst/CLKOUT0
                         net (fo=1, estimated)        1.578    10.313    wizard_hdmi/clk_pixel_cw_hdmi
    BUFGCTRL_X0Y2        BUFG (Prop_bufg_I_O)         0.091    10.404 r  wizard_hdmi/clkout1_buf/O
                         net (fo=606, estimated)      1.511    11.915    tmds_red/clk_pixel
    SLICE_X58Y18         FDRE                                         r  tmds_red/cnt_reg[4]/C
                         clock pessimism              0.552    12.466    
                         clock uncertainty           -0.210    12.257    
    SLICE_X58Y18         FDRE (Setup_fdre_C_D)        0.031    12.288    tmds_red/cnt_reg[4]
  -------------------------------------------------------------------
                         required time                         12.288    
                         arrival time                         -16.190    
  -------------------------------------------------------------------
                         slack                                 -3.903    





Min Delay Paths
--------------------------------------------------------------------------------------
Slack (MET) :             0.007ns  (arrival time - required time)
  Source:                 red_ser/pwup_rst_reg/C
                            (rising edge-triggered cell FDRE clocked by clk_pixel_cw_hdmi  {rise@0.000ns fall@6.734ns period=13.468ns})
  Destination:            red_ser/secondary/RST
                            (rising edge-triggered cell OSERDESE2 clocked by clk_pixel_cw_hdmi  {rise@0.000ns fall@6.734ns period=13.468ns})
  Path Group:             clk_pixel_cw_hdmi
  Path Type:              Hold (Min at Fast Process Corner)
  Requirement:            0.000ns  (clk_pixel_cw_hdmi rise@0.000ns - clk_pixel_cw_hdmi rise@0.000ns)
  Data Path Delay:        0.773ns  (logic 0.209ns (27.038%)  route 0.564ns (72.962%))
  Logic Levels:           1  (LUT2=1)
  Clock Path Skew:        0.207ns (DCD - SCD - CPR)
    Destination Clock Delay (DCD):    -0.693ns
    Source Clock Delay      (SCD):    -0.610ns
    Clock Pessimism Removal (CPR):    -0.290ns

    Location             Delay type                Incr(ns)  Path(ns)    Netlist Resource(s)
  -------------------------------------------------------------------    -------------------
                         (clock clk_pixel_cw_hdmi rise edge)
                                                      0.000     0.000 r  
    N15                                               0.000     0.000 r  clk_100mhz (IN)
                         net (fo=0)                   0.000     0.000    lcw/clk_in1
    N15                  IBUF (Prop_ibuf_I_O)         0.209     0.209 r  lcw/clkin1_ibufg/O
                         net (fo=1, estimated)        0.520     0.728    lcw/clk_in1_clk_wiz_0
    MMCME2_ADV_X0Y0      MMCME2_ADV (Prop_mmcme2_adv_CLKIN1_CLKOUT5)
                                                     -2.621    -1.893 r  lcw/mmcm_adv_inst/CLKOUT5
                         net (fo=1, estimated)        0.702    -1.191    lcw/clk_passthrough_clk_wiz_0
    BUFGCTRL_X0Y8        BUFG (Prop_bufg_I_O)         0.026    -1.165 r  lcw/clkout6_buf/O
                         net (fo=1, estimated)        0.595    -0.570    wizard_hdmi/sysclk
    MMCME2_ADV_X1Y0      MMCME2_ADV (Prop_mmcme2_adv_CLKIN1_CLKOUT0)
                                                     -1.321    -1.891 r  wizard_hdmi/mmcm_adv_inst/CLKOUT0
                         net (fo=1, estimated)        0.700    -1.191    wizard_hdmi/clk_pixel_cw_hdmi
    BUFGCTRL_X0Y2        BUFG (Prop_bufg_I_O)         0.026    -1.165 r  wizard_hdmi/clkout1_buf/O
                         net (fo=606, estimated)      0.555    -0.610    red_ser/clk_pixel
    SLICE_X8Y23          FDRE                                         r  red_ser/pwup_rst_reg/C
  -------------------------------------------------------------------    -------------------
    SLICE_X8Y23          FDRE (Prop_fdre_C_Q)         0.164    -0.446 r  red_ser/pwup_rst_reg/Q
                         net (fo=1, estimated)        0.209    -0.236    red_ser/blue_ser/pwup_rst
    SLICE_X8Y23          LUT2 (Prop_lut2_I1_O)        0.045    -0.191 r  red_ser/primary_i_1/O
                         net (fo=6, estimated)        0.354     0.163    red_ser/RST0
    OLOGIC_X0Y23         OSERDESE2                                    r  red_ser/secondary/RST
  -------------------------------------------------------------------    -------------------

                         (clock clk_pixel_cw_hdmi rise edge)
                                                      0.000     0.000 r  
    N15                                               0.000     0.000 r  clk_100mhz (IN)
                         net (fo=0)                   0.000     0.000    lcw/clk_in1
    N15                  IBUF (Prop_ibuf_I_O)         0.396     0.396 r  lcw/clkin1_ibufg/O
                         net (fo=1, estimated)        0.547     0.943    lcw/clk_in1_clk_wiz_0
    MMCME2_ADV_X0Y0      MMCME2_ADV (Prop_mmcme2_adv_CLKIN1_CLKOUT5)
                                                     -3.399    -2.456 r  lcw/mmcm_adv_inst/CLKOUT5
                         net (fo=1, estimated)        0.739    -1.717    lcw/clk_passthrough_clk_wiz_0
    BUFGCTRL_X0Y8        BUFG (Prop_bufg_I_O)         0.029    -1.688 r  lcw/clkout6_buf/O
                         net (fo=1, estimated)        0.864    -0.824    wizard_hdmi/sysclk
    MMCME2_ADV_X1Y0      MMCME2_ADV (Prop_mmcme2_adv_CLKIN1_CLKOUT0)
                                                     -1.631    -2.455 r  wizard_hdmi/mmcm_adv_inst/CLKOUT0
                         net (fo=1, estimated)        0.737    -1.718    wizard_hdmi/clk_pixel_cw_hdmi
    BUFGCTRL_X0Y2        BUFG (Prop_bufg_I_O)         0.029    -1.689 r  wizard_hdmi/clkout1_buf/O
                         net (fo=606, estimated)      0.996    -0.693    red_ser/clk_pixel
    OLOGIC_X0Y23         OSERDESE2                                    r  red_ser/secondary/CLKDIV
                         clock pessimism              0.290    -0.403    
    OLOGIC_X0Y23         OSERDESE2 (Hold_oserdese2_CLKDIV_RST)
                                                      0.559     0.156    red_ser/secondary
  -------------------------------------------------------------------
                         required time                         -0.156    
                         arrival time                           0.163    
  -------------------------------------------------------------------
                         slack                                  0.007    





Pulse Width Checks
--------------------------------------------------------------------------------------
Clock Name:         clk_pixel_cw_hdmi
Waveform(ns):       { 0.000 6.734 }
Period(ns):         13.468
Sources:            { wizard_hdmi/mmcm_adv_inst/CLKOUT0 }

Check Type        Corner  Lib Pin             Reference Pin  Required(ns)  Actual(ns)  Slack(ns)  Location         Pin
Min Period        n/a     DSP48E1/CLK         n/a            3.884         13.468      9.584      DSP48_X0Y7       rgbtoycrcb_m/cbg_reg/CLK
Max Period        n/a     MMCME2_ADV/CLKOUT0  n/a            213.360       13.468      199.892    MMCME2_ADV_X1Y0  wizard_hdmi/mmcm_adv_inst/CLKOUT0
Low Pulse Width   Slow    FDRE/C              n/a            0.500         6.734       6.234      SLICE_X56Y9      addrb_reg[0]/C
High Pulse Width  Slow    FDRE/C              n/a            0.500         6.734       6.234      SLICE_X56Y9      addrb_reg[0]/C



---------------------------------------------------------------------------------------------------
From Clock:  clk_tmds_cw_hdmi
  To Clock:  clk_tmds_cw_hdmi

Setup :           NA  Failing Endpoints,  Worst Slack           NA  ,  Total Violation           NA
Hold  :           NA  Failing Endpoints,  Worst Slack           NA  ,  Total Violation           NA
PW    :            0  Failing Endpoints,  Worst Slack        0.538ns,  Total Violation        0.000ns
---------------------------------------------------------------------------------------------------


Pulse Width Checks
--------------------------------------------------------------------------------------
Clock Name:         clk_tmds_cw_hdmi
Waveform(ns):       { 0.000 1.347 }
Period(ns):         2.694
Sources:            { wizard_hdmi/mmcm_adv_inst/CLKOUT1 }

Check Type  Corner  Lib Pin             Reference Pin  Required(ns)  Actual(ns)  Slack(ns)  Location         Pin
Min Period  n/a     BUFG/I              n/a            2.155         2.694       0.538      BUFGCTRL_X0Y5    wizard_hdmi/clkout2_buf/I
Max Period  n/a     MMCME2_ADV/CLKOUT1  n/a            213.360       2.694       210.666    MMCME2_ADV_X1Y0  wizard_hdmi/mmcm_adv_inst/CLKOUT1



---------------------------------------------------------------------------------------------------
From Clock:  clkfbout_cw_hdmi
  To Clock:  clkfbout_cw_hdmi

Setup :           NA  Failing Endpoints,  Worst Slack           NA  ,  Total Violation           NA
Hold  :           NA  Failing Endpoints,  Worst Slack           NA  ,  Total Violation           NA
PW    :            0  Failing Endpoints,  Worst Slack       47.845ns,  Total Violation        0.000ns
---------------------------------------------------------------------------------------------------


Pulse Width Checks
--------------------------------------------------------------------------------------
Clock Name:         clkfbout_cw_hdmi
Waveform(ns):       { 0.000 25.000 }
Period(ns):         50.000
Sources:            { wizard_hdmi/mmcm_adv_inst/CLKFBOUT }

Check Type  Corner  Lib Pin             Reference Pin  Required(ns)  Actual(ns)  Slack(ns)  Location         Pin
Min Period  n/a     BUFG/I              n/a            2.155         50.000      47.845     BUFGCTRL_X0Y9    wizard_hdmi/clkf_buf/I
Max Period  n/a     MMCME2_ADV/CLKFBIN  n/a            100.000       50.000      50.000     MMCME2_ADV_X1Y0  wizard_hdmi/mmcm_adv_inst/CLKFBIN



---------------------------------------------------------------------------------------------------
From Clock:  clk_xc_clk_wiz_0
  To Clock:  clk_xc_clk_wiz_0

Setup :           NA  Failing Endpoints,  Worst Slack           NA  ,  Total Violation           NA
Hold  :           NA  Failing Endpoints,  Worst Slack           NA  ,  Total Violation           NA
PW    :            0  Failing Endpoints,  Worst Slack       37.845ns,  Total Violation        0.000ns
---------------------------------------------------------------------------------------------------


Pulse Width Checks
--------------------------------------------------------------------------------------
Clock Name:         clk_xc_clk_wiz_0
Waveform(ns):       { 0.000 20.000 }
Period(ns):         40.000
Sources:            { lcw/mmcm_adv_inst/CLKOUT4 }

Check Type  Corner  Lib Pin             Reference Pin  Required(ns)  Actual(ns)  Slack(ns)  Location         Pin
Min Period  n/a     BUFG/I              n/a            2.155         40.000      37.845     BUFGCTRL_X0Y6    lcw/clkout5_buf/I
Max Period  n/a     MMCME2_ADV/CLKOUT4  n/a            213.360       40.000      173.360    MMCME2_ADV_X0Y0  lcw/mmcm_adv_inst/CLKOUT4



---------------------------------------------------------------------------------------------------
From Clock:  clkfbout_clk_wiz_0
  To Clock:  clkfbout_clk_wiz_0

Setup :           NA  Failing Endpoints,  Worst Slack           NA  ,  Total Violation           NA
Hold  :           NA  Failing Endpoints,  Worst Slack           NA  ,  Total Violation           NA
PW    :            0  Failing Endpoints,  Worst Slack        7.845ns,  Total Violation        0.000ns
---------------------------------------------------------------------------------------------------


Pulse Width Checks
--------------------------------------------------------------------------------------
Clock Name:         clkfbout_clk_wiz_0
Waveform(ns):       { 0.000 5.000 }
Period(ns):         10.000
Sources:            { lcw/mmcm_adv_inst/CLKFBOUT }

Check Type  Corner  Lib Pin             Reference Pin  Required(ns)  Actual(ns)  Slack(ns)  Location         Pin
Min Period  n/a     BUFG/I              n/a            2.155         10.000      7.845      BUFGCTRL_X0Y7    lcw/clkf_buf/I
Max Period  n/a     MMCME2_ADV/CLKFBIN  n/a            100.000       10.000      90.000     MMCME2_ADV_X0Y0  lcw/mmcm_adv_inst/CLKFBIN



---------------------------------------------------------------------------------------------------
From Clock:  clk_controller_clk_wiz_0
  To Clock:  clk_camera_clk_wiz_0

Setup :            0  Failing Endpoints,  Worst Slack        4.813ns,  Total Violation        0.000ns
Hold  :           NA  Failing Endpoints,  Worst Slack           NA  ,  Total Violation           NA
---------------------------------------------------------------------------------------------------


Max Delay Paths
--------------------------------------------------------------------------------------
Slack (MET) :             4.813ns  (required time - arrival time)
  Source:                 highdef_fb/camera_data_fifo/xpm_fifo_axis_inst/xpm_fifo_base_inst/gen_cdc_pntr.rd_pntr_cdc_inst/src_gray_ff_reg[3]/C
                            (rising edge-triggered cell FDRE clocked by clk_controller_clk_wiz_0  {rise@0.000ns fall@6.000ns period=12.000ns})
  Destination:            highdef_fb/camera_data_fifo/xpm_fifo_axis_inst/xpm_fifo_base_inst/gen_cdc_pntr.rd_pntr_cdc_inst/dest_graysync_ff_reg[0][3]/D
                            (rising edge-triggered cell FDRE clocked by clk_camera_clk_wiz_0  {rise@0.000ns fall@2.500ns period=5.000ns})
  Path Group:             clk_camera_clk_wiz_0
  Path Type:              Setup (Max at Slow Process Corner)
  Requirement:            6.000ns  (MaxDelay Path 6.000ns)
  Data Path Delay:        0.917ns  (logic 0.478ns (52.126%)  route 0.439ns (47.873%))
  Logic Levels:           0  
  Timing Exception:       MaxDelay Path 6.000ns -datapath_only

    Location             Delay type                Incr(ns)  Path(ns)    Netlist Resource(s)
  -------------------------------------------------------------------    -------------------
    SLICE_X46Y60                                      0.000     0.000 r  highdef_fb/camera_data_fifo/xpm_fifo_axis_inst/xpm_fifo_base_inst/gen_cdc_pntr.rd_pntr_cdc_inst/src_gray_ff_reg[3]/C
    SLICE_X46Y60         FDRE (Prop_fdre_C_Q)         0.478     0.478 r  highdef_fb/camera_data_fifo/xpm_fifo_axis_inst/xpm_fifo_base_inst/gen_cdc_pntr.rd_pntr_cdc_inst/src_gray_ff_reg[3]/Q
                         net (fo=1, estimated)        0.439     0.917    highdef_fb/camera_data_fifo/xpm_fifo_axis_inst/xpm_fifo_base_inst/gen_cdc_pntr.rd_pntr_cdc_inst/async_path[3]
    SLICE_X44Y61         FDRE                                         r  highdef_fb/camera_data_fifo/xpm_fifo_axis_inst/xpm_fifo_base_inst/gen_cdc_pntr.rd_pntr_cdc_inst/dest_graysync_ff_reg[0][3]/D
  -------------------------------------------------------------------    -------------------

                         max delay                    6.000     6.000    
    SLICE_X44Y61         FDRE (Setup_fdre_C_D)       -0.270     5.730    highdef_fb/camera_data_fifo/xpm_fifo_axis_inst/xpm_fifo_base_inst/gen_cdc_pntr.rd_pntr_cdc_inst/dest_graysync_ff_reg[0][3]
  -------------------------------------------------------------------
                         required time                          5.730    
                         arrival time                          -0.917    
  -------------------------------------------------------------------
                         slack                                  4.813    





---------------------------------------------------------------------------------------------------
From Clock:  clk_camera_clk_wiz_0
  To Clock:  clk_controller_clk_wiz_0

Setup :            0  Failing Endpoints,  Worst Slack        4.790ns,  Total Violation        0.000ns
Hold  :           NA  Failing Endpoints,  Worst Slack           NA  ,  Total Violation           NA
---------------------------------------------------------------------------------------------------


Max Delay Paths
--------------------------------------------------------------------------------------
Slack (MET) :             4.790ns  (required time - arrival time)
  Source:                 highdef_fb/camera_data_fifo/xpm_fifo_axis_inst/xpm_fifo_base_inst/gen_cdc_pntr.wr_pntr_cdc_inst/src_gray_ff_reg[1]/C
                            (rising edge-triggered cell FDRE clocked by clk_camera_clk_wiz_0  {rise@0.000ns fall@2.500ns period=5.000ns})
  Destination:            highdef_fb/camera_data_fifo/xpm_fifo_axis_inst/xpm_fifo_base_inst/gen_cdc_pntr.wr_pntr_cdc_inst/dest_graysync_ff_reg[0][1]/D
                            (rising edge-triggered cell FDRE clocked by clk_controller_clk_wiz_0  {rise@0.000ns fall@6.000ns period=12.000ns})
  Path Group:             clk_controller_clk_wiz_0
  Path Type:              Setup (Max at Slow Process Corner)
  Requirement:            6.000ns  (MaxDelay Path 6.000ns)
  Data Path Delay:        0.944ns  (logic 0.478ns (50.636%)  route 0.466ns (49.364%))
  Logic Levels:           0  
  Timing Exception:       MaxDelay Path 6.000ns -datapath_only

    Location             Delay type                Incr(ns)  Path(ns)    Netlist Resource(s)
  -------------------------------------------------------------------    -------------------
    SLICE_X42Y56                                      0.000     0.000 r  highdef_fb/camera_data_fifo/xpm_fifo_axis_inst/xpm_fifo_base_inst/gen_cdc_pntr.wr_pntr_cdc_inst/src_gray_ff_reg[1]/C
    SLICE_X42Y56         FDRE (Prop_fdre_C_Q)         0.478     0.478 r  highdef_fb/camera_data_fifo/xpm_fifo_axis_inst/xpm_fifo_base_inst/gen_cdc_pntr.wr_pntr_cdc_inst/src_gray_ff_reg[1]/Q
                         net (fo=1, estimated)        0.466     0.944    highdef_fb/camera_data_fifo/xpm_fifo_axis_inst/xpm_fifo_base_inst/gen_cdc_pntr.wr_pntr_cdc_inst/async_path[1]
    SLICE_X44Y56         FDRE                                         r  highdef_fb/camera_data_fifo/xpm_fifo_axis_inst/xpm_fifo_base_inst/gen_cdc_pntr.wr_pntr_cdc_inst/dest_graysync_ff_reg[0][1]/D
  -------------------------------------------------------------------    -------------------

                         max delay                    6.000     6.000    
    SLICE_X44Y56         FDRE (Setup_fdre_C_D)       -0.266     5.734    highdef_fb/camera_data_fifo/xpm_fifo_axis_inst/xpm_fifo_base_inst/gen_cdc_pntr.wr_pntr_cdc_inst/dest_graysync_ff_reg[0][1]
  -------------------------------------------------------------------
                         required time                          5.734    
                         arrival time                          -0.944    
  -------------------------------------------------------------------
                         slack                                  4.790    





---------------------------------------------------------------------------------------------------
From Clock:  clk_pixel_cw_hdmi
  To Clock:  clk_controller_clk_wiz_0

Setup :            0  Failing Endpoints,  Worst Slack        4.328ns,  Total Violation        0.000ns
Hold  :           NA  Failing Endpoints,  Worst Slack           NA  ,  Total Violation           NA
---------------------------------------------------------------------------------------------------


Max Delay Paths
--------------------------------------------------------------------------------------
Slack (MET) :             4.328ns  (required time - arrival time)
  Source:                 highdef_fb/pdfifo/xpm_fifo_axis_inst/xpm_fifo_base_inst/gen_cdc_pntr.rd_pntr_cdc_inst/src_gray_ff_reg[1]/C
                            (rising edge-triggered cell FDRE clocked by clk_pixel_cw_hdmi  {rise@0.000ns fall@6.734ns period=13.468ns})
  Destination:            highdef_fb/pdfifo/xpm_fifo_axis_inst/xpm_fifo_base_inst/gen_cdc_pntr.rd_pntr_cdc_inst/dest_graysync_ff_reg[0][1]/D
                            (rising edge-triggered cell FDRE clocked by clk_controller_clk_wiz_0  {rise@0.000ns fall@6.000ns period=12.000ns})
  Path Group:             clk_controller_clk_wiz_0
  Path Type:              Setup (Max at Slow Process Corner)
  Requirement:            6.000ns  (MaxDelay Path 6.000ns)
  Data Path Delay:        1.443ns  (logic 0.478ns (33.125%)  route 0.965ns (66.875%))
  Logic Levels:           0  
  Timing Exception:       MaxDelay Path 6.000ns -datapath_only

    Location             Delay type                Incr(ns)  Path(ns)    Netlist Resource(s)
  -------------------------------------------------------------------    -------------------
    SLICE_X60Y25                                      0.000     0.000 r  highdef_fb/pdfifo/xpm_fifo_axis_inst/xpm_fifo_base_inst/gen_cdc_pntr.rd_pntr_cdc_inst/src_gray_ff_reg[1]/C
    SLICE_X60Y25         FDRE (Prop_fdre_C_Q)         0.478     0.478 r  highdef_fb/pdfifo/xpm_fifo_axis_inst/xpm_fifo_base_inst/gen_cdc_pntr.rd_pntr_cdc_inst/src_gray_ff_reg[1]/Q
                         net (fo=1, estimated)        0.965     1.443    highdef_fb/pdfifo/xpm_fifo_axis_inst/xpm_fifo_base_inst/gen_cdc_pntr.rd_pntr_cdc_inst/async_path[1]
    SLICE_X60Y26         FDRE                                         r  highdef_fb/pdfifo/xpm_fifo_axis_inst/xpm_fifo_base_inst/gen_cdc_pntr.rd_pntr_cdc_inst/dest_graysync_ff_reg[0][1]/D
  -------------------------------------------------------------------    -------------------

                         max delay                    6.000     6.000    
    SLICE_X60Y26         FDRE (Setup_fdre_C_D)       -0.229     5.771    highdef_fb/pdfifo/xpm_fifo_axis_inst/xpm_fifo_base_inst/gen_cdc_pntr.rd_pntr_cdc_inst/dest_graysync_ff_reg[0][1]
  -------------------------------------------------------------------
                         required time                          5.771    
                         arrival time                          -1.443    
  -------------------------------------------------------------------
                         slack                                  4.328    





---------------------------------------------------------------------------------------------------
From Clock:  clk_controller_clk_wiz_0
  To Clock:  clk_pixel_cw_hdmi

Setup :            0  Failing Endpoints,  Worst Slack        4.662ns,  Total Violation        0.000ns
Hold  :           NA  Failing Endpoints,  Worst Slack           NA  ,  Total Violation           NA
---------------------------------------------------------------------------------------------------


Max Delay Paths
--------------------------------------------------------------------------------------
Slack (MET) :             4.662ns  (required time - arrival time)
  Source:                 highdef_fb/pdfifo/xpm_fifo_axis_inst/xpm_fifo_base_inst/gen_cdc_pntr.wr_pntr_cdc_inst/src_gray_ff_reg[5]/C
                            (rising edge-triggered cell FDRE clocked by clk_controller_clk_wiz_0  {rise@0.000ns fall@6.000ns period=12.000ns})
  Destination:            highdef_fb/pdfifo/xpm_fifo_axis_inst/xpm_fifo_base_inst/gen_cdc_pntr.wr_pntr_cdc_inst/dest_graysync_ff_reg[0][5]/D
                            (rising edge-triggered cell FDRE clocked by clk_pixel_cw_hdmi  {rise@0.000ns fall@6.734ns period=13.468ns})
  Path Group:             clk_pixel_cw_hdmi
  Path Type:              Setup (Max at Slow Process Corner)
  Requirement:            6.000ns  (MaxDelay Path 6.000ns)
  Data Path Delay:        1.068ns  (logic 0.478ns (44.757%)  route 0.590ns (55.243%))
  Logic Levels:           0  
  Timing Exception:       MaxDelay Path 6.000ns -datapath_only

    Location             Delay type                Incr(ns)  Path(ns)    Netlist Resource(s)
  -------------------------------------------------------------------    -------------------
    SLICE_X60Y31                                      0.000     0.000 r  highdef_fb/pdfifo/xpm_fifo_axis_inst/xpm_fifo_base_inst/gen_cdc_pntr.wr_pntr_cdc_inst/src_gray_ff_reg[5]/C
    SLICE_X60Y31         FDRE (Prop_fdre_C_Q)         0.478     0.478 r  highdef_fb/pdfifo/xpm_fifo_axis_inst/xpm_fifo_base_inst/gen_cdc_pntr.wr_pntr_cdc_inst/src_gray_ff_reg[5]/Q
                         net (fo=1, estimated)        0.590     1.068    highdef_fb/pdfifo/xpm_fifo_axis_inst/xpm_fifo_base_inst/gen_cdc_pntr.wr_pntr_cdc_inst/async_path[5]
    SLICE_X62Y29         FDRE                                         r  highdef_fb/pdfifo/xpm_fifo_axis_inst/xpm_fifo_base_inst/gen_cdc_pntr.wr_pntr_cdc_inst/dest_graysync_ff_reg[0][5]/D
  -------------------------------------------------------------------    -------------------

                         max delay                    6.000     6.000    
    SLICE_X62Y29         FDRE (Setup_fdre_C_D)       -0.270     5.730    highdef_fb/pdfifo/xpm_fifo_axis_inst/xpm_fifo_base_inst/gen_cdc_pntr.wr_pntr_cdc_inst/dest_graysync_ff_reg[0][5]
  -------------------------------------------------------------------
                         required time                          5.730    
                         arrival time                          -1.068    
  -------------------------------------------------------------------
                         slack                                  4.662    





