Copyright 1986-2022 Xilinx, Inc. All Rights Reserved. Copyright 2022-2025 Advanced Micro Devices, Inc. All Rights Reserved.
---------------------------------------------------------------------------------------------------------------------------------------------
| Tool Version : Vivado v.2025.1 (lin64) Build 6140274 Wed May 21 22:58:25 MDT 2025
| Date         : Wed Nov 26 10:00:01 2025
| Host         : eecs-digital-11 running 64-bit Ubuntu 24.04.3 LTS
| Command      : report_timing_summary -file obj/post_synth_timing_summary.rpt
| Design       : top_level
| Device       : 7s50-csga324
| Speed File   : -1  PRODUCTION 1.23 2018-06-13
| Design State : Synthesized
---------------------------------------------------------------------------------------------------------------------------------------------

Timing Summary Report

------------------------------------------------------------------------------------------------
| Timer Settings
| --------------
------------------------------------------------------------------------------------------------

  Enable Multi Corner Analysis               :  Yes
  Enable Pessimism Removal                   :  Yes
  Pessimism Removal Resolution               :  Nearest Common Node
  Enable Input Delay Default Clock           :  No
  Enable Preset / Clear Arcs                 :  No
  Disable Flight Delays                      :  No
  Ignore I/O Paths                           :  No
  Timing Early Launch at Borrowing Latches   :  No
  Borrow Time for Max Delay Exceptions       :  Yes
  Merge Timing Exceptions                    :  Yes
  Inter-SLR Compensation                     :  Conservative

  Corner  Analyze    Analyze    
  Name    Max Paths  Min Paths  
  ------  ---------  ---------  
  Slow    Yes        Yes        
  Fast    Yes        Yes        


------------------------------------------------------------------------------------------------
| Report Methodology
| ------------------
------------------------------------------------------------------------------------------------

No report available as report_methodology has not been run prior. Run report_methodology on the current design for the summary of methodology violations.



check_timing report

Table of Contents
-----------------
1. checking no_clock (0)
2. checking constant_clock (0)
3. checking pulse_width_clock (0)
4. checking unconstrained_internal_endpoints (0)
5. checking no_input_delay (49)
6. checking no_output_delay (86)
7. checking multiple_clock (0)
8. checking generated_clocks (0)
9. checking loops (0)
10. checking partial_input_delay (0)
11. checking partial_output_delay (0)
12. checking latch_loops (0)

1. checking no_clock (0)
------------------------
 There are 0 register/latch pins with no clock.


2. checking constant_clock (0)
------------------------------
 There are 0 register/latch pins with constant_clock.


3. checking pulse_width_clock (0)
---------------------------------
 There are 0 register/latch pins which need pulse_width check


4. checking unconstrained_internal_endpoints (0)
------------------------------------------------
 There are 0 pins that are not constrained for maximum delay.

 There are 0 pins that are not constrained for maximum delay due to constant clock.


5. checking no_input_delay (49)
-------------------------------
 There are 49 input ports with no input delay specified. (HIGH)

 There are 0 input ports with no input delay but user has a false path constraint.


6. checking no_output_delay (86)
--------------------------------
 There are 86 ports with no output delay specified. (HIGH)

 There are 0 ports with no output delay but user has a false path constraint

 There are 0 ports with no output delay but with a timing clock defined on it or propagating through it


7. checking multiple_clock (0)
------------------------------
 There are 0 register/latch pins with multiple clocks.


8. checking generated_clocks (0)
--------------------------------
 There are 0 generated clocks that are not connected to a clock source.


9. checking loops (0)
---------------------
 There are 0 combinational loops in the design.


10. checking partial_input_delay (0)
------------------------------------
 There are 0 input ports with partial input delay specified.


11. checking partial_output_delay (0)
-------------------------------------
 There are 0 ports with partial output delay specified.


12. checking latch_loops (0)
----------------------------
 There are 0 combinational latch loops in the design through latch input



------------------------------------------------------------------------------------------------
| Design Timing Summary
| ---------------------
------------------------------------------------------------------------------------------------

    WNS(ns)      TNS(ns)  TNS Failing Endpoints  TNS Total Endpoints      WHS(ns)      THS(ns)  THS Failing Endpoints  THS Total Endpoints     WPWS(ns)     TPWS(ns)  TPWS Failing Endpoints  TPWS Total Endpoints  
    -------      -------  ---------------------  -------------------      -------      -------  ---------------------  -------------------     --------     --------  ----------------------  --------------------  
     -6.044     -203.422                     89                11471       -0.172       -7.564                     44                11407        0.264        0.000                       0                  3951  


Timing constraints are not met.


------------------------------------------------------------------------------------------------
| Clock Summary
| -------------
------------------------------------------------------------------------------------------------

Clock                        Waveform(ns)         Period(ns)      Frequency(MHz)
-----                        ------------         ----------      --------------
gclk                         {0.000 4.000}        10.000          100.000         
  clk_camera_clk_wiz_0       {0.000 2.500}        5.000           200.000         
  clk_controller_clk_wiz_0   {0.000 6.000}        12.000          83.333          
  clk_ddr3_90_clk_wiz_0      {0.750 2.250}        3.000           333.333         
  clk_ddr3_clk_wiz_0         {0.000 1.500}        3.000           333.333         
  clk_passthrough_clk_wiz_0  {0.000 5.000}        10.000          100.000         
    clk_pixel_cw_hdmi        {0.000 6.734}        13.468          74.250          
    clk_tmds_cw_hdmi         {0.000 1.347}        2.694           371.250         
    clkfbout_cw_hdmi         {0.000 25.000}       50.000          20.000          
  clk_xc_clk_wiz_0           {0.000 20.000}       40.000          25.000          
  clkfbout_clk_wiz_0         {0.000 5.000}        10.000          100.000         


------------------------------------------------------------------------------------------------
| Intra Clock Table
| -----------------
------------------------------------------------------------------------------------------------

Clock                            WNS(ns)      TNS(ns)  TNS Failing Endpoints  TNS Total Endpoints      WHS(ns)      THS(ns)  THS Failing Endpoints  THS Total Endpoints     WPWS(ns)     TPWS(ns)  TPWS Failing Endpoints  TPWS Total Endpoints  
-----                            -------      -------  ---------------------  -------------------      -------      -------  ---------------------  -------------------     --------     --------  ----------------------  --------------------  
gclk                                                                                                                                                                           2.000        0.000                       0                     1  
  clk_camera_clk_wiz_0            -0.388      -13.296                     47                 2164        0.045        0.000                      0                 2164        0.264        0.000                       0                   678  
  clk_controller_clk_wiz_0         1.827        0.000                      0                 7639       -0.172       -7.564                     44                 7639        4.750        0.000                       0                  2644  
  clk_ddr3_90_clk_wiz_0                                                                                                                                                        0.845        0.000                       0                    20  
  clk_ddr3_clk_wiz_0                                                                                                                                                           0.845        0.000                       0                    64  
  clk_passthrough_clk_wiz_0                                                                                                                                                    3.000        0.000                       0                     3  
    clk_pixel_cw_hdmi             -6.044     -190.126                     42                 1604        0.003        0.000                      0                 1604        6.234        0.000                       0                   525  
    clk_tmds_cw_hdmi                                                                                                                                                           0.538        0.000                       0                     8  
    clkfbout_cw_hdmi                                                                                                                                                          47.845        0.000                       0                     3  
  clk_xc_clk_wiz_0                                                                                                                                                            37.845        0.000                       0                     2  
  clkfbout_clk_wiz_0                                                                                                                                                           7.845        0.000                       0                     3  


------------------------------------------------------------------------------------------------
| Inter Clock Table
| -----------------
------------------------------------------------------------------------------------------------

From Clock                To Clock                      WNS(ns)      TNS(ns)  TNS Failing Endpoints  TNS Total Endpoints      WHS(ns)      THS(ns)  THS Failing Endpoints  THS Total Endpoints  
----------                --------                      -------      -------  ---------------------  -------------------      -------      -------  ---------------------  -------------------  
clk_controller_clk_wiz_0  clk_camera_clk_wiz_0            4.913        0.000                      0                   16                                                                        
clk_camera_clk_wiz_0      clk_controller_clk_wiz_0        4.979        0.000                      0                   16                                                                        
clk_pixel_cw_hdmi         clk_controller_clk_wiz_0        4.913        0.000                      0                   16                                                                        
clk_controller_clk_wiz_0  clk_pixel_cw_hdmi               4.979        0.000                      0                   16                                                                        


------------------------------------------------------------------------------------------------
| Other Path Groups Table
| -----------------------
------------------------------------------------------------------------------------------------

Path Group    From Clock    To Clock          WNS(ns)      TNS(ns)  TNS Failing Endpoints  TNS Total Endpoints      WHS(ns)      THS(ns)  THS Failing Endpoints  THS Total Endpoints  
----------    ----------    --------          -------      -------  ---------------------  -------------------      -------      -------  ---------------------  -------------------  


------------------------------------------------------------------------------------------------
| Timing Details
| --------------
------------------------------------------------------------------------------------------------


---------------------------------------------------------------------------------------------------
From Clock:  gclk
  To Clock:  gclk

Setup :           NA  Failing Endpoints,  Worst Slack           NA  ,  Total Violation           NA
Hold  :           NA  Failing Endpoints,  Worst Slack           NA  ,  Total Violation           NA
PW    :            0  Failing Endpoints,  Worst Slack        2.000ns,  Total Violation        0.000ns
---------------------------------------------------------------------------------------------------


Pulse Width Checks
--------------------------------------------------------------------------------------
Clock Name:         gclk
Waveform(ns):       { 0.000 4.000 }
Period(ns):         10.000
Sources:            { clk_100mhz }

Check Type        Corner  Lib Pin            Reference Pin  Required(ns)  Actual(ns)  Slack(ns)  Location  Pin
Min Period        n/a     MMCME2_ADV/CLKIN1  n/a            1.249         10.000      8.751                lcw/mmcm_adv_inst/CLKIN1
Max Period        n/a     MMCME2_ADV/CLKIN1  n/a            100.000       10.000      90.000               lcw/mmcm_adv_inst/CLKIN1
Low Pulse Width   Slow    MMCME2_ADV/CLKIN1  n/a            2.000         6.000       4.000                lcw/mmcm_adv_inst/CLKIN1
High Pulse Width  Slow    MMCME2_ADV/CLKIN1  n/a            2.000         4.000       2.000                lcw/mmcm_adv_inst/CLKIN1



---------------------------------------------------------------------------------------------------
From Clock:  clk_camera_clk_wiz_0
  To Clock:  clk_camera_clk_wiz_0

Setup :           47  Failing Endpoints,  Worst Slack       -0.388ns,  Total Violation      -13.296ns
Hold  :            0  Failing Endpoints,  Worst Slack        0.045ns,  Total Violation        0.000ns
PW    :            0  Failing Endpoints,  Worst Slack        0.264ns,  Total Violation        0.000ns
---------------------------------------------------------------------------------------------------


Max Delay Paths
--------------------------------------------------------------------------------------
Slack (VIOLATED) :        -0.388ns  (required time - arrival time)
  Source:                 crw/sccb_c/delay_reg_reg[13]/C
                            (rising edge-triggered cell FDRE clocked by clk_camera_clk_wiz_0  {rise@0.000ns fall@2.500ns period=5.000ns})
  Destination:            crw/sccb_c/delay_reg_reg[0]/CE
                            (rising edge-triggered cell FDRE clocked by clk_camera_clk_wiz_0  {rise@0.000ns fall@2.500ns period=5.000ns})
  Path Group:             clk_camera_clk_wiz_0
  Path Type:              Setup (Max at Slow Process Corner)
  Requirement:            5.000ns  (clk_camera_clk_wiz_0 rise@5.000ns - clk_camera_clk_wiz_0 rise@0.000ns)
  Data Path Delay:        4.974ns  (logic 1.371ns (27.563%)  route 3.603ns (72.437%))
  Logic Levels:           6  (LUT2=1 LUT4=1 LUT5=1 LUT6=3)
  Clock Path Skew:        -0.145ns (DCD - SCD + CPR)
    Destination Clock Delay (DCD):    -2.279ns = ( 2.721 - 5.000 ) 
    Source Clock Delay      (SCD):    -1.604ns
    Clock Pessimism Removal (CPR):    0.530ns
  Clock Uncertainty:      0.067ns  ((TSJ^2 + DJ^2)^1/2) / 2 + PE
    Total System Jitter     (TSJ):    0.071ns
    Discrete Jitter          (DJ):    0.113ns
    Phase Error              (PE):    0.000ns

    Location             Delay type                Incr(ns)  Path(ns)    Netlist Resource(s)
  -------------------------------------------------------------------    -------------------
                         (clock clk_camera_clk_wiz_0 rise edge)
                                                      0.000     0.000 r  
    N15                                               0.000     0.000 r  clk_100mhz (IN)
                         net (fo=0)                   0.000     0.000    lcw/clk_in1
    N15                  IBUF (Prop_ibuf_I_O)         1.440     1.440 r  lcw/clkin1_ibufg/O
                         net (fo=1, unplaced)         0.584     2.024    lcw/clk_in1_clk_wiz_0
                         MMCME2_ADV (Prop_mmcme2_adv_CLKIN1_CLKOUT3)
                                                     -5.108    -3.083 r  lcw/mmcm_adv_inst/CLKOUT3
                         net (fo=1, unplaced)         0.800    -2.284    lcw/clk_camera_clk_wiz_0
                         BUFG (Prop_bufg_I_O)         0.096    -2.188 r  lcw/clkout4_buf/O
                         net (fo=676, unplaced)       0.584    -1.604    crw/sccb_c/clk_camera
                         FDRE                                         r  crw/sccb_c/delay_reg_reg[13]/C
  -------------------------------------------------------------------    -------------------
                         FDRE (Prop_fdre_C_Q)         0.456    -1.148 r  crw/sccb_c/delay_reg_reg[13]/Q
                         net (fo=3, unplaced)         0.759    -0.389    crw/sccb_c/delay_reg[13]
                         LUT4 (Prop_lut4_I1_O)        0.295    -0.094 r  crw/sccb_c/delay_reg[0]_i_5/O
                         net (fo=1, unplaced)         0.449     0.355    crw/sccb_c/delay_reg[0]_i_5_n_0
                         LUT5 (Prop_lut5_I4_O)        0.124     0.479 r  crw/sccb_c/delay_reg[0]_i_4/O
                         net (fo=1, unplaced)         0.449     0.928    crw/sccb_c/delay_reg[0]_i_4_n_0
                         LUT6 (Prop_lut6_I5_O)        0.124     1.052 r  crw/sccb_c/delay_reg[0]_i_2/O
                         net (fo=2, unplaced)         0.460     1.512    crw/sccb_c/delay_reg[0]_i_2_n_0
                         LUT2 (Prop_lut2_I0_O)        0.124     1.636 r  crw/sccb_c/FSM_sequential_phy_state_reg[3]_i_3/O
                         net (fo=19, unplaced)        0.508     2.144    crw/sccb_c/FSM_sequential_phy_state_reg[3]_i_3_n_0
                         LUT6 (Prop_lut6_I2_O)        0.124     2.268 r  crw/sccb_c/delay_reg[16]_i_3/O
                         net (fo=1, unplaced)         0.449     2.717    crw/sccb_c/delay_reg[16]_i_3_n_0
                         LUT6 (Prop_lut6_I5_O)        0.124     2.841 r  crw/sccb_c/delay_reg[16]_i_1/O
                         net (fo=17, unplaced)        0.529     3.370    crw/sccb_c/delay_reg[16]_i_1_n_0
                         FDRE                                         r  crw/sccb_c/delay_reg_reg[0]/CE
  -------------------------------------------------------------------    -------------------

                         (clock clk_camera_clk_wiz_0 rise edge)
                                                      5.000     5.000 r  
    N15                                               0.000     5.000 r  clk_100mhz (IN)
                         net (fo=0)                   0.000     5.000    lcw/clk_in1
    N15                  IBUF (Prop_ibuf_I_O)         1.370     6.370 r  lcw/clkin1_ibufg/O
                         net (fo=1, unplaced)         0.439     6.809    lcw/clk_in1_clk_wiz_0
                         MMCME2_ADV (Prop_mmcme2_adv_CLKIN1_CLKOUT3)
                                                     -5.378     1.431 r  lcw/mmcm_adv_inst/CLKOUT3
                         net (fo=1, unplaced)         0.760     2.191    lcw/clk_camera_clk_wiz_0
                         BUFG (Prop_bufg_I_O)         0.091     2.282 r  lcw/clkout4_buf/O
                         net (fo=676, unplaced)       0.439     2.721    crw/sccb_c/clk_camera
                         FDRE                                         r  crw/sccb_c/delay_reg_reg[0]/C
                         clock pessimism              0.530     3.251    
                         clock uncertainty           -0.067     3.185    
                         FDRE (Setup_fdre_C_CE)      -0.202     2.983    crw/sccb_c/delay_reg_reg[0]
  -------------------------------------------------------------------
                         required time                          2.983    
                         arrival time                          -3.370    
  -------------------------------------------------------------------
                         slack                                 -0.388    





Min Delay Paths
--------------------------------------------------------------------------------------
Slack (MET) :             0.045ns  (arrival time - required time)
  Source:                 highdef_fb/camera_data_fifo/xpm_fifo_axis_inst/gaxis_rst_sync.xpm_cdc_sync_rst_inst/syncstages_ff_reg[0]/C
                            (rising edge-triggered cell FDRE clocked by clk_camera_clk_wiz_0  {rise@0.000ns fall@2.500ns period=5.000ns})
  Destination:            highdef_fb/camera_data_fifo/xpm_fifo_axis_inst/gaxis_rst_sync.xpm_cdc_sync_rst_inst/syncstages_ff_reg[1]/D
                            (rising edge-triggered cell FDRE clocked by clk_camera_clk_wiz_0  {rise@0.000ns fall@2.500ns period=5.000ns})
  Path Group:             clk_camera_clk_wiz_0
  Path Type:              Hold (Min at Fast Process Corner)
  Requirement:            0.000ns  (clk_camera_clk_wiz_0 rise@0.000ns - clk_camera_clk_wiz_0 rise@0.000ns)
  Data Path Delay:        0.228ns  (logic 0.147ns (64.493%)  route 0.081ns (35.507%))
  Logic Levels:           0  
  Clock Path Skew:        0.145ns (DCD - SCD - CPR)
    Destination Clock Delay (DCD):    -1.112ns
    Source Clock Delay      (SCD):    -0.976ns
    Clock Pessimism Removal (CPR):    -0.281ns

    Location             Delay type                Incr(ns)  Path(ns)    Netlist Resource(s)
  -------------------------------------------------------------------    -------------------
                         (clock clk_camera_clk_wiz_0 rise edge)
                                                      0.000     0.000 r  
    N15                                               0.000     0.000 r  clk_100mhz (IN)
                         net (fo=0)                   0.000     0.000    lcw/clk_in1
    N15                  IBUF (Prop_ibuf_I_O)         0.209     0.209 r  lcw/clkin1_ibufg/O
                         net (fo=1, unplaced)         0.114     0.323    lcw/clk_in1_clk_wiz_0
                         MMCME2_ADV (Prop_mmcme2_adv_CLKIN1_CLKOUT3)
                                                     -1.776    -1.454 r  lcw/mmcm_adv_inst/CLKOUT3
                         net (fo=1, unplaced)         0.337    -1.116    lcw/clk_camera_clk_wiz_0
                         BUFG (Prop_bufg_I_O)         0.026    -1.090 r  lcw/clkout4_buf/O
                         net (fo=676, unplaced)       0.114    -0.976    highdef_fb/camera_data_fifo/xpm_fifo_axis_inst/gaxis_rst_sync.xpm_cdc_sync_rst_inst/dest_clk
                         FDRE                                         r  highdef_fb/camera_data_fifo/xpm_fifo_axis_inst/gaxis_rst_sync.xpm_cdc_sync_rst_inst/syncstages_ff_reg[0]/C
  -------------------------------------------------------------------    -------------------
                         FDRE (Prop_fdre_C_Q)         0.147    -0.829 r  highdef_fb/camera_data_fifo/xpm_fifo_axis_inst/gaxis_rst_sync.xpm_cdc_sync_rst_inst/syncstages_ff_reg[0]/Q
                         net (fo=1, unplaced)         0.081    -0.748    highdef_fb/camera_data_fifo/xpm_fifo_axis_inst/gaxis_rst_sync.xpm_cdc_sync_rst_inst/syncstages_ff[0]
                         FDRE                                         r  highdef_fb/camera_data_fifo/xpm_fifo_axis_inst/gaxis_rst_sync.xpm_cdc_sync_rst_inst/syncstages_ff_reg[1]/D
  -------------------------------------------------------------------    -------------------

                         (clock clk_camera_clk_wiz_0 rise edge)
                                                      0.000     0.000 r  
    N15                                               0.000     0.000 r  clk_100mhz (IN)
                         net (fo=0)                   0.000     0.000    lcw/clk_in1
    N15                  IBUF (Prop_ibuf_I_O)         0.396     0.396 r  lcw/clkin1_ibufg/O
                         net (fo=1, unplaced)         0.259     0.655    lcw/clk_in1_clk_wiz_0
                         MMCME2_ADV (Prop_mmcme2_adv_CLKIN1_CLKOUT3)
                                                     -2.410    -1.755 r  lcw/mmcm_adv_inst/CLKOUT3
                         net (fo=1, unplaced)         0.355    -1.400    lcw/clk_camera_clk_wiz_0
                         BUFG (Prop_bufg_I_O)         0.029    -1.371 r  lcw/clkout4_buf/O
                         net (fo=676, unplaced)       0.259    -1.112    highdef_fb/camera_data_fifo/xpm_fifo_axis_inst/gaxis_rst_sync.xpm_cdc_sync_rst_inst/dest_clk
                         FDRE                                         r  highdef_fb/camera_data_fifo/xpm_fifo_axis_inst/gaxis_rst_sync.xpm_cdc_sync_rst_inst/syncstages_ff_reg[1]/C
                         clock pessimism              0.281    -0.831    
                         FDRE (Hold_fdre_C_D)         0.038    -0.793    highdef_fb/camera_data_fifo/xpm_fifo_axis_inst/gaxis_rst_sync.xpm_cdc_sync_rst_inst/syncstages_ff_reg[1]
  -------------------------------------------------------------------
                         required time                          0.793    
                         arrival time                          -0.748    
  -------------------------------------------------------------------
                         slack                                  0.045    





Pulse Width Checks
--------------------------------------------------------------------------------------
Clock Name:         clk_camera_clk_wiz_0
Waveform(ns):       { 0.000 2.500 }
Period(ns):         5.000
Sources:            { lcw/mmcm_adv_inst/CLKOUT3 }

Check Type        Corner  Lib Pin            Reference Pin  Required(ns)  Actual(ns)  Slack(ns)  Location  Pin
Min Period        n/a     IDELAYCTRL/REFCLK  n/a            3.225         5.000       1.775                highdef_fb/ddr3_top/ddr3_phy_inst/IDELAYCTRL_inst/REFCLK
Max Period        n/a     IDELAYCTRL/REFCLK  n/a            5.264         5.000       0.264                highdef_fb/ddr3_top/ddr3_phy_inst/IDELAYCTRL_inst/REFCLK
Low Pulse Width   Slow    FDRE/C             n/a            0.500         2.500       2.000                addra_reg[0]/C
High Pulse Width  Slow    FDRE/C             n/a            0.500         2.500       2.000                addra_reg[0]/C



---------------------------------------------------------------------------------------------------
From Clock:  clk_controller_clk_wiz_0
  To Clock:  clk_controller_clk_wiz_0

Setup :            0  Failing Endpoints,  Worst Slack        1.827ns,  Total Violation        0.000ns
Hold  :           44  Failing Endpoints,  Worst Slack       -0.172ns,  Total Violation       -7.564ns
PW    :            0  Failing Endpoints,  Worst Slack        4.750ns,  Total Violation        0.000ns
---------------------------------------------------------------------------------------------------


Max Delay Paths
--------------------------------------------------------------------------------------
Slack (MET) :             1.827ns  (required time - arrival time)
  Source:                 highdef_fb/ddr3_top/ddr3_controller_inst/bank_status_q_reg[7]/C
                            (rising edge-triggered cell FDRE clocked by clk_controller_clk_wiz_0  {rise@0.000ns fall@6.000ns period=12.000ns})
  Destination:            highdef_fb/ddr3_top/ddr3_controller_inst/o_wb_stall_calib_reg/D
                            (rising edge-triggered cell FDRE clocked by clk_controller_clk_wiz_0  {rise@0.000ns fall@6.000ns period=12.000ns})
  Path Group:             clk_controller_clk_wiz_0
  Path Type:              Setup (Max at Slow Process Corner)
  Requirement:            12.000ns  (clk_controller_clk_wiz_0 rise@12.000ns - clk_controller_clk_wiz_0 rise@0.000ns)
  Data Path Delay:        9.981ns  (logic 3.862ns (38.694%)  route 6.119ns (61.306%))
  Logic Levels:           15  (CARRY4=2 LUT2=1 LUT3=1 LUT4=1 LUT5=3 LUT6=5 MUXF7=2)
  Clock Path Skew:        -0.145ns (DCD - SCD + CPR)
    Destination Clock Delay (DCD):    -2.063ns = ( 9.937 - 12.000 ) 
    Source Clock Delay      (SCD):    -1.388ns
    Clock Pessimism Removal (CPR):    0.530ns
  Clock Uncertainty:      0.076ns  ((TSJ^2 + DJ^2)^1/2) / 2 + PE
    Total System Jitter     (TSJ):    0.071ns
    Discrete Jitter          (DJ):    0.134ns
    Phase Error              (PE):    0.000ns

    Location             Delay type                Incr(ns)  Path(ns)    Netlist Resource(s)
  -------------------------------------------------------------------    -------------------
                         (clock clk_controller_clk_wiz_0 rise edge)
                                                      0.000     0.000 r  
    N15                                               0.000     0.000 r  clk_100mhz (IN)
                         net (fo=0)                   0.000     0.000    lcw/clk_in1
    N15                  IBUF (Prop_ibuf_I_O)         1.440     1.440 r  lcw/clkin1_ibufg/O
                         net (fo=1, unplaced)         0.584     2.024    lcw/clk_in1_clk_wiz_0
                         MMCME2_ADV (Prop_mmcme2_adv_CLKIN1_CLKOUT0)
                                                     -5.108    -3.083 r  lcw/mmcm_adv_inst/CLKOUT0
                         net (fo=1, unplaced)         0.800    -2.284    lcw/clk_controller_clk_wiz_0
                         BUFG (Prop_bufg_I_O)         0.096    -2.188 r  lcw/clkout1_buf/O
                         net (fo=2642, unplaced)      0.800    -1.388    highdef_fb/ddr3_top/ddr3_controller_inst/i_controller_clk
                         FDRE                                         r  highdef_fb/ddr3_top/ddr3_controller_inst/bank_status_q_reg[7]/C
  -------------------------------------------------------------------    -------------------
                         FDRE (Prop_fdre_C_Q)         0.456    -0.932 r  highdef_fb/ddr3_top/ddr3_controller_inst/bank_status_q_reg[7]/Q
                         net (fo=3, unplaced)         0.983     0.051    highdef_fb/ddr3_top/ddr3_controller_inst/bank_status_q_reg_n_0_[7]
                         LUT6 (Prop_lut6_I0_O)        0.295     0.346 r  highdef_fb/ddr3_top/ddr3_controller_inst/o_phy_cmd[64]_INST_0_i_3/O
                         net (fo=1, unplaced)         0.000     0.346    highdef_fb/ddr3_top/ddr3_controller_inst/o_phy_cmd[64]_INST_0_i_3_n_0
                         MUXF7 (Prop_muxf7_I1_O)      0.247     0.593 r  highdef_fb/ddr3_top/ddr3_controller_inst/o_phy_cmd[64]_INST_0_i_1/O
                         net (fo=48, unplaced)        0.533     1.126    highdef_fb/ddr3_top/ddr3_controller_inst/o_phy_cmd[64]_INST_0_i_1_n_0
                         LUT2 (Prop_lut2_I0_O)        0.290     1.416 r  highdef_fb/ddr3_top/ddr3_controller_inst/o_phy_cmd[70]_INST_0_i_1/O
                         net (fo=21, unplaced)        0.510     1.926    highdef_fb/ddr3_top/ddr3_controller_inst/o_phy_cmd[70]_INST_0_i_1_n_0
                         LUT3 (Prop_lut3_I0_O)        0.124     2.050 f  highdef_fb/ddr3_top/ddr3_controller_inst/o_phy_cmd[70]_INST_0_i_2/O
                         net (fo=32, unplaced)        0.520     2.570    highdef_fb/ddr3_top/ddr3_controller_inst/o_phy_cmd[70]_INST_0_i_2_n_0
                         LUT4 (Prop_lut4_I3_O)        0.124     2.694 r  highdef_fb/ddr3_top/ddr3_controller_inst/delay_before_precharge_counter_q[6][2]_i_3/O
                         net (fo=18, unplaced)        0.506     3.200    highdef_fb/ddr3_top/ddr3_controller_inst/delay_before_precharge_counter_q[6][2]_i_3_n_0
                         LUT5 (Prop_lut5_I1_O)        0.124     3.324 r  highdef_fb/ddr3_top/ddr3_controller_inst/bank_active_row_q[6][2]_i_1/O
                         net (fo=3, unplaced)         0.920     4.244    highdef_fb/ddr3_top/ddr3_controller_inst/bank_active_row_q[6][2]_i_1_n_0
                         LUT6 (Prop_lut6_I1_O)        0.124     4.368 r  highdef_fb/ddr3_top/ddr3_controller_inst/o_wb_stall_q_i_194/O
                         net (fo=1, unplaced)         0.000     4.368    highdef_fb/ddr3_top/ddr3_controller_inst/o_wb_stall_q_i_194_n_0
                         MUXF7 (Prop_muxf7_I1_O)      0.247     4.615 r  highdef_fb/ddr3_top/ddr3_controller_inst/o_wb_stall_q_reg_i_133/O
                         net (fo=1, unplaced)         0.452     5.067    highdef_fb/ddr3_top/ddr3_controller_inst/o_wb_stall_q_reg_i_133_n_0
                         LUT6 (Prop_lut6_I4_O)        0.298     5.365 f  highdef_fb/ddr3_top/ddr3_controller_inst/o_wb_stall_q_i_83/O
                         net (fo=1, unplaced)         0.449     5.814    highdef_fb/ddr3_top/ddr3_controller_inst/o_wb_stall_q_i_83_n_0
                         LUT5 (Prop_lut5_I4_O)        0.124     5.938 r  highdef_fb/ddr3_top/ddr3_controller_inst/o_wb_stall_q_i_35/O
                         net (fo=1, unplaced)         0.000     5.938    highdef_fb/ddr3_top/ddr3_controller_inst/o_wb_stall_q_i_35_n_0
                         CARRY4 (Prop_carry4_S[0]_CO[3])
                                                      0.513     6.451 r  highdef_fb/ddr3_top/ddr3_controller_inst/o_wb_stall_q_reg_i_15/CO[3]
                         net (fo=1, unplaced)         0.009     6.460    highdef_fb/ddr3_top/ddr3_controller_inst/o_wb_stall_q_reg_i_15_n_0
                         CARRY4 (Prop_carry4_CI_CO[0])
                                                      0.281     6.741 f  highdef_fb/ddr3_top/ddr3_controller_inst/o_wb_stall_q_reg_i_6/CO[0]
                         net (fo=1, unplaced)         0.311     7.052    highdef_fb/ddr3_top/ddr3_controller_inst/stage2_stall2
                         LUT6 (Prop_lut6_I0_O)        0.367     7.419 r  highdef_fb/ddr3_top/ddr3_controller_inst/o_wb_stall_q_i_2/O
                         net (fo=1, unplaced)         0.449     7.868    highdef_fb/ddr3_top/ddr3_controller_inst/o_wb_stall_q_i_2_n_0
                         LUT6 (Prop_lut6_I0_O)        0.124     7.992 r  highdef_fb/ddr3_top/ddr3_controller_inst/o_wb_stall_q_i_1/O
                         net (fo=5, unplaced)         0.477     8.469    highdef_fb/ddr3_top/ddr3_controller_inst/o_wb_stall_d22_out
                         LUT5 (Prop_lut5_I1_O)        0.124     8.593 r  highdef_fb/ddr3_top/ddr3_controller_inst/o_wb_stall_calib_i_1/O
                         net (fo=1, unplaced)         0.000     8.593    highdef_fb/ddr3_top/ddr3_controller_inst/o_wb_stall_calib_i_1_n_0
                         FDRE                                         r  highdef_fb/ddr3_top/ddr3_controller_inst/o_wb_stall_calib_reg/D
  -------------------------------------------------------------------    -------------------

                         (clock clk_controller_clk_wiz_0 rise edge)
                                                     12.000    12.000 r  
    N15                                               0.000    12.000 r  clk_100mhz (IN)
                         net (fo=0)                   0.000    12.000    lcw/clk_in1
    N15                  IBUF (Prop_ibuf_I_O)         1.370    13.370 r  lcw/clkin1_ibufg/O
                         net (fo=1, unplaced)         0.439    13.809    lcw/clk_in1_clk_wiz_0
                         MMCME2_ADV (Prop_mmcme2_adv_CLKIN1_CLKOUT0)
                                                     -5.378     8.431 r  lcw/mmcm_adv_inst/CLKOUT0
                         net (fo=1, unplaced)         0.760     9.191    lcw/clk_controller_clk_wiz_0
                         BUFG (Prop_bufg_I_O)         0.091     9.282 r  lcw/clkout1_buf/O
                         net (fo=2642, unplaced)      0.655     9.937    highdef_fb/ddr3_top/ddr3_controller_inst/i_controller_clk
                         FDRE                                         r  highdef_fb/ddr3_top/ddr3_controller_inst/o_wb_stall_calib_reg/C
                         clock pessimism              0.530    10.467    
                         clock uncertainty           -0.076    10.391    
                         FDRE (Setup_fdre_C_D)        0.029    10.420    highdef_fb/ddr3_top/ddr3_controller_inst/o_wb_stall_calib_reg
  -------------------------------------------------------------------
                         required time                         10.420    
                         arrival time                          -8.593    
  -------------------------------------------------------------------
                         slack                                  1.827    





Min Delay Paths
--------------------------------------------------------------------------------------
Slack (VIOLATED) :        -0.172ns  (arrival time - required time)
  Source:                 highdef_fb/ddr3_top/ddr3_phy_inst/sync_rst_reg/C
                            (rising edge-triggered cell FDSE clocked by clk_controller_clk_wiz_0  {rise@0.000ns fall@6.000ns period=12.000ns})
  Destination:            highdef_fb/ddr3_top/ddr3_phy_inst/genblk1[0].OSERDESE2_cmd/RST
                            (rising edge-triggered cell OSERDESE2 clocked by clk_controller_clk_wiz_0  {rise@0.000ns fall@6.000ns period=12.000ns})
  Path Group:             clk_controller_clk_wiz_0
  Path Type:              Hold (Min at Fast Process Corner)
  Requirement:            0.000ns  (clk_controller_clk_wiz_0 rise@0.000ns - clk_controller_clk_wiz_0 rise@0.000ns)
  Data Path Delay:        0.478ns  (logic 0.141ns (29.492%)  route 0.337ns (70.508%))
  Logic Levels:           0  
  Clock Path Skew:        0.145ns (DCD - SCD - CPR)
    Destination Clock Delay (DCD):    -1.016ns
    Source Clock Delay      (SCD):    -0.881ns
    Clock Pessimism Removal (CPR):    -0.281ns

    Location             Delay type                Incr(ns)  Path(ns)    Netlist Resource(s)
  -------------------------------------------------------------------    -------------------
                         (clock clk_controller_clk_wiz_0 rise edge)
                                                      0.000     0.000 r  
    N15                                               0.000     0.000 r  clk_100mhz (IN)
                         net (fo=0)                   0.000     0.000    lcw/clk_in1
    N15                  IBUF (Prop_ibuf_I_O)         0.209     0.209 r  lcw/clkin1_ibufg/O
                         net (fo=1, unplaced)         0.114     0.323    lcw/clk_in1_clk_wiz_0
                         MMCME2_ADV (Prop_mmcme2_adv_CLKIN1_CLKOUT0)
                                                     -1.776    -1.454 r  lcw/mmcm_adv_inst/CLKOUT0
                         net (fo=1, unplaced)         0.337    -1.116    lcw/clk_controller_clk_wiz_0
                         BUFG (Prop_bufg_I_O)         0.026    -1.090 r  lcw/clkout1_buf/O
                         net (fo=2642, unplaced)      0.210    -0.881    highdef_fb/ddr3_top/ddr3_phy_inst/clk_controller
                         FDSE                                         r  highdef_fb/ddr3_top/ddr3_phy_inst/sync_rst_reg/C
  -------------------------------------------------------------------    -------------------
                         FDSE (Prop_fdse_C_Q)         0.141    -0.740 r  highdef_fb/ddr3_top/ddr3_phy_inst/sync_rst_reg/Q
                         net (fo=63, unplaced)        0.337    -0.402    highdef_fb/ddr3_top/ddr3_phy_inst/sync_rst
    OLOGIC_X1Y18         OSERDESE2                                    r  highdef_fb/ddr3_top/ddr3_phy_inst/genblk1[0].OSERDESE2_cmd/RST
  -------------------------------------------------------------------    -------------------

                         (clock clk_controller_clk_wiz_0 rise edge)
                                                      0.000     0.000 r  
    N15                                               0.000     0.000 r  clk_100mhz (IN)
                         net (fo=0)                   0.000     0.000    lcw/clk_in1
    N15                  IBUF (Prop_ibuf_I_O)         0.396     0.396 r  lcw/clkin1_ibufg/O
                         net (fo=1, unplaced)         0.259     0.655    lcw/clk_in1_clk_wiz_0
                         MMCME2_ADV (Prop_mmcme2_adv_CLKIN1_CLKOUT0)
                                                     -2.410    -1.755 r  lcw/mmcm_adv_inst/CLKOUT0
                         net (fo=1, unplaced)         0.355    -1.400    lcw/clk_controller_clk_wiz_0
                         BUFG (Prop_bufg_I_O)         0.029    -1.371 r  lcw/clkout1_buf/O
                         net (fo=2642, unplaced)      0.355    -1.016    highdef_fb/ddr3_top/ddr3_phy_inst/clk_controller
    OLOGIC_X1Y18         OSERDESE2                                    r  highdef_fb/ddr3_top/ddr3_phy_inst/genblk1[0].OSERDESE2_cmd/CLKDIV
                         clock pessimism              0.281    -0.736    
    OLOGIC_X1Y18         OSERDESE2 (Hold_oserdese2_CLKDIV_RST)
                                                      0.505    -0.231    highdef_fb/ddr3_top/ddr3_phy_inst/genblk1[0].OSERDESE2_cmd
  -------------------------------------------------------------------
                         required time                          0.231    
                         arrival time                          -0.402    
  -------------------------------------------------------------------
                         slack                                 -0.172    





Pulse Width Checks
--------------------------------------------------------------------------------------
Clock Name:         clk_controller_clk_wiz_0
Waveform(ns):       { 0.000 6.000 }
Period(ns):         12.000
Sources:            { lcw/mmcm_adv_inst/CLKOUT0 }

Check Type        Corner  Lib Pin             Reference Pin  Required(ns)  Actual(ns)  Slack(ns)  Location  Pin
Min Period        n/a     RAMB36E1/CLKARDCLK  n/a            2.576         12.000      9.424                highdef_fb/camera_data_fifo/xpm_fifo_axis_inst/xpm_fifo_base_inst/gen_sdpram.xpm_memory_base_inst/gen_wr_a.gen_word_narrow.mem_reg_0/CLKARDCLK
Max Period        n/a     MMCME2_ADV/CLKOUT0  n/a            213.360       12.000      201.360              lcw/mmcm_adv_inst/CLKOUT0
Low Pulse Width   Slow    RAMD64E/CLK         n/a            1.250         6.000       4.750                highdef_fb/traffic_generator_inst/mcf/fifo_reg_0_63_0_2/RAMA/CLK
High Pulse Width  Slow    RAMD64E/CLK         n/a            1.250         6.000       4.750                highdef_fb/traffic_generator_inst/mcf/fifo_reg_0_63_0_2/RAMA/CLK



---------------------------------------------------------------------------------------------------
From Clock:  clk_ddr3_90_clk_wiz_0
  To Clock:  clk_ddr3_90_clk_wiz_0

Setup :           NA  Failing Endpoints,  Worst Slack           NA  ,  Total Violation           NA
Hold  :           NA  Failing Endpoints,  Worst Slack           NA  ,  Total Violation           NA
PW    :            0  Failing Endpoints,  Worst Slack        0.845ns,  Total Violation        0.000ns
---------------------------------------------------------------------------------------------------


Pulse Width Checks
--------------------------------------------------------------------------------------
Clock Name:         clk_ddr3_90_clk_wiz_0
Waveform(ns):       { 0.750 2.250 }
Period(ns):         3.000
Sources:            { lcw/mmcm_adv_inst/CLKOUT2 }

Check Type  Corner  Lib Pin             Reference Pin  Required(ns)  Actual(ns)  Slack(ns)  Location  Pin
Min Period  n/a     BUFG/I              n/a            2.155         3.000       0.845                lcw/clkout3_buf/I
Max Period  n/a     MMCME2_ADV/CLKOUT2  n/a            213.360       3.000       210.360              lcw/mmcm_adv_inst/CLKOUT2



---------------------------------------------------------------------------------------------------
From Clock:  clk_ddr3_clk_wiz_0
  To Clock:  clk_ddr3_clk_wiz_0

Setup :           NA  Failing Endpoints,  Worst Slack           NA  ,  Total Violation           NA
Hold  :           NA  Failing Endpoints,  Worst Slack           NA  ,  Total Violation           NA
PW    :            0  Failing Endpoints,  Worst Slack        0.845ns,  Total Violation        0.000ns
---------------------------------------------------------------------------------------------------


Pulse Width Checks
--------------------------------------------------------------------------------------
Clock Name:         clk_ddr3_clk_wiz_0
Waveform(ns):       { 0.000 1.500 }
Period(ns):         3.000
Sources:            { lcw/mmcm_adv_inst/CLKOUT1 }

Check Type  Corner  Lib Pin             Reference Pin  Required(ns)  Actual(ns)  Slack(ns)  Location  Pin
Min Period  n/a     BUFG/I              n/a            2.155         3.000       0.845                lcw/clkout2_buf/I
Max Period  n/a     MMCME2_ADV/CLKOUT1  n/a            213.360       3.000       210.360              lcw/mmcm_adv_inst/CLKOUT1



---------------------------------------------------------------------------------------------------
From Clock:  clk_passthrough_clk_wiz_0
  To Clock:  clk_passthrough_clk_wiz_0

Setup :           NA  Failing Endpoints,  Worst Slack           NA  ,  Total Violation           NA
Hold  :           NA  Failing Endpoints,  Worst Slack           NA  ,  Total Violation           NA
PW    :            0  Failing Endpoints,  Worst Slack        3.000ns,  Total Violation        0.000ns
---------------------------------------------------------------------------------------------------


Pulse Width Checks
--------------------------------------------------------------------------------------
Clock Name:         clk_passthrough_clk_wiz_0
Waveform(ns):       { 0.000 5.000 }
Period(ns):         10.000
Sources:            { lcw/mmcm_adv_inst/CLKOUT5 }

Check Type        Corner  Lib Pin            Reference Pin  Required(ns)  Actual(ns)  Slack(ns)  Location  Pin
Min Period        n/a     BUFG/I             n/a            2.155         10.000      7.845                lcw/clkout6_buf/I
Max Period        n/a     MMCME2_ADV/CLKIN1  n/a            100.000       10.000      90.000               wizard_hdmi/mmcm_adv_inst/CLKIN1
Low Pulse Width   Slow    MMCME2_ADV/CLKIN1  n/a            2.000         5.000       3.000                wizard_hdmi/mmcm_adv_inst/CLKIN1
High Pulse Width  Slow    MMCME2_ADV/CLKIN1  n/a            2.000         5.000       3.000                wizard_hdmi/mmcm_adv_inst/CLKIN1



---------------------------------------------------------------------------------------------------
From Clock:  clk_pixel_cw_hdmi
  To Clock:  clk_pixel_cw_hdmi

Setup :           42  Failing Endpoints,  Worst Slack       -6.044ns,  Total Violation     -190.126ns
Hold  :            0  Failing Endpoints,  Worst Slack        0.003ns,  Total Violation        0.000ns
PW    :            0  Failing Endpoints,  Worst Slack        6.234ns,  Total Violation        0.000ns
---------------------------------------------------------------------------------------------------


Max Delay Paths
--------------------------------------------------------------------------------------
Slack (VIOLATED) :        -6.044ns  (required time - arrival time)
  Source:                 vsg/h_count_reg[8]/C
                            (rising edge-triggered cell FDRE clocked by clk_pixel_cw_hdmi  {rise@0.000ns fall@6.734ns period=13.468ns})
  Destination:            tmds_blue/cnt_reg[4]/D
                            (rising edge-triggered cell FDRE clocked by clk_pixel_cw_hdmi  {rise@0.000ns fall@6.734ns period=13.468ns})
  Path Group:             clk_pixel_cw_hdmi
  Path Type:              Setup (Max at Slow Process Corner)
  Requirement:            13.468ns  (clk_pixel_cw_hdmi rise@13.468ns - clk_pixel_cw_hdmi rise@0.000ns)
  Data Path Delay:        19.186ns  (logic 7.658ns (39.914%)  route 11.528ns (60.086%))
  Logic Levels:           17  (CARRY4=2 DSP48E1=1 LUT1=1 LUT4=6 LUT5=1 LUT6=5 MUXF7=1)
  Clock Path Skew:        -0.145ns (DCD - SCD + CPR)
    Destination Clock Delay (DCD):    -2.063ns = ( 11.405 - 13.468 ) 
    Source Clock Delay      (SCD):    -1.388ns
    Clock Pessimism Removal (CPR):    0.530ns
  Clock Uncertainty:      0.210ns  ((TSJ^2 + DJ^2)^1/2) / 2 + PE
    Total System Jitter     (TSJ):    0.071ns
    Discrete Jitter          (DJ):    0.414ns
    Phase Error              (PE):    0.000ns

    Location             Delay type                Incr(ns)  Path(ns)    Netlist Resource(s)
  -------------------------------------------------------------------    -------------------
                         (clock clk_pixel_cw_hdmi rise edge)
                                                      0.000     0.000 r  
    N15                                               0.000     0.000 r  clk_100mhz (IN)
                         net (fo=0)                   0.000     0.000    lcw/clk_in1
    N15                  IBUF (Prop_ibuf_I_O)         1.440     1.440 r  lcw/clkin1_ibufg/O
                         net (fo=1, unplaced)         0.584     2.024    lcw/clk_in1_clk_wiz_0
                         MMCME2_ADV (Prop_mmcme2_adv_CLKIN1_CLKOUT5)
                                                     -5.108    -3.083 r  lcw/mmcm_adv_inst/CLKOUT5
                         net (fo=1, unplaced)         0.800    -2.284    lcw/clk_passthrough_clk_wiz_0
                         BUFG (Prop_bufg_I_O)         0.096    -2.188 r  lcw/clkout6_buf/O
                         net (fo=1, unplaced)         0.584    -1.604    wizard_hdmi/sysclk
                         MMCME2_ADV (Prop_mmcme2_adv_CLKIN1_CLKOUT0)
                                                     -1.480    -3.083 r  wizard_hdmi/mmcm_adv_inst/CLKOUT0
                         net (fo=1, unplaced)         0.800    -2.284    wizard_hdmi/clk_pixel_cw_hdmi
                         BUFG (Prop_bufg_I_O)         0.096    -2.188 r  wizard_hdmi/clkout1_buf/O
                         net (fo=524, unplaced)       0.800    -1.388    vsg/clk_pixel
                         FDRE                                         r  vsg/h_count_reg[8]/C
  -------------------------------------------------------------------    -------------------
                         FDRE (Prop_fdre_C_Q)         0.478    -0.910 r  vsg/h_count_reg[8]/Q
                         net (fo=22, unplaced)        1.027     0.117    vsg/out[8]
                         LUT6 (Prop_lut6_I0_O)        0.295     0.412 r  vsg/sen_sprite_x3_i_1/O
                         net (fo=1, unplaced)         0.800     1.212    word/A[5]
                         DSP48E1 (Prop_dsp48e1_A[10]_P[19])
                                                      3.841     5.053 f  word/sen_sprite_x3/P[19]
                         net (fo=3, unplaced)         0.800     5.852    word/sen_sprite_x10[1]
                         LUT1 (Prop_lut1_I0_O)        0.124     5.976 r  word/i__carry_i_3__0/O
                         net (fo=1, unplaced)         0.000     5.976    word/i__carry_i_3__0_n_0
                         CARRY4 (Prop_carry4_S[1]_O[2])
                                                      0.578     6.554 r  word/sen_sprite_x1_inferred__0/i__carry/O[2]
                         net (fo=16, unplaced)        0.959     7.513    word/O[2]
                         LUT4 (Prop_lut4_I1_O)        0.301     7.814 r  word/i__carry__1_i_12/O
                         net (fo=1, unplaced)         0.449     8.263    word/i__carry__1_i_12_n_0
                         LUT4 (Prop_lut4_I2_O)        0.124     8.387 r  word/i__carry__1_i_11/O
                         net (fo=5, unplaced)         0.477     8.864    word/h_count_reg[6]
                         LUT4 (Prop_lut4_I2_O)        0.124     8.988 r  word/i__carry__1_i_5/O
                         net (fo=1, unplaced)         0.000     8.988    word/sensor_sprite/tmds[3]_i_11_0[2]
                         CARRY4 (Prop_carry4_S[2]_CO[3])
                                                      0.380     9.368 r  word/sensor_sprite/_inferred__0/i__carry__1/CO[3]
                         net (fo=2, unplaced)         0.732    10.100    vsg/CO[0]
                         LUT6 (Prop_lut6_I0_O)        0.124    10.224 f  vsg/tmds[3]_i_11/O
                         net (fo=1, unplaced)         0.000    10.224    vsg/tmds[3]_i_11_n_0
                         MUXF7 (Prop_muxf7_I1_O)      0.247    10.471 f  vsg/tmds_reg[3]_i_4/O
                         net (fo=36, unplaced)        0.526    10.997    vsg/img_red[0]
                         LUT4 (Prop_lut4_I1_O)        0.298    11.295 r  vsg/tmds[6]_i_5__1/O
                         net (fo=8, unplaced)         0.940    12.235    vsg/sw[6]_1
                         LUT4 (Prop_lut4_I1_O)        0.124    12.359 r  vsg/cnt[2]_i_18/O
                         net (fo=4, unplaced)         0.926    13.285    vsg/cnt[2]_i_18_n_0
                         LUT4 (Prop_lut4_I1_O)        0.124    13.409 r  vsg/cnt[2]_i_12__1/O
                         net (fo=4, unplaced)         1.135    14.544    vsg/cnt[2]_i_12__1_n_0
                         LUT6 (Prop_lut6_I0_O)        0.124    14.668 r  vsg/cnt[4]_i_9__1/O
                         net (fo=9, unplaced)         0.943    15.611    tmds_blue/cnt_reg[4]_3
                         LUT6 (Prop_lut6_I1_O)        0.124    15.735 r  tmds_blue/cnt[4]_i_7__1/O
                         net (fo=2, unplaced)         0.913    16.648    tmds_blue/cnt_reg[3]_1
                         LUT6 (Prop_lut6_I0_O)        0.124    16.772 r  tmds_blue/cnt[4]_i_2__1/O
                         net (fo=1, unplaced)         0.902    17.674    vsg/cnt_reg[4]_7
                         LUT5 (Prop_lut5_I0_O)        0.124    17.798 r  vsg/cnt[4]_i_1__0/O
                         net (fo=1, unplaced)         0.000    17.798    tmds_blue/D[3]
                         FDRE                                         r  tmds_blue/cnt_reg[4]/D
  -------------------------------------------------------------------    -------------------

                         (clock clk_pixel_cw_hdmi rise edge)
                                                     13.468    13.468 r  
    N15                                               0.000    13.468 r  clk_100mhz (IN)
                         net (fo=0)                   0.000    13.468    lcw/clk_in1
    N15                  IBUF (Prop_ibuf_I_O)         1.370    14.838 r  lcw/clkin1_ibufg/O
                         net (fo=1, unplaced)         0.439    15.277    lcw/clk_in1_clk_wiz_0
                         MMCME2_ADV (Prop_mmcme2_adv_CLKIN1_CLKOUT5)
                                                     -5.378     9.899 r  lcw/mmcm_adv_inst/CLKOUT5
                         net (fo=1, unplaced)         0.760    10.659    lcw/clk_passthrough_clk_wiz_0
                         BUFG (Prop_bufg_I_O)         0.091    10.750 r  lcw/clkout6_buf/O
                         net (fo=1, unplaced)         0.439    11.189    wizard_hdmi/sysclk
                         MMCME2_ADV (Prop_mmcme2_adv_CLKIN1_CLKOUT0)
                                                     -1.290     9.899 r  wizard_hdmi/mmcm_adv_inst/CLKOUT0
                         net (fo=1, unplaced)         0.760    10.659    wizard_hdmi/clk_pixel_cw_hdmi
                         BUFG (Prop_bufg_I_O)         0.091    10.750 r  wizard_hdmi/clkout1_buf/O
                         net (fo=524, unplaced)       0.655    11.405    tmds_blue/clk_pixel
                         FDRE                                         r  tmds_blue/cnt_reg[4]/C
                         clock pessimism              0.530    11.935    
                         clock uncertainty           -0.210    11.725    
                         FDRE (Setup_fdre_C_D)        0.029    11.754    tmds_blue/cnt_reg[4]
  -------------------------------------------------------------------
                         required time                         11.754    
                         arrival time                         -17.798    
  -------------------------------------------------------------------
                         slack                                 -6.044    





Min Delay Paths
--------------------------------------------------------------------------------------
Slack (MET) :             0.003ns  (arrival time - required time)
  Source:                 red_ser/pwup_rst_reg/C
                            (rising edge-triggered cell FDRE clocked by clk_pixel_cw_hdmi  {rise@0.000ns fall@6.734ns period=13.468ns})
  Destination:            blue_ser/primary/RST
                            (rising edge-triggered cell OSERDESE2 clocked by clk_pixel_cw_hdmi  {rise@0.000ns fall@6.734ns period=13.468ns})
  Path Group:             clk_pixel_cw_hdmi
  Path Type:              Hold (Min at Fast Process Corner)
  Requirement:            0.000ns  (clk_pixel_cw_hdmi rise@0.000ns - clk_pixel_cw_hdmi rise@0.000ns)
  Data Path Delay:        0.707ns  (logic 0.239ns (33.796%)  route 0.468ns (66.204%))
  Logic Levels:           1  (LUT2=1)
  Clock Path Skew:        0.145ns (DCD - SCD - CPR)
    Destination Clock Delay (DCD):    -1.016ns
    Source Clock Delay      (SCD):    -0.881ns
    Clock Pessimism Removal (CPR):    -0.281ns

    Location             Delay type                Incr(ns)  Path(ns)    Netlist Resource(s)
  -------------------------------------------------------------------    -------------------
                         (clock clk_pixel_cw_hdmi rise edge)
                                                      0.000     0.000 r  
    N15                                               0.000     0.000 r  clk_100mhz (IN)
                         net (fo=0)                   0.000     0.000    lcw/clk_in1
    N15                  IBUF (Prop_ibuf_I_O)         0.209     0.209 r  lcw/clkin1_ibufg/O
                         net (fo=1, unplaced)         0.114     0.323    lcw/clk_in1_clk_wiz_0
                         MMCME2_ADV (Prop_mmcme2_adv_CLKIN1_CLKOUT5)
                                                     -1.776    -1.454 r  lcw/mmcm_adv_inst/CLKOUT5
                         net (fo=1, unplaced)         0.337    -1.116    lcw/clk_passthrough_clk_wiz_0
                         BUFG (Prop_bufg_I_O)         0.026    -1.090 r  lcw/clkout6_buf/O
                         net (fo=1, unplaced)         0.114    -0.976    wizard_hdmi/sysclk
                         MMCME2_ADV (Prop_mmcme2_adv_CLKIN1_CLKOUT0)
                                                     -0.477    -1.454 r  wizard_hdmi/mmcm_adv_inst/CLKOUT0
                         net (fo=1, unplaced)         0.337    -1.116    wizard_hdmi/clk_pixel_cw_hdmi
                         BUFG (Prop_bufg_I_O)         0.026    -1.090 r  wizard_hdmi/clkout1_buf/O
                         net (fo=524, unplaced)       0.210    -0.881    red_ser/clk_pixel
                         FDRE                                         r  red_ser/pwup_rst_reg/C
  -------------------------------------------------------------------    -------------------
                         FDRE (Prop_fdre_C_Q)         0.141    -0.740 r  red_ser/pwup_rst_reg/Q
                         net (fo=1, unplaced)         0.131    -0.608    red_ser/blue_ser/pwup_rst
                         LUT2 (Prop_lut2_I1_O)        0.098    -0.510 r  red_ser/primary_i_1/O
                         net (fo=6, unplaced)         0.337    -0.173    blue_ser/RST0
    OLOGIC_X0Y20         OSERDESE2                                    r  blue_ser/primary/RST
  -------------------------------------------------------------------    -------------------

                         (clock clk_pixel_cw_hdmi rise edge)
                                                      0.000     0.000 r  
    N15                                               0.000     0.000 r  clk_100mhz (IN)
                         net (fo=0)                   0.000     0.000    lcw/clk_in1
    N15                  IBUF (Prop_ibuf_I_O)         0.396     0.396 r  lcw/clkin1_ibufg/O
                         net (fo=1, unplaced)         0.259     0.655    lcw/clk_in1_clk_wiz_0
                         MMCME2_ADV (Prop_mmcme2_adv_CLKIN1_CLKOUT5)
                                                     -2.410    -1.755 r  lcw/mmcm_adv_inst/CLKOUT5
                         net (fo=1, unplaced)         0.355    -1.400    lcw/clk_passthrough_clk_wiz_0
                         BUFG (Prop_bufg_I_O)         0.029    -1.371 r  lcw/clkout6_buf/O
                         net (fo=1, unplaced)         0.259    -1.112    wizard_hdmi/sysclk
                         MMCME2_ADV (Prop_mmcme2_adv_CLKIN1_CLKOUT0)
                                                     -0.643    -1.755 r  wizard_hdmi/mmcm_adv_inst/CLKOUT0
                         net (fo=1, unplaced)         0.355    -1.400    wizard_hdmi/clk_pixel_cw_hdmi
                         BUFG (Prop_bufg_I_O)         0.029    -1.371 r  wizard_hdmi/clkout1_buf/O
                         net (fo=524, unplaced)       0.355    -1.016    blue_ser/clk_pixel
    OLOGIC_X0Y20         OSERDESE2                                    r  blue_ser/primary/CLKDIV
                         clock pessimism              0.281    -0.736    
    OLOGIC_X0Y20         OSERDESE2 (Hold_oserdese2_CLKDIV_RST)
                                                      0.559    -0.177    blue_ser/primary
  -------------------------------------------------------------------
                         required time                          0.177    
                         arrival time                          -0.173    
  -------------------------------------------------------------------
                         slack                                  0.003    





Pulse Width Checks
--------------------------------------------------------------------------------------
Clock Name:         clk_pixel_cw_hdmi
Waveform(ns):       { 0.000 6.734 }
Period(ns):         13.468
Sources:            { wizard_hdmi/mmcm_adv_inst/CLKOUT0 }

Check Type        Corner  Lib Pin             Reference Pin  Required(ns)  Actual(ns)  Slack(ns)  Location  Pin
Min Period        n/a     DSP48E1/CLK         n/a            3.884         13.468      9.584                rgbtoycrcb_m/cbg_reg/CLK
Max Period        n/a     MMCME2_ADV/CLKOUT0  n/a            213.360       13.468      199.892              wizard_hdmi/mmcm_adv_inst/CLKOUT0
Low Pulse Width   Slow    FDRE/C              n/a            0.500         6.734       6.234                addrb_reg[0]/C
High Pulse Width  Slow    FDRE/C              n/a            0.500         6.734       6.234                addrb_reg[0]/C



---------------------------------------------------------------------------------------------------
From Clock:  clk_tmds_cw_hdmi
  To Clock:  clk_tmds_cw_hdmi

Setup :           NA  Failing Endpoints,  Worst Slack           NA  ,  Total Violation           NA
Hold  :           NA  Failing Endpoints,  Worst Slack           NA  ,  Total Violation           NA
PW    :            0  Failing Endpoints,  Worst Slack        0.538ns,  Total Violation        0.000ns
---------------------------------------------------------------------------------------------------


Pulse Width Checks
--------------------------------------------------------------------------------------
Clock Name:         clk_tmds_cw_hdmi
Waveform(ns):       { 0.000 1.347 }
Period(ns):         2.694
Sources:            { wizard_hdmi/mmcm_adv_inst/CLKOUT1 }

Check Type  Corner  Lib Pin             Reference Pin  Required(ns)  Actual(ns)  Slack(ns)  Location  Pin
Min Period  n/a     BUFG/I              n/a            2.155         2.694       0.538                wizard_hdmi/clkout2_buf/I
Max Period  n/a     MMCME2_ADV/CLKOUT1  n/a            213.360       2.694       210.666              wizard_hdmi/mmcm_adv_inst/CLKOUT1



---------------------------------------------------------------------------------------------------
From Clock:  clkfbout_cw_hdmi
  To Clock:  clkfbout_cw_hdmi

Setup :           NA  Failing Endpoints,  Worst Slack           NA  ,  Total Violation           NA
Hold  :           NA  Failing Endpoints,  Worst Slack           NA  ,  Total Violation           NA
PW    :            0  Failing Endpoints,  Worst Slack       47.845ns,  Total Violation        0.000ns
---------------------------------------------------------------------------------------------------


Pulse Width Checks
--------------------------------------------------------------------------------------
Clock Name:         clkfbout_cw_hdmi
Waveform(ns):       { 0.000 25.000 }
Period(ns):         50.000
Sources:            { wizard_hdmi/mmcm_adv_inst/CLKFBOUT }

Check Type  Corner  Lib Pin             Reference Pin  Required(ns)  Actual(ns)  Slack(ns)  Location  Pin
Min Period  n/a     BUFG/I              n/a            2.155         50.000      47.845               wizard_hdmi/clkf_buf/I
Max Period  n/a     MMCME2_ADV/CLKFBIN  n/a            100.000       50.000      50.000               wizard_hdmi/mmcm_adv_inst/CLKFBIN



---------------------------------------------------------------------------------------------------
From Clock:  clk_xc_clk_wiz_0
  To Clock:  clk_xc_clk_wiz_0

Setup :           NA  Failing Endpoints,  Worst Slack           NA  ,  Total Violation           NA
Hold  :           NA  Failing Endpoints,  Worst Slack           NA  ,  Total Violation           NA
PW    :            0  Failing Endpoints,  Worst Slack       37.845ns,  Total Violation        0.000ns
---------------------------------------------------------------------------------------------------


Pulse Width Checks
--------------------------------------------------------------------------------------
Clock Name:         clk_xc_clk_wiz_0
Waveform(ns):       { 0.000 20.000 }
Period(ns):         40.000
Sources:            { lcw/mmcm_adv_inst/CLKOUT4 }

Check Type  Corner  Lib Pin             Reference Pin  Required(ns)  Actual(ns)  Slack(ns)  Location  Pin
Min Period  n/a     BUFG/I              n/a            2.155         40.000      37.845               lcw/clkout5_buf/I
Max Period  n/a     MMCME2_ADV/CLKOUT4  n/a            213.360       40.000      173.360              lcw/mmcm_adv_inst/CLKOUT4



---------------------------------------------------------------------------------------------------
From Clock:  clkfbout_clk_wiz_0
  To Clock:  clkfbout_clk_wiz_0

Setup :           NA  Failing Endpoints,  Worst Slack           NA  ,  Total Violation           NA
Hold  :           NA  Failing Endpoints,  Worst Slack           NA  ,  Total Violation           NA
PW    :            0  Failing Endpoints,  Worst Slack        7.845ns,  Total Violation        0.000ns
---------------------------------------------------------------------------------------------------


Pulse Width Checks
--------------------------------------------------------------------------------------
Clock Name:         clkfbout_clk_wiz_0
Waveform(ns):       { 0.000 5.000 }
Period(ns):         10.000
Sources:            { lcw/mmcm_adv_inst/CLKFBOUT }

Check Type  Corner  Lib Pin             Reference Pin  Required(ns)  Actual(ns)  Slack(ns)  Location  Pin
Min Period  n/a     BUFG/I              n/a            2.155         10.000      7.845                lcw/clkf_buf/I
Max Period  n/a     MMCME2_ADV/CLKFBIN  n/a            100.000       10.000      90.000               lcw/mmcm_adv_inst/CLKFBIN



---------------------------------------------------------------------------------------------------
From Clock:  clk_controller_clk_wiz_0
  To Clock:  clk_camera_clk_wiz_0

Setup :            0  Failing Endpoints,  Worst Slack        4.913ns,  Total Violation        0.000ns
Hold  :           NA  Failing Endpoints,  Worst Slack           NA  ,  Total Violation           NA
---------------------------------------------------------------------------------------------------


Max Delay Paths
--------------------------------------------------------------------------------------
Slack (MET) :             4.913ns  (required time - arrival time)
  Source:                 highdef_fb/camera_data_fifo/xpm_fifo_axis_inst/xpm_fifo_base_inst/xpm_fifo_rst_inst/gen_rst_ic.fifo_rd_rst_ic_reg/C
                            (rising edge-triggered cell FDRE clocked by clk_controller_clk_wiz_0  {rise@0.000ns fall@6.000ns period=12.000ns})
  Destination:            highdef_fb/camera_data_fifo/xpm_fifo_axis_inst/xpm_fifo_base_inst/xpm_fifo_rst_inst/gen_rst_ic.rrst_wr_inst/syncstages_ff_reg[0]/D
                            (rising edge-triggered cell FDRE clocked by clk_camera_clk_wiz_0  {rise@0.000ns fall@2.500ns period=5.000ns})
  Path Group:             clk_camera_clk_wiz_0
  Path Type:              Setup (Max at Slow Process Corner)
  Requirement:            6.000ns  (MaxDelay Path 6.000ns)
  Data Path Delay:        0.867ns  (logic 0.456ns (52.595%)  route 0.411ns (47.405%))
  Logic Levels:           0  
  Timing Exception:       MaxDelay Path 6.000ns -datapath_only

    Location             Delay type                Incr(ns)  Path(ns)    Netlist Resource(s)
  -------------------------------------------------------------------    -------------------
                                                      0.000     0.000 r  highdef_fb/camera_data_fifo/xpm_fifo_axis_inst/xpm_fifo_base_inst/xpm_fifo_rst_inst/gen_rst_ic.fifo_rd_rst_ic_reg/C
                         FDRE (Prop_fdre_C_Q)         0.456     0.456 r  highdef_fb/camera_data_fifo/xpm_fifo_axis_inst/xpm_fifo_base_inst/xpm_fifo_rst_inst/gen_rst_ic.fifo_rd_rst_ic_reg/Q
                         net (fo=40, unplaced)        0.411     0.867    highdef_fb/camera_data_fifo/xpm_fifo_axis_inst/xpm_fifo_base_inst/xpm_fifo_rst_inst/gen_rst_ic.rrst_wr_inst/src_rst
                         FDRE                                         r  highdef_fb/camera_data_fifo/xpm_fifo_axis_inst/xpm_fifo_base_inst/xpm_fifo_rst_inst/gen_rst_ic.rrst_wr_inst/syncstages_ff_reg[0]/D
  -------------------------------------------------------------------    -------------------

                         max delay                    6.000     6.000    
                         FDRE (Setup_fdre_C_D)       -0.220     5.780    highdef_fb/camera_data_fifo/xpm_fifo_axis_inst/xpm_fifo_base_inst/xpm_fifo_rst_inst/gen_rst_ic.rrst_wr_inst/syncstages_ff_reg[0]
  -------------------------------------------------------------------
                         required time                          5.780    
                         arrival time                          -0.867    
  -------------------------------------------------------------------
                         slack                                  4.913    





---------------------------------------------------------------------------------------------------
From Clock:  clk_camera_clk_wiz_0
  To Clock:  clk_controller_clk_wiz_0

Setup :            0  Failing Endpoints,  Worst Slack        4.979ns,  Total Violation        0.000ns
Hold  :           NA  Failing Endpoints,  Worst Slack           NA  ,  Total Violation           NA
---------------------------------------------------------------------------------------------------


Max Delay Paths
--------------------------------------------------------------------------------------
Slack (MET) :             4.979ns  (required time - arrival time)
  Source:                 highdef_fb/camera_data_fifo/xpm_fifo_axis_inst/xpm_fifo_base_inst/xpm_fifo_rst_inst/gen_rst_ic.fifo_wr_rst_ic_reg/C
                            (rising edge-triggered cell FDRE clocked by clk_camera_clk_wiz_0  {rise@0.000ns fall@2.500ns period=5.000ns})
  Destination:            highdef_fb/camera_data_fifo/xpm_fifo_axis_inst/xpm_fifo_base_inst/xpm_fifo_rst_inst/gen_rst_ic.wrst_rd_inst/syncstages_ff_reg[0]/D
                            (rising edge-triggered cell FDRE clocked by clk_controller_clk_wiz_0  {rise@0.000ns fall@6.000ns period=12.000ns})
  Path Group:             clk_controller_clk_wiz_0
  Path Type:              Setup (Max at Slow Process Corner)
  Requirement:            6.000ns  (MaxDelay Path 6.000ns)
  Data Path Delay:        0.801ns  (logic 0.456ns (56.929%)  route 0.345ns (43.071%))
  Logic Levels:           0  
  Timing Exception:       MaxDelay Path 6.000ns -datapath_only

    Location             Delay type                Incr(ns)  Path(ns)    Netlist Resource(s)
  -------------------------------------------------------------------    -------------------
                                                      0.000     0.000 r  highdef_fb/camera_data_fifo/xpm_fifo_axis_inst/xpm_fifo_base_inst/xpm_fifo_rst_inst/gen_rst_ic.fifo_wr_rst_ic_reg/C
                         FDRE (Prop_fdre_C_Q)         0.456     0.456 r  highdef_fb/camera_data_fifo/xpm_fifo_axis_inst/xpm_fifo_base_inst/xpm_fifo_rst_inst/gen_rst_ic.fifo_wr_rst_ic_reg/Q
                         net (fo=2, unplaced)         0.345     0.801    highdef_fb/camera_data_fifo/xpm_fifo_axis_inst/xpm_fifo_base_inst/xpm_fifo_rst_inst/gen_rst_ic.wrst_rd_inst/src_rst
                         FDRE                                         r  highdef_fb/camera_data_fifo/xpm_fifo_axis_inst/xpm_fifo_base_inst/xpm_fifo_rst_inst/gen_rst_ic.wrst_rd_inst/syncstages_ff_reg[0]/D
  -------------------------------------------------------------------    -------------------

                         max delay                    6.000     6.000    
                         FDRE (Setup_fdre_C_D)       -0.220     5.780    highdef_fb/camera_data_fifo/xpm_fifo_axis_inst/xpm_fifo_base_inst/xpm_fifo_rst_inst/gen_rst_ic.wrst_rd_inst/syncstages_ff_reg[0]
  -------------------------------------------------------------------
                         required time                          5.780    
                         arrival time                          -0.801    
  -------------------------------------------------------------------
                         slack                                  4.979    





---------------------------------------------------------------------------------------------------
From Clock:  clk_pixel_cw_hdmi
  To Clock:  clk_controller_clk_wiz_0

Setup :            0  Failing Endpoints,  Worst Slack        4.913ns,  Total Violation        0.000ns
Hold  :           NA  Failing Endpoints,  Worst Slack           NA  ,  Total Violation           NA
---------------------------------------------------------------------------------------------------


Max Delay Paths
--------------------------------------------------------------------------------------
Slack (MET) :             4.913ns  (required time - arrival time)
  Source:                 highdef_fb/pdfifo/xpm_fifo_axis_inst/xpm_fifo_base_inst/xpm_fifo_rst_inst/gen_rst_ic.fifo_rd_rst_ic_reg/C
                            (rising edge-triggered cell FDRE clocked by clk_pixel_cw_hdmi  {rise@0.000ns fall@6.734ns period=13.468ns})
  Destination:            highdef_fb/pdfifo/xpm_fifo_axis_inst/xpm_fifo_base_inst/xpm_fifo_rst_inst/gen_rst_ic.rrst_wr_inst/syncstages_ff_reg[0]/D
                            (rising edge-triggered cell FDRE clocked by clk_controller_clk_wiz_0  {rise@0.000ns fall@6.000ns period=12.000ns})
  Path Group:             clk_controller_clk_wiz_0
  Path Type:              Setup (Max at Slow Process Corner)
  Requirement:            6.000ns  (MaxDelay Path 6.000ns)
  Data Path Delay:        0.867ns  (logic 0.456ns (52.595%)  route 0.411ns (47.405%))
  Logic Levels:           0  
  Timing Exception:       MaxDelay Path 6.000ns -datapath_only

    Location             Delay type                Incr(ns)  Path(ns)    Netlist Resource(s)
  -------------------------------------------------------------------    -------------------
                                                      0.000     0.000 r  highdef_fb/pdfifo/xpm_fifo_axis_inst/xpm_fifo_base_inst/xpm_fifo_rst_inst/gen_rst_ic.fifo_rd_rst_ic_reg/C
                         FDRE (Prop_fdre_C_Q)         0.456     0.456 r  highdef_fb/pdfifo/xpm_fifo_axis_inst/xpm_fifo_base_inst/xpm_fifo_rst_inst/gen_rst_ic.fifo_rd_rst_ic_reg/Q
                         net (fo=40, unplaced)        0.411     0.867    highdef_fb/pdfifo/xpm_fifo_axis_inst/xpm_fifo_base_inst/xpm_fifo_rst_inst/gen_rst_ic.rrst_wr_inst/src_rst
                         FDRE                                         r  highdef_fb/pdfifo/xpm_fifo_axis_inst/xpm_fifo_base_inst/xpm_fifo_rst_inst/gen_rst_ic.rrst_wr_inst/syncstages_ff_reg[0]/D
  -------------------------------------------------------------------    -------------------

                         max delay                    6.000     6.000    
                         FDRE (Setup_fdre_C_D)       -0.220     5.780    highdef_fb/pdfifo/xpm_fifo_axis_inst/xpm_fifo_base_inst/xpm_fifo_rst_inst/gen_rst_ic.rrst_wr_inst/syncstages_ff_reg[0]
  -------------------------------------------------------------------
                         required time                          5.780    
                         arrival time                          -0.867    
  -------------------------------------------------------------------
                         slack                                  4.913    





---------------------------------------------------------------------------------------------------
From Clock:  clk_controller_clk_wiz_0
  To Clock:  clk_pixel_cw_hdmi

Setup :            0  Failing Endpoints,  Worst Slack        4.979ns,  Total Violation        0.000ns
Hold  :           NA  Failing Endpoints,  Worst Slack           NA  ,  Total Violation           NA
---------------------------------------------------------------------------------------------------


Max Delay Paths
--------------------------------------------------------------------------------------
Slack (MET) :             4.979ns  (required time - arrival time)
  Source:                 highdef_fb/pdfifo/xpm_fifo_axis_inst/xpm_fifo_base_inst/xpm_fifo_rst_inst/gen_rst_ic.fifo_wr_rst_ic_reg/C
                            (rising edge-triggered cell FDRE clocked by clk_controller_clk_wiz_0  {rise@0.000ns fall@6.000ns period=12.000ns})
  Destination:            highdef_fb/pdfifo/xpm_fifo_axis_inst/xpm_fifo_base_inst/xpm_fifo_rst_inst/gen_rst_ic.wrst_rd_inst/syncstages_ff_reg[0]/D
                            (rising edge-triggered cell FDRE clocked by clk_pixel_cw_hdmi  {rise@0.000ns fall@6.734ns period=13.468ns})
  Path Group:             clk_pixel_cw_hdmi
  Path Type:              Setup (Max at Slow Process Corner)
  Requirement:            6.000ns  (MaxDelay Path 6.000ns)
  Data Path Delay:        0.801ns  (logic 0.456ns (56.929%)  route 0.345ns (43.071%))
  Logic Levels:           0  
  Timing Exception:       MaxDelay Path 6.000ns -datapath_only

    Location             Delay type                Incr(ns)  Path(ns)    Netlist Resource(s)
  -------------------------------------------------------------------    -------------------
                                                      0.000     0.000 r  highdef_fb/pdfifo/xpm_fifo_axis_inst/xpm_fifo_base_inst/xpm_fifo_rst_inst/gen_rst_ic.fifo_wr_rst_ic_reg/C
                         FDRE (Prop_fdre_C_Q)         0.456     0.456 r  highdef_fb/pdfifo/xpm_fifo_axis_inst/xpm_fifo_base_inst/xpm_fifo_rst_inst/gen_rst_ic.fifo_wr_rst_ic_reg/Q
                         net (fo=2, unplaced)         0.345     0.801    highdef_fb/pdfifo/xpm_fifo_axis_inst/xpm_fifo_base_inst/xpm_fifo_rst_inst/gen_rst_ic.wrst_rd_inst/src_rst
                         FDRE                                         r  highdef_fb/pdfifo/xpm_fifo_axis_inst/xpm_fifo_base_inst/xpm_fifo_rst_inst/gen_rst_ic.wrst_rd_inst/syncstages_ff_reg[0]/D
  -------------------------------------------------------------------    -------------------

                         max delay                    6.000     6.000    
                         FDRE (Setup_fdre_C_D)       -0.220     5.780    highdef_fb/pdfifo/xpm_fifo_axis_inst/xpm_fifo_base_inst/xpm_fifo_rst_inst/gen_rst_ic.wrst_rd_inst/syncstages_ff_reg[0]
  -------------------------------------------------------------------
                         required time                          5.780    
                         arrival time                          -0.801    
  -------------------------------------------------------------------
                         slack                                  4.979    





