Copyright 1986-2022 Xilinx, Inc. All Rights Reserved. Copyright 2022-2025 Advanced Micro Devices, Inc. All Rights Reserved.
---------------------------------------------------------------------------------------------------------------------------------------------
| Tool Version : Vivado v.2025.1 (lin64) Build 6140274 Wed May 21 22:58:25 MDT 2025
| Date         : Wed Nov 26 15:42:41 2025
| Host         : eecs-digital-34 running 64-bit Ubuntu 24.04.3 LTS
| Command      : report_utilization -file obj/post_synth_util.rpt -hierarchical -hierarchical_depth 4 -hierarchical_min_primitive_count 0
| Design       : top_level
| Device       : xc7s50csga324-1
| Speed File   : -1
| Design State : Synthesized
---------------------------------------------------------------------------------------------------------------------------------------------

Utilization Design Information

Table of Contents
-----------------
1. Utilization by Hierarchy

1. Utilization by Hierarchy
---------------------------

+----------------------------------------------+----------------------------------------------+------------+------------+---------+------+------+--------+--------+------------+
|                   Instance                   |                    Module                    | Total LUTs | Logic LUTs | LUTRAMs | SRLs |  FFs | RAMB36 | RAMB18 | DSP Blocks |
+----------------------------------------------+----------------------------------------------+------------+------------+---------+------+------+--------+--------+------------+
| top_level                                    |                                        (top) |       4950 |       4916 |      34 |    0 | 3754 |     36 |      1 |         12 |
|   (top_level)                                |                                        (top) |          3 |          3 |       0 |    0 |  170 |      0 |      0 |          0 |
|   blue_ser                                   |                              tmds_serializer |          0 |          0 |       0 |    0 |    0 |      0 |      0 |          0 |
|   crw                                        |                             camera_registers |        113 |        113 |       0 |    0 |  104 |      0 |      0 |          0 |
|     (crw)                                    |                             camera_registers |         14 |         14 |       0 |    0 |   42 |      0 |      0 |          0 |
|     aia                                      |                               addr_increment |          8 |          8 |       0 |    0 |    9 |      0 |      0 |          0 |
|     sccb_c                                   |                                   i2c_master |         91 |         91 |       0 |    0 |   53 |      0 |      0 |          0 |
|   frame_buffer                               | xilinx_true_dual_port_read_first_2_clock_ram |         16 |         16 |       0 |    0 |    0 |     32 |      0 |          0 |
|   green_ser                                  |                            tmds_serializer_0 |          0 |          0 |       0 |    0 |    0 |      0 |      0 |          0 |
|   highdef_fb                                 |                 high_definition_frame_buffer |       3577 |       3543 |      34 |    0 | 3142 |      4 |      0 |          0 |
|     (highdef_fb)                             |                 high_definition_frame_buffer |          1 |          1 |       0 |    0 |    0 |      0 |      0 |          0 |
|     camera_data_fifo                         |                             clockdomain_fifo |        145 |        145 |       0 |    0 |  234 |      2 |      0 |          0 |
|       (camera_data_fifo)                     |                             clockdomain_fifo |          1 |          1 |       0 |    0 |    0 |      0 |      0 |          0 |
|       xpm_fifo_axis_inst                     |                             xpm_fifo_axis__1 |        144 |        144 |       0 |    0 |  234 |      2 |      0 |          0 |
|         (xpm_fifo_axis_inst)                 |                             xpm_fifo_axis__1 |          2 |          2 |       0 |    0 |    0 |      0 |      0 |          0 |
|         gaxis_rst_sync.xpm_cdc_sync_rst_inst |                          xpm_cdc_sync_rst__5 |          0 |          0 |       0 |    0 |    3 |      0 |      0 |          0 |
|         xpm_fifo_base_inst                   |                             xpm_fifo_base__1 |        142 |        142 |       0 |    0 |  231 |      2 |      0 |          0 |
|     ddr3_top                                 |                                     ddr3_top |       2900 |       2900 |       0 |    0 | 2208 |      0 |      0 |          0 |
|       (ddr3_top)                             |                                     ddr3_top |          1 |          1 |       0 |    0 |    0 |      0 |      0 |          0 |
|       ddr3_controller_inst                   |                              ddr3_controller |       2884 |       2884 |       0 |    0 | 2185 |      0 |      0 |          0 |
|       ddr3_phy_inst                          |                                     ddr3_phy |         15 |         15 |       0 |    0 |   23 |      0 |      0 |          0 |
|     pdfifo                                   |                          clockdomain_fifo_11 |        146 |        146 |       0 |    0 |  234 |      2 |      0 |          0 |
|       (pdfifo)                               |                          clockdomain_fifo_11 |          2 |          2 |       0 |    0 |    0 |      0 |      0 |          0 |
|       xpm_fifo_axis_inst                     |                                xpm_fifo_axis |        144 |        144 |       0 |    0 |  234 |      2 |      0 |          0 |
|         (xpm_fifo_axis_inst)                 |                                xpm_fifo_axis |          2 |          2 |       0 |    0 |    0 |      0 |      0 |          0 |
|         gaxis_rst_sync.xpm_cdc_sync_rst_inst |                             xpm_cdc_sync_rst |          0 |          0 |       0 |    0 |    3 |      0 |      0 |          0 |
|         xpm_fifo_base_inst                   |                                xpm_fifo_base |        142 |        142 |       0 |    0 |  231 |      2 |      0 |          0 |
|     stacker_inst                             |                                      stacker |         11 |         11 |       0 |    0 |  253 |      0 |      0 |          0 |
|     traffic_generator_inst                   |                            traffic_generator |        234 |        200 |      34 |    0 |   80 |      0 |      0 |          0 |
|       (traffic_generator_inst)               |                            traffic_generator |         71 |         71 |       0 |    0 |    4 |      0 |      0 |          0 |
|       mcf                                    |                                 command_fifo |         56 |         22 |      34 |    0 |   12 |      0 |      0 |          0 |
|       r_add                                  |                                  evt_counter |         65 |         65 |       0 |    0 |   32 |      0 |      0 |          0 |
|       w_add                                  |                               evt_counter_12 |         42 |         42 |       0 |    0 |   32 |      0 |      0 |          0 |
|     unstacker_inst                           |                                    unstacker |        140 |        140 |       0 |    0 |  133 |      0 |      0 |          0 |
|   lcw                                        |                                lab06_clk_wiz |          0 |          0 |       0 |    0 |    0 |      0 |      0 |          0 |
|   mcs                                        |                               channel_select |         57 |         57 |       0 |    0 |    0 |      0 |      0 |          0 |
|   mssc                                       |                                    lab05_ssc |         35 |         35 |       0 |    0 |   25 |      0 |      0 |          0 |
|   mt                                         |                                    threshold |          0 |          0 |       0 |    0 |    1 |      0 |      0 |          0 |
|   nolabel_line154                            |                            pixel_reconstruct |         43 |         43 |       0 |    0 |   50 |      0 |      0 |          0 |
|   red_ser                                    |                            tmds_serializer_1 |          1 |          1 |       0 |    0 |    1 |      0 |      0 |          0 |
|   registers                                  |            xilinx_single_port_ram_read_first |          6 |          6 |       0 |    0 |    0 |      0 |      1 |          0 |
|   rgbtoycrcb_m                               |                                 rgb_to_ycrcb |         82 |         82 |       0 |    0 |   50 |      0 |      0 |          7 |
|   tmds_blue                                  |                                 tmds_encoder |          3 |          3 |       0 |    0 |   14 |      0 |      0 |          0 |
|   tmds_green                                 |                               tmds_encoder_2 |          4 |          4 |       0 |    0 |   14 |      0 |      0 |          0 |
|   tmds_red                                   |                               tmds_encoder_3 |          1 |          1 |       0 |    0 |   14 |      0 |      0 |          0 |
|   vsg                                        |                                video_sig_gen |        566 |        566 |       0 |    0 |   24 |      0 |      0 |          0 |
|   wizard_hdmi                                |                              cw_hdmi_clk_wiz |          0 |          0 |       0 |    0 |    0 |      0 |      0 |          0 |
|   word                                       |                                  word_sprite |        445 |        445 |       0 |    0 |  145 |      0 |      0 |          5 |
|     (word)                                   |                                  word_sprite |          0 |          0 |       0 |    0 |    0 |      0 |      0 |          1 |
|     cam_sprite                               |                                letter_sprite |         44 |         44 |       0 |    0 |   15 |      0 |      0 |          0 |
|     camera_hr_dig                            |                                       digits |         55 |         55 |       0 |    0 |   16 |      0 |      0 |          2 |
|     genblk1[0].sensor_heartrate              |                                number_sprite |         40 |         40 |       0 |    0 |   14 |      0 |      0 |          0 |
|     genblk1[1].sensor_heartrate              |                              number_sprite_4 |         40 |         40 |       0 |    0 |   14 |      0 |      0 |          0 |
|     genblk1[2].sensor_heartrate              |                              number_sprite_5 |         43 |         43 |       0 |    0 |   14 |      0 |      0 |          0 |
|     genblk2[0].camera_heartrate              |                              number_sprite_6 |         40 |         40 |       0 |    0 |   14 |      0 |      0 |          0 |
|     genblk2[1].camera_heartrate              |                              number_sprite_7 |         40 |         40 |       0 |    0 |   14 |      0 |      0 |          0 |
|     genblk2[2].camera_heartrate              |                              number_sprite_8 |         43 |         43 |       0 |    0 |   14 |      0 |      0 |          0 |
|     sensor_hr_dig                            |                                     digits_9 |         54 |         54 |       0 |    0 |   15 |      0 |      0 |          2 |
|     sensor_sprite                            |                             letter_sprite_10 |         46 |         46 |       0 |    0 |   15 |      0 |      0 |          0 |
+----------------------------------------------+----------------------------------------------+------------+------------+---------+------+------+--------+--------+------------+


