Copyright 1986-2022 Xilinx, Inc. All Rights Reserved. Copyright 2022-2025 Advanced Micro Devices, Inc. All Rights Reserved.
-------------------------------------------------------------------------------------------------------------------------------------------------
| Tool Version     : Vivado v.2025.1 (lin64) Build 6140274 Wed May 21 22:58:25 MDT 2025
| Date             : Wed Nov 26 10:00:51 2025
| Host             : eecs-digital-11 running 64-bit Ubuntu 24.04.3 LTS
| Command          : report_power -file obj/post_route_power.rpt
| Design           : top_level
| Device           : xc7s50csga324-1
| Design State     : routed
| Grade            : commercial
| Process          : typical
| Characterization : Production
-------------------------------------------------------------------------------------------------------------------------------------------------

Power Report

Table of Contents
-----------------
1. Summary
1.1 On-Chip Components
1.2 Power Supply Summary
1.3 Confidence Level
2. Settings
2.1 Environment
2.2 Clock Constraints
3. Detailed Reports
3.1 By Hierarchy

1. Summary
----------

+--------------------------+--------------+
| Total On-Chip Power (W)  | 0.940        |
| Design Power Budget (W)  | Unspecified* |
| Power Budget Margin (W)  | NA           |
| Dynamic (W)              | 0.864        |
| Device Static (W)        | 0.077        |
| Effective TJA (C/W)      | 4.9          |
| Max Ambient (C)          | 80.4         |
| Junction Temperature (C) | 29.6         |
| Confidence Level         | Low          |
| Setting File             | ---          |
| Simulation Activity File | ---          |
| Design Nets Matched      | NA           |
+--------------------------+--------------+
* Specify Design Power Budget using, set_operating_conditions -design_power_budget <value in Watts>


1.1 On-Chip Components
----------------------

+--------------------------+-----------+----------+-----------+-----------------+
| On-Chip                  | Power (W) | Used     | Available | Utilization (%) |
+--------------------------+-----------+----------+-----------+-----------------+
| Clocks                   |     0.029 |       13 |       --- |             --- |
| Slice Logic              |     0.012 |     8920 |       --- |             --- |
|   LUT as Logic           |     0.011 |     4028 |     32600 |           12.36 |
|   Register               |    <0.001 |     3477 |     65200 |            5.33 |
|   CARRY4                 |    <0.001 |      179 |      8150 |            2.20 |
|   F7/F8 Muxes            |    <0.001 |      140 |     32600 |            0.43 |
|   LUT as Distributed RAM |    <0.001 |       34 |      9600 |            0.35 |
|   Others                 |     0.000 |      112 |       --- |             --- |
| Signals                  |     0.014 |     7554 |       --- |             --- |
| Block RAM                |     0.045 |     36.5 |        75 |           48.67 |
| MMCM                     |     0.214 |        2 |         5 |           40.00 |
| DSPs                     |     0.004 |        9 |       120 |            7.50 |
| I/O                      |     0.546 |      132 |       210 |           62.86 |
| Static Power             |     0.077 |          |           |                 |
| Total                    |     0.940 |          |           |                 |
+--------------------------+-----------+----------+-----------+-----------------+


1.2 Power Supply Summary
------------------------

+-----------+-------------+-----------+-------------+------------+-------------+-------------+------------+
| Source    | Voltage (V) | Total (A) | Dynamic (A) | Static (A) | Powerup (A) | Budget (A)  | Margin (A) |
+-----------+-------------+-----------+-------------+------------+-------------+-------------+------------+
| Vccint    |       1.000 |     0.131 |       0.118 |      0.012 |       NA    | Unspecified | NA         |
| Vccaux    |       1.800 |     0.210 |       0.198 |      0.013 |       NA    | Unspecified | NA         |
| Vcco33    |       3.300 |     0.048 |       0.047 |      0.001 |       NA    | Unspecified | NA         |
| Vcco25    |       2.500 |     0.000 |       0.000 |      0.000 |       NA    | Unspecified | NA         |
| Vcco18    |       1.800 |     0.000 |       0.000 |      0.000 |       NA    | Unspecified | NA         |
| Vcco15    |       1.500 |     0.000 |       0.000 |      0.000 |       NA    | Unspecified | NA         |
| Vcco135   |       1.350 |     0.173 |       0.172 |      0.001 |       NA    | Unspecified | NA         |
| Vcco12    |       1.200 |     0.000 |       0.000 |      0.000 |       NA    | Unspecified | NA         |
| Vccaux_io |       1.800 |     0.000 |       0.000 |      0.000 |       NA    | Unspecified | NA         |
| Vccbram   |       1.000 |     0.005 |       0.004 |      0.001 |       NA    | Unspecified | NA         |
| Vccadc    |       1.800 |     0.020 |       0.000 |      0.020 |       NA    | Unspecified | NA         |
+-----------+-------------+-----------+-------------+------------+-------------+-------------+------------+


1.3 Confidence Level
--------------------

+-----------------------------+------------+--------------------------------------------------------+------------------------------------------------------------------------------------------------------------+
| User Input Data             | Confidence | Details                                                | Action                                                                                                     |
+-----------------------------+------------+--------------------------------------------------------+------------------------------------------------------------------------------------------------------------+
| Design implementation state | High       | Design is routed                                       |                                                                                                            |
| Clock nodes activity        | High       | User specified more than 95% of clocks                 |                                                                                                            |
| I/O nodes activity          | Low        | More than 75% of inputs are missing user specification | Provide missing input activity with simulation results or by editing the "By Resource Type -> I/Os" view   |
| Internal nodes activity     | Medium     | User specified less than 25% of internal nodes         | Provide missing internal nodes activity with simulation results or by editing the "By Resource Type" views |
| Device models               | High       | Device models are Production                           |                                                                                                            |
|                             |            |                                                        |                                                                                                            |
| Overall confidence level    | Low        |                                                        |                                                                                                            |
+-----------------------------+------------+--------------------------------------------------------+------------------------------------------------------------------------------------------------------------+


2. Settings
-----------

2.1 Environment
---------------

+-----------------------+--------------------------+
| Ambient Temp (C)      | 25.0                     |
| ThetaJA (C/W)         | 4.9                      |
| Airflow (LFM)         | 250                      |
| Heat Sink             | medium (Medium Profile)  |
| ThetaSA (C/W)         | 4.6                      |
| Board Selection       | medium (10"x10")         |
| # of Board Layers     | 12to15 (12 to 15 Layers) |
| Board Temperature (C) | 25.0                     |
+-----------------------+--------------------------+


2.2 Clock Constraints
---------------------

+---------------------------+-------------------------------+-----------------+
| Clock                     | Domain                        | Constraint (ns) |
+---------------------------+-------------------------------+-----------------+
| clk_camera_clk_wiz_0      | lcw/clk_camera_clk_wiz_0      |             5.0 |
| clk_controller_clk_wiz_0  | lcw/clk_controller_clk_wiz_0  |            12.0 |
| clk_ddr3_90_clk_wiz_0     | lcw/clk_ddr3_90_clk_wiz_0     |             3.0 |
| clk_ddr3_clk_wiz_0        | lcw/clk_ddr3_clk_wiz_0        |             3.0 |
| clk_passthrough_clk_wiz_0 | lcw/clk_passthrough_clk_wiz_0 |            10.0 |
| clk_pixel_cw_hdmi         | wizard_hdmi/clk_pixel_cw_hdmi |            13.5 |
| clk_tmds_cw_hdmi          | wizard_hdmi/clk_tmds_cw_hdmi  |             2.7 |
| clk_xc_clk_wiz_0          | lcw/clk_xc_clk_wiz_0          |            40.0 |
| clkfbout_clk_wiz_0        | lcw/clkfbout_clk_wiz_0        |            10.0 |
| clkfbout_cw_hdmi          | wizard_hdmi/clkfbout_cw_hdmi  |            50.0 |
| gclk                      | clk_100mhz                    |            10.0 |
+---------------------------+-------------------------------+-----------------+


3. Detailed Reports
-------------------

3.1 By Hierarchy
----------------

+----------------------------+-----------+
| Name                       | Power (W) |
+----------------------------+-----------+
| top_level                  |     0.864 |
|   IOBUF_sda                |     0.002 |
|   crw                      |     0.002 |
|     sccb_c                 |     0.001 |
|   frame_buffer             |     0.044 |
|   highdef_fb               |     0.380 |
|     camera_data_fifo       |     0.003 |
|       xpm_fifo_axis_inst   |     0.003 |
|     ddr3_top               |     0.368 |
|       ddr3_controller_inst |     0.022 |
|       ddr3_phy_inst        |     0.346 |
|     pdfifo                 |     0.002 |
|       xpm_fifo_axis_inst   |     0.002 |
|     stacker_inst           |     0.004 |
|     unstacker_inst         |     0.001 |
|   lcw                      |     0.110 |
|   rgbtoycrcb_m             |     0.004 |
|   vsg                      |     0.004 |
|   wizard_hdmi              |     0.105 |
|   word                     |     0.003 |
+----------------------------+-----------+


