Copyright 1986-2022 Xilinx, Inc. All Rights Reserved. Copyright 2022-2025 Advanced Micro Devices, Inc. All Rights Reserved.
---------------------------------------------------------------------------------------------------------------------------------------------
| Tool Version : Vivado v.2025.1 (lin64) Build 6140274 Wed May 21 22:58:25 MDT 2025
| Date         : Wed Nov 26 10:00:24 2025
| Host         : eecs-digital-11 running 64-bit Ubuntu 24.04.3 LTS
| Command      : report_timing -file obj/post_place_timing.rpt
| Design       : top_level
| Device       : 7s50-csga324
| Speed File   : -1  PRODUCTION 1.23 2018-06-13
| Design State : Physopt postPlace
---------------------------------------------------------------------------------------------------------------------------------------------

Timing Report

Slack (VIOLATED) :        -2.661ns  (required time - arrival time)
  Source:                 vsg/h_count_reg[7]_replica/C
                            (rising edge-triggered cell FDRE clocked by clk_pixel_cw_hdmi  {rise@0.000ns fall@6.734ns period=13.468ns})
  Destination:            tmds_red/cnt_reg[4]/D
                            (rising edge-triggered cell FDRE clocked by clk_pixel_cw_hdmi  {rise@0.000ns fall@6.734ns period=13.468ns})
  Path Group:             clk_pixel_cw_hdmi
  Path Type:              Setup (Max at Slow Process Corner)
  Requirement:            13.468ns  (clk_pixel_cw_hdmi rise@13.468ns - clk_pixel_cw_hdmi rise@0.000ns)
  Data Path Delay:        15.951ns  (logic 7.628ns (47.821%)  route 8.323ns (52.179%))
  Logic Levels:           16  (CARRY4=2 DSP48E1=1 LUT2=2 LUT3=1 LUT5=3 LUT6=6 MUXF7=1)
  Clock Path Skew:        -0.045ns (DCD - SCD + CPR)
    Destination Clock Delay (DCD):    -1.624ns = ( 11.844 - 13.468 ) 
    Source Clock Delay      (SCD):    -1.028ns
    Clock Pessimism Removal (CPR):    0.552ns
  Clock Uncertainty:      0.210ns  ((TSJ^2 + DJ^2)^1/2) / 2 + PE
    Total System Jitter     (TSJ):    0.071ns
    Discrete Jitter          (DJ):    0.414ns
    Phase Error              (PE):    0.000ns

    Location             Delay type                Incr(ns)  Path(ns)    Netlist Resource(s)
  -------------------------------------------------------------------    -------------------
                         (clock clk_pixel_cw_hdmi rise edge)
                                                      0.000     0.000 r  
    N15                                               0.000     0.000 r  clk_100mhz (IN)
                         net (fo=0)                   0.000     0.000    lcw/clk_in1
    N15                  IBUF (Prop_ibuf_I_O)         1.440     1.440 r  lcw/clkin1_ibufg/O
                         net (fo=1, estimated)        1.233     2.673    lcw/clk_in1_clk_wiz_0
    MMCME2_ADV_X0Y0      MMCME2_ADV (Prop_mmcme2_adv_CLKIN1_CLKOUT5)
                                                     -7.025    -4.352 r  lcw/mmcm_adv_inst/CLKOUT5
                         net (fo=1, estimated)        1.666    -2.686    lcw/clk_passthrough_clk_wiz_0
    BUFGCTRL_X0Y8        BUFG (Prop_bufg_I_O)         0.096    -2.590 r  lcw/clkout6_buf/O
                         net (fo=1, estimated)        1.634    -0.956    wizard_hdmi/sysclk
    MMCME2_ADV_X1Y0      MMCME2_ADV (Prop_mmcme2_adv_CLKIN1_CLKOUT0)
                                                     -3.393    -4.349 r  wizard_hdmi/mmcm_adv_inst/CLKOUT0
                         net (fo=1, estimated)        1.661    -2.688    wizard_hdmi/clk_pixel_cw_hdmi
    BUFGCTRL_X0Y2        BUFG (Prop_bufg_I_O)         0.096    -2.592 r  wizard_hdmi/clkout1_buf/O
                         net (fo=474, estimated)      1.564    -1.028    vsg/clk_pixel
    SLICE_X9Y15          FDRE                                         r  vsg/h_count_reg[7]_replica/C
  -------------------------------------------------------------------    -------------------
    SLICE_X9Y15          FDRE (Prop_fdre_C_Q)         0.456    -0.572 r  vsg/h_count_reg[7]_replica/Q
                         net (fo=3, estimated)        0.832     0.260    vsg/out[7]_repN
    SLICE_X10Y14         LUT5 (Prop_lut5_I2_O)        0.124     0.384 r  vsg/sen_sprite_x3_i_2/O
                         net (fo=1, estimated)        0.531     0.915    word/A[4]
    DSP48_X0Y6           DSP48E1 (Prop_dsp48e1_A[9]_P[21])
                                                      3.841     4.756 r  word/sen_sprite_x3/P[21]
                         net (fo=3, estimated)        0.915     5.671    word/sen_sprite_x10[3]
    SLICE_X10Y18         LUT2 (Prop_lut2_I0_O)        0.124     5.795 r  word/i__carry__0_i_3/O
                         net (fo=1, routed)           0.000     5.795    word/i__carry__0_i_3_n_0
    SLICE_X10Y18         CARRY4 (Prop_carry4_S[1]_O[2])
                                                      0.578     6.373 r  word/sen_sprite_x1_inferred__0/i__carry__0/O[2]
                         net (fo=2, estimated)        0.765     7.138    word/sen_sprite_x1_inferred__0/i__carry__0_n_5
    SLICE_X10Y16         LUT6 (Prop_lut6_I1_O)        0.301     7.439 r  word/i__carry__1_i_11_comp/O
                         net (fo=5, estimated)        0.626     8.065    word/h_count_reg[6]
    SLICE_X11Y19         LUT2 (Prop_lut2_I0_O)        0.124     8.189 r  word/in_sprite1_carry__0_i_3/O
                         net (fo=1, routed)           0.000     8.189    word/sensor_sprite/tmds[3]_i_11_2[1]
    SLICE_X11Y19         CARRY4 (Prop_carry4_S[1]_CO[1])
                                                      0.491     8.680 f  word/sensor_sprite/in_sprite1_carry__0/CO[1]
                         net (fo=2, estimated)        0.593     9.273    vsg/tmds_reg[3]_i_4_0[0]
    SLICE_X15Y20         LUT6 (Prop_lut6_I3_O)        0.329     9.602 f  vsg/tmds[3]_i_11/O
                         net (fo=1, routed)           0.000     9.602    vsg/tmds[3]_i_11_n_0
    SLICE_X15Y20         MUXF7 (Prop_muxf7_I1_O)      0.217     9.819 f  vsg/tmds_reg[3]_i_4/O
                         net (fo=36, estimated)       0.391    10.210    rgbtoycrcb_m/img_red[0]
    SLICE_X12Y21         LUT6 (Prop_lut6_I1_O)        0.299    10.509 r  rgbtoycrcb_m/cnt[2]_i_6__1/O
                         net (fo=1, estimated)        0.945    11.454    rgbtoycrcb_m/cnt[2]_i_6__1_n_0
    SLICE_X11Y21         LUT5 (Prop_lut5_I0_O)        0.124    11.578 r  rgbtoycrcb_m/cnt[2]_i_2/O
                         net (fo=25, estimated)       0.222    11.800    rgbtoycrcb_m/cnt[2]_i_10__1
    SLICE_X11Y21         LUT3 (Prop_lut3_I2_O)        0.124    11.924 r  rgbtoycrcb_m/cnt[2]_i_11/O
                         net (fo=4, estimated)        0.835    12.759    vsg/cnt_reg[2]_3
    SLICE_X10Y21         LUT6 (Prop_lut6_I0_O)        0.124    12.883 f  vsg/cnt[4]_i_13/O
                         net (fo=12, estimated)       0.465    13.348    tmds_red/cnt_reg[3]_2
    SLICE_X10Y20         LUT6 (Prop_lut6_I2_O)        0.124    13.472 r  tmds_red/cnt[4]_i_8/O
                         net (fo=2, estimated)        0.608    14.080    tmds_red/cnt_reg[3]_1
    SLICE_X11Y20         LUT6 (Prop_lut6_I0_O)        0.124    14.204 r  tmds_red/cnt[4]_i_3/O
                         net (fo=1, estimated)        0.595    14.799    vsg/cnt_reg[4]
    SLICE_X10Y22         LUT5 (Prop_lut5_I0_O)        0.124    14.923 r  vsg/cnt[4]_i_2/O
                         net (fo=1, routed)           0.000    14.923    tmds_red/D[3]
    SLICE_X10Y22         FDRE                                         r  tmds_red/cnt_reg[4]/D
  -------------------------------------------------------------------    -------------------

                         (clock clk_pixel_cw_hdmi rise edge)
                                                     13.468    13.468 r  
    N15                                               0.000    13.468 r  clk_100mhz (IN)
                         net (fo=0)                   0.000    13.468    lcw/clk_in1
    N15                  IBUF (Prop_ibuf_I_O)         1.370    14.838 r  lcw/clkin1_ibufg/O
                         net (fo=1, estimated)        1.171    16.010    lcw/clk_in1_clk_wiz_0
    MMCME2_ADV_X0Y0      MMCME2_ADV (Prop_mmcme2_adv_CLKIN1_CLKOUT5)
                                                     -7.279     8.731 r  lcw/mmcm_adv_inst/CLKOUT5
                         net (fo=1, estimated)        1.583    10.314    lcw/clk_passthrough_clk_wiz_0
    BUFGCTRL_X0Y8        BUFG (Prop_bufg_I_O)         0.091    10.405 r  lcw/clkout6_buf/O
                         net (fo=1, estimated)        1.517    11.922    wizard_hdmi/sysclk
    MMCME2_ADV_X1Y0      MMCME2_ADV (Prop_mmcme2_adv_CLKIN1_CLKOUT0)
                                                     -3.187     8.735 r  wizard_hdmi/mmcm_adv_inst/CLKOUT0
                         net (fo=1, estimated)        1.578    10.313    wizard_hdmi/clk_pixel_cw_hdmi
    BUFGCTRL_X0Y2        BUFG (Prop_bufg_I_O)         0.091    10.404 r  wizard_hdmi/clkout1_buf/O
                         net (fo=474, estimated)      1.440    11.844    tmds_red/clk_pixel
    SLICE_X10Y22         FDRE                                         r  tmds_red/cnt_reg[4]/C
                         clock pessimism              0.552    12.395    
                         clock uncertainty           -0.210    12.186    
    SLICE_X10Y22         FDRE (Setup_fdre_C_D)        0.077    12.263    tmds_red/cnt_reg[4]
  -------------------------------------------------------------------
                         required time                         12.263    
                         arrival time                         -14.923    
  -------------------------------------------------------------------
                         slack                                 -2.661    




