Copyright 1986-2022 Xilinx, Inc. All Rights Reserved. Copyright 2022-2025 Advanced Micro Devices, Inc. All Rights Reserved.
---------------------------------------------------------------------------------------------------------------------------------------------
| Tool Version : Vivado v.2025.1 (lin64) Build 6140274 Wed May 21 22:58:25 MDT 2025
| Date         : Wed Nov 26 10:00:50 2025
| Host         : eecs-digital-11 running 64-bit Ubuntu 24.04.3 LTS
| Command      : report_timing_summary -file obj/post_route_timing_summary.rpt
| Design       : top_level
| Device       : 7s50-csga324
| Speed File   : -1  PRODUCTION 1.23 2018-06-13
| Design State : Routed
---------------------------------------------------------------------------------------------------------------------------------------------

Timing Summary Report

------------------------------------------------------------------------------------------------
| Timer Settings
| --------------
------------------------------------------------------------------------------------------------

  Enable Multi Corner Analysis               :  Yes
  Enable Pessimism Removal                   :  Yes
  Pessimism Removal Resolution               :  Nearest Common Node
  Enable Input Delay Default Clock           :  No
  Enable Preset / Clear Arcs                 :  No
  Disable Flight Delays                      :  No
  Ignore I/O Paths                           :  No
  Timing Early Launch at Borrowing Latches   :  No
  Borrow Time for Max Delay Exceptions       :  Yes
  Merge Timing Exceptions                    :  Yes
  Inter-SLR Compensation                     :  Conservative

  Corner  Analyze    Analyze    
  Name    Max Paths  Min Paths  
  ------  ---------  ---------  
  Slow    Yes        Yes        
  Fast    Yes        Yes        


------------------------------------------------------------------------------------------------
| Report Methodology
| ------------------
------------------------------------------------------------------------------------------------

No report available as report_methodology has not been run prior. Run report_methodology on the current design for the summary of methodology violations.



check_timing report

Table of Contents
-----------------
1. checking no_clock (0)
2. checking constant_clock (0)
3. checking pulse_width_clock (0)
4. checking unconstrained_internal_endpoints (0)
5. checking no_input_delay (49)
6. checking no_output_delay (86)
7. checking multiple_clock (0)
8. checking generated_clocks (0)
9. checking loops (0)
10. checking partial_input_delay (0)
11. checking partial_output_delay (0)
12. checking latch_loops (0)

1. checking no_clock (0)
------------------------
 There are 0 register/latch pins with no clock.


2. checking constant_clock (0)
------------------------------
 There are 0 register/latch pins with constant_clock.


3. checking pulse_width_clock (0)
---------------------------------
 There are 0 register/latch pins which need pulse_width check


4. checking unconstrained_internal_endpoints (0)
------------------------------------------------
 There are 0 pins that are not constrained for maximum delay.

 There are 0 pins that are not constrained for maximum delay due to constant clock.


5. checking no_input_delay (49)
-------------------------------
 There are 49 input ports with no input delay specified. (HIGH)

 There are 0 input ports with no input delay but user has a false path constraint.


6. checking no_output_delay (86)
--------------------------------
 There are 86 ports with no output delay specified. (HIGH)

 There are 0 ports with no output delay but user has a false path constraint

 There are 0 ports with no output delay but with a timing clock defined on it or propagating through it


7. checking multiple_clock (0)
------------------------------
 There are 0 register/latch pins with multiple clocks.


8. checking generated_clocks (0)
--------------------------------
 There are 0 generated clocks that are not connected to a clock source.


9. checking loops (0)
---------------------
 There are 0 combinational loops in the design.


10. checking partial_input_delay (0)
------------------------------------
 There are 0 input ports with partial input delay specified.


11. checking partial_output_delay (0)
-------------------------------------
 There are 0 ports with partial output delay specified.


12. checking latch_loops (0)
----------------------------
 There are 0 combinational latch loops in the design through latch input



------------------------------------------------------------------------------------------------
| Design Timing Summary
| ---------------------
------------------------------------------------------------------------------------------------

    WNS(ns)      TNS(ns)  TNS Failing Endpoints  TNS Total Endpoints      WHS(ns)      THS(ns)  THS Failing Endpoints  THS Total Endpoints     WPWS(ns)     TPWS(ns)  TPWS Failing Endpoints  TPWS Total Endpoints  
    -------      -------  ---------------------  -------------------      -------      -------  ---------------------  -------------------     --------     --------  ----------------------  --------------------  
     -3.216     -112.087                     47                11335        0.014        0.000                      0                11303        0.264        0.000                       0                  3787  


Timing constraints are not met.


------------------------------------------------------------------------------------------------
| Clock Summary
| -------------
------------------------------------------------------------------------------------------------

Clock                        Waveform(ns)         Period(ns)      Frequency(MHz)
-----                        ------------         ----------      --------------
gclk                         {0.000 4.000}        10.000          100.000         
  clk_camera_clk_wiz_0       {0.000 2.500}        5.000           200.000         
  clk_controller_clk_wiz_0   {0.000 6.000}        12.000          83.333          
  clk_ddr3_90_clk_wiz_0      {0.750 2.250}        3.000           333.333         
  clk_ddr3_clk_wiz_0         {0.000 1.500}        3.000           333.333         
  clk_passthrough_clk_wiz_0  {0.000 5.000}        10.000          100.000         
    clk_pixel_cw_hdmi        {0.000 6.734}        13.468          74.250          
    clk_tmds_cw_hdmi         {0.000 1.347}        2.694           371.250         
    clkfbout_cw_hdmi         {0.000 25.000}       50.000          20.000          
  clk_xc_clk_wiz_0           {0.000 20.000}       40.000          25.000          
  clkfbout_clk_wiz_0         {0.000 5.000}        10.000          100.000         


------------------------------------------------------------------------------------------------
| Intra Clock Table
| -----------------
------------------------------------------------------------------------------------------------

Clock                            WNS(ns)      TNS(ns)  TNS Failing Endpoints  TNS Total Endpoints      WHS(ns)      THS(ns)  THS Failing Endpoints  THS Total Endpoints     WPWS(ns)     TPWS(ns)  TPWS Failing Endpoints  TPWS Total Endpoints  
-----                            -------      -------  ---------------------  -------------------      -------      -------  ---------------------  -------------------     --------     --------  ----------------------  --------------------  
gclk                                                                                                                                                                           2.000        0.000                       0                     1  
  clk_camera_clk_wiz_0             0.207        0.000                      0                 2162        0.014        0.000                      0                 2162        0.264        0.000                       0                   650  
  clk_controller_clk_wiz_0        -0.189       -0.790                      5                 7564        0.014        0.000                      0                 7564        4.750        0.000                       0                  2559  
  clk_ddr3_90_clk_wiz_0                                                                                                                                                        0.845        0.000                       0                    20  
  clk_ddr3_clk_wiz_0                                                                                                                                                           0.845        0.000                       0                    63  
  clk_passthrough_clk_wiz_0                                                                                                                                                    3.000        0.000                       0                     3  
    clk_pixel_cw_hdmi             -3.216     -111.297                     42                 1577        0.104        0.000                      0                 1577        6.234        0.000                       0                   475  
    clk_tmds_cw_hdmi                                                                                                                                                           0.538        0.000                       0                     8  
    clkfbout_cw_hdmi                                                                                                                                                          47.845        0.000                       0                     3  
  clk_xc_clk_wiz_0                                                                                                                                                            37.845        0.000                       0                     2  
  clkfbout_clk_wiz_0                                                                                                                                                           7.845        0.000                       0                     3  


------------------------------------------------------------------------------------------------
| Inter Clock Table
| -----------------
------------------------------------------------------------------------------------------------

From Clock                To Clock                      WNS(ns)      TNS(ns)  TNS Failing Endpoints  TNS Total Endpoints      WHS(ns)      THS(ns)  THS Failing Endpoints  THS Total Endpoints  
----------                --------                      -------      -------  ---------------------  -------------------      -------      -------  ---------------------  -------------------  
clk_controller_clk_wiz_0  clk_camera_clk_wiz_0            4.715        0.000                      0                    8                                                                        
clk_camera_clk_wiz_0      clk_controller_clk_wiz_0        4.758        0.000                      0                    8                                                                        
clk_pixel_cw_hdmi         clk_controller_clk_wiz_0        4.777        0.000                      0                    8                                                                        
clk_controller_clk_wiz_0  clk_pixel_cw_hdmi               4.709        0.000                      0                    8                                                                        


------------------------------------------------------------------------------------------------
| Other Path Groups Table
| -----------------------
------------------------------------------------------------------------------------------------

Path Group    From Clock    To Clock          WNS(ns)      TNS(ns)  TNS Failing Endpoints  TNS Total Endpoints      WHS(ns)      THS(ns)  THS Failing Endpoints  THS Total Endpoints  
----------    ----------    --------          -------      -------  ---------------------  -------------------      -------      -------  ---------------------  -------------------  


------------------------------------------------------------------------------------------------
| Timing Details
| --------------
------------------------------------------------------------------------------------------------


---------------------------------------------------------------------------------------------------
From Clock:  gclk
  To Clock:  gclk

Setup :           NA  Failing Endpoints,  Worst Slack           NA  ,  Total Violation           NA
Hold  :           NA  Failing Endpoints,  Worst Slack           NA  ,  Total Violation           NA
PW    :            0  Failing Endpoints,  Worst Slack        2.000ns,  Total Violation        0.000ns
---------------------------------------------------------------------------------------------------


Pulse Width Checks
--------------------------------------------------------------------------------------
Clock Name:         gclk
Waveform(ns):       { 0.000 4.000 }
Period(ns):         10.000
Sources:            { clk_100mhz }

Check Type        Corner  Lib Pin            Reference Pin  Required(ns)  Actual(ns)  Slack(ns)  Location         Pin
Min Period        n/a     MMCME2_ADV/CLKIN1  n/a            1.249         10.000      8.751      MMCME2_ADV_X0Y0  lcw/mmcm_adv_inst/CLKIN1
Max Period        n/a     MMCME2_ADV/CLKIN1  n/a            100.000       10.000      90.000     MMCME2_ADV_X0Y0  lcw/mmcm_adv_inst/CLKIN1
Low Pulse Width   Slow    MMCME2_ADV/CLKIN1  n/a            2.000         6.000       4.000      MMCME2_ADV_X0Y0  lcw/mmcm_adv_inst/CLKIN1
High Pulse Width  Slow    MMCME2_ADV/CLKIN1  n/a            2.000         4.000       2.000      MMCME2_ADV_X0Y0  lcw/mmcm_adv_inst/CLKIN1



---------------------------------------------------------------------------------------------------
From Clock:  clk_camera_clk_wiz_0
  To Clock:  clk_camera_clk_wiz_0

Setup :            0  Failing Endpoints,  Worst Slack        0.207ns,  Total Violation        0.000ns
Hold  :            0  Failing Endpoints,  Worst Slack        0.014ns,  Total Violation        0.000ns
PW    :            0  Failing Endpoints,  Worst Slack        0.264ns,  Total Violation        0.000ns
---------------------------------------------------------------------------------------------------


Max Delay Paths
--------------------------------------------------------------------------------------
Slack (MET) :             0.207ns  (required time - arrival time)
  Source:                 crw/sccb_c/delay_reg_reg[14]/C
                            (rising edge-triggered cell FDRE clocked by clk_camera_clk_wiz_0  {rise@0.000ns fall@2.500ns period=5.000ns})
  Destination:            crw/sccb_c/sda_o_reg_reg/CE
                            (rising edge-triggered cell FDSE clocked by clk_camera_clk_wiz_0  {rise@0.000ns fall@2.500ns period=5.000ns})
  Path Group:             clk_camera_clk_wiz_0
  Path Type:              Setup (Max at Slow Process Corner)
  Requirement:            5.000ns  (clk_camera_clk_wiz_0 rise@5.000ns - clk_camera_clk_wiz_0 rise@0.000ns)
  Data Path Delay:        4.480ns  (logic 1.200ns (26.787%)  route 3.280ns (73.213%))
  Logic Levels:           6  (LUT2=2 LUT4=1 LUT5=1 LUT6=2)
  Clock Path Skew:        -0.042ns (DCD - SCD + CPR)
    Destination Clock Delay (DCD):    -1.583ns = ( 3.417 - 5.000 ) 
    Source Clock Delay      (SCD):    -0.980ns
    Clock Pessimism Removal (CPR):    0.561ns
  Clock Uncertainty:      0.067ns  ((TSJ^2 + DJ^2)^1/2) / 2 + PE
    Total System Jitter     (TSJ):    0.071ns
    Discrete Jitter          (DJ):    0.113ns
    Phase Error              (PE):    0.000ns

    Location             Delay type                Incr(ns)  Path(ns)    Netlist Resource(s)
  -------------------------------------------------------------------    -------------------
                         (clock clk_camera_clk_wiz_0 rise edge)
                                                      0.000     0.000 r  
    N15                                               0.000     0.000 r  clk_100mhz (IN)
                         net (fo=0)                   0.000     0.000    lcw/clk_in1
    N15                  IBUF (Prop_ibuf_I_O)         1.440     1.440 r  lcw/clkin1_ibufg/O
                         net (fo=1, routed)           1.233     2.673    lcw/clk_in1_clk_wiz_0
    MMCME2_ADV_X0Y0      MMCME2_ADV (Prop_mmcme2_adv_CLKIN1_CLKOUT3)
                                                     -6.965    -4.291 r  lcw/mmcm_adv_inst/CLKOUT3
                         net (fo=1, routed)           1.666    -2.625    lcw/clk_camera_clk_wiz_0
    BUFGCTRL_X0Y1        BUFG (Prop_bufg_I_O)         0.096    -2.529 r  lcw/clkout4_buf/O
                         net (fo=648, routed)         1.549    -0.980    crw/sccb_c/clk_camera
    SLICE_X29Y63         FDRE                                         r  crw/sccb_c/delay_reg_reg[14]/C
  -------------------------------------------------------------------    -------------------
    SLICE_X29Y63         FDRE (Prop_fdre_C_Q)         0.456    -0.524 f  crw/sccb_c/delay_reg_reg[14]/Q
                         net (fo=3, routed)           0.663     0.140    crw/sccb_c/delay_reg[14]
    SLICE_X29Y63         LUT4 (Prop_lut4_I0_O)        0.124     0.264 f  crw/sccb_c/delay_reg[0]_i_5/O
                         net (fo=1, routed)           0.292     0.556    crw/sccb_c/delay_reg[0]_i_5_n_0
    SLICE_X29Y62         LUT5 (Prop_lut5_I4_O)        0.124     0.680 f  crw/sccb_c/delay_reg[0]_i_4/O
                         net (fo=1, routed)           0.421     1.101    crw/sccb_c/delay_reg[0]_i_4_n_0
    SLICE_X30Y62         LUT6 (Prop_lut6_I5_O)        0.124     1.225 f  crw/sccb_c/delay_reg[0]_i_2/O
                         net (fo=2, routed)           0.298     1.523    crw/sccb_c/delay_reg[0]_i_2_n_0
    SLICE_X30Y62         LUT2 (Prop_lut2_I0_O)        0.124     1.647 f  crw/sccb_c/FSM_sequential_phy_state_reg[3]_i_3/O
                         net (fo=19, routed)          0.539     2.185    crw/sccb_c/FSM_sequential_phy_state_reg[3]_i_3_n_0
    SLICE_X30Y64         LUT2 (Prop_lut2_I0_O)        0.124     2.309 r  crw/sccb_c/FSM_sequential_phy_state_reg[3]_i_1/O
                         net (fo=6, routed)           0.498     2.808    crw/sccb_c/phy_state_next
    SLICE_X31Y65         LUT6 (Prop_lut6_I1_O)        0.124     2.932 r  crw/sccb_c/sda_o_reg_i_1/O
                         net (fo=1, routed)           0.568     3.500    crw/sccb_c/sda_o_next11_out
    SLICE_X31Y65         FDSE                                         r  crw/sccb_c/sda_o_reg_reg/CE
  -------------------------------------------------------------------    -------------------

                         (clock clk_camera_clk_wiz_0 rise edge)
                                                      5.000     5.000 r  
    N15                                               0.000     5.000 r  clk_100mhz (IN)
                         net (fo=0)                   0.000     5.000    lcw/clk_in1
    N15                  IBUF (Prop_ibuf_I_O)         1.370     6.370 r  lcw/clkin1_ibufg/O
                         net (fo=1, routed)           1.162     7.532    lcw/clk_in1_clk_wiz_0
    MMCME2_ADV_X0Y0      MMCME2_ADV (Prop_mmcme2_adv_CLKIN1_CLKOUT3)
                                                     -7.221     0.311 r  lcw/mmcm_adv_inst/CLKOUT3
                         net (fo=1, routed)           1.587     1.898    lcw/clk_camera_clk_wiz_0
    BUFGCTRL_X0Y1        BUFG (Prop_bufg_I_O)         0.091     1.989 r  lcw/clkout4_buf/O
                         net (fo=648, routed)         1.429     3.417    crw/sccb_c/clk_camera
    SLICE_X31Y65         FDSE                                         r  crw/sccb_c/sda_o_reg_reg/C
                         clock pessimism              0.561     3.978    
                         clock uncertainty           -0.067     3.911    
    SLICE_X31Y65         FDSE (Setup_fdse_C_CE)      -0.205     3.706    crw/sccb_c/sda_o_reg_reg
  -------------------------------------------------------------------
                         required time                          3.706    
                         arrival time                          -3.500    
  -------------------------------------------------------------------
                         slack                                  0.207    





Min Delay Paths
--------------------------------------------------------------------------------------
Slack (MET) :             0.014ns  (arrival time - required time)
  Source:                 highdef_fb/camera_data_fifo/xpm_fifo_axis_inst/xpm_fifo_base_inst/gen_cdc_pntr.rpw_gray_reg/reg_out_i_reg[5]/C
                            (rising edge-triggered cell FDRE clocked by clk_camera_clk_wiz_0  {rise@0.000ns fall@2.500ns period=5.000ns})
  Destination:            highdef_fb/camera_data_fifo/xpm_fifo_axis_inst/xpm_fifo_base_inst/gen_pf_ic_rc.gpf_ic.diff_pntr_pf_q_reg[6]/D
                            (rising edge-triggered cell FDRE clocked by clk_camera_clk_wiz_0  {rise@0.000ns fall@2.500ns period=5.000ns})
  Path Group:             clk_camera_clk_wiz_0
  Path Type:              Hold (Min at Fast Process Corner)
  Requirement:            0.000ns  (clk_camera_clk_wiz_0 rise@0.000ns - clk_camera_clk_wiz_0 rise@0.000ns)
  Data Path Delay:        0.415ns  (logic 0.252ns (60.774%)  route 0.163ns (39.226%))
  Logic Levels:           2  (CARRY4=1 LUT2=1)
  Clock Path Skew:        0.267ns (DCD - SCD - CPR)
    Destination Clock Delay (DCD):    -0.876ns
    Source Clock Delay      (SCD):    -0.635ns
    Clock Pessimism Removal (CPR):    -0.508ns

    Location             Delay type                Incr(ns)  Path(ns)    Netlist Resource(s)
  -------------------------------------------------------------------    -------------------
                         (clock clk_camera_clk_wiz_0 rise edge)
                                                      0.000     0.000 r  
    N15                                               0.000     0.000 r  clk_100mhz (IN)
                         net (fo=0)                   0.000     0.000    lcw/clk_in1
    N15                  IBUF (Prop_ibuf_I_O)         0.209     0.209 r  lcw/clkin1_ibufg/O
                         net (fo=1, routed)           0.440     0.649    lcw/clk_in1_clk_wiz_0
    MMCME2_ADV_X0Y0      MMCME2_ADV (Prop_mmcme2_adv_CLKIN1_CLKOUT3)
                                                     -2.362    -1.714 r  lcw/mmcm_adv_inst/CLKOUT3
                         net (fo=1, routed)           0.489    -1.225    lcw/clk_camera_clk_wiz_0
    BUFGCTRL_X0Y1        BUFG (Prop_bufg_I_O)         0.026    -1.199 r  lcw/clkout4_buf/O
                         net (fo=648, routed)         0.564    -0.635    highdef_fb/camera_data_fifo/xpm_fifo_axis_inst/xpm_fifo_base_inst/gen_cdc_pntr.rpw_gray_reg/wr_clk
    SLICE_X32Y49         FDRE                                         r  highdef_fb/camera_data_fifo/xpm_fifo_axis_inst/xpm_fifo_base_inst/gen_cdc_pntr.rpw_gray_reg/reg_out_i_reg[5]/C
  -------------------------------------------------------------------    -------------------
    SLICE_X32Y49         FDRE (Prop_fdre_C_Q)         0.141    -0.494 r  highdef_fb/camera_data_fifo/xpm_fifo_axis_inst/xpm_fifo_base_inst/gen_cdc_pntr.rpw_gray_reg/reg_out_i_reg[5]/Q
                         net (fo=3, routed)           0.163    -0.332    highdef_fb/camera_data_fifo/xpm_fifo_axis_inst/xpm_fifo_base_inst/wrpp1_inst/gen_pf_ic_rc.gpf_ic.diff_pntr_pf_q_reg[7][5]
    SLICE_X30Y50         LUT2 (Prop_lut2_I1_O)        0.045    -0.287 r  highdef_fb/camera_data_fifo/xpm_fifo_axis_inst/xpm_fifo_base_inst/wrpp1_inst/gen_pf_ic_rc.gpf_ic.diff_pntr_pf_q[7]_i_3/O
                         net (fo=1, routed)           0.000    -0.287    highdef_fb/camera_data_fifo/xpm_fifo_axis_inst/xpm_fifo_base_inst/wrpp1_inst/gen_pf_ic_rc.gpf_ic.diff_pntr_pf_q[7]_i_3_n_0
    SLICE_X30Y50         CARRY4 (Prop_carry4_S[1]_O[1])
                                                      0.066    -0.221 r  highdef_fb/camera_data_fifo/xpm_fifo_axis_inst/xpm_fifo_base_inst/wrpp1_inst/gen_pf_ic_rc.gpf_ic.diff_pntr_pf_q_reg[7]_i_1/O[1]
                         net (fo=1, routed)           0.000    -0.221    highdef_fb/camera_data_fifo/xpm_fifo_axis_inst/xpm_fifo_base_inst/diff_pntr_pf_q0[6]
    SLICE_X30Y50         FDRE                                         r  highdef_fb/camera_data_fifo/xpm_fifo_axis_inst/xpm_fifo_base_inst/gen_pf_ic_rc.gpf_ic.diff_pntr_pf_q_reg[6]/D
  -------------------------------------------------------------------    -------------------

                         (clock clk_camera_clk_wiz_0 rise edge)
                                                      0.000     0.000 r  
    N15                                               0.000     0.000 r  clk_100mhz (IN)
                         net (fo=0)                   0.000     0.000    lcw/clk_in1
    N15                  IBUF (Prop_ibuf_I_O)         0.396     0.396 r  lcw/clkin1_ibufg/O
                         net (fo=1, routed)           0.480     0.876    lcw/clk_in1_clk_wiz_0
    MMCME2_ADV_X0Y0      MMCME2_ADV (Prop_mmcme2_adv_CLKIN1_CLKOUT3)
                                                     -3.145    -2.269 r  lcw/mmcm_adv_inst/CLKOUT3
                         net (fo=1, routed)           0.534    -1.735    lcw/clk_camera_clk_wiz_0
    BUFGCTRL_X0Y1        BUFG (Prop_bufg_I_O)         0.029    -1.706 r  lcw/clkout4_buf/O
                         net (fo=648, routed)         0.830    -0.876    highdef_fb/camera_data_fifo/xpm_fifo_axis_inst/xpm_fifo_base_inst/wr_clk
    SLICE_X30Y50         FDRE                                         r  highdef_fb/camera_data_fifo/xpm_fifo_axis_inst/xpm_fifo_base_inst/gen_pf_ic_rc.gpf_ic.diff_pntr_pf_q_reg[6]/C
                         clock pessimism              0.508    -0.368    
    SLICE_X30Y50         FDRE (Hold_fdre_C_D)         0.134    -0.234    highdef_fb/camera_data_fifo/xpm_fifo_axis_inst/xpm_fifo_base_inst/gen_pf_ic_rc.gpf_ic.diff_pntr_pf_q_reg[6]
  -------------------------------------------------------------------
                         required time                          0.234    
                         arrival time                          -0.221    
  -------------------------------------------------------------------
                         slack                                  0.014    





Pulse Width Checks
--------------------------------------------------------------------------------------
Clock Name:         clk_camera_clk_wiz_0
Waveform(ns):       { 0.000 2.500 }
Period(ns):         5.000
Sources:            { lcw/mmcm_adv_inst/CLKOUT3 }

Check Type        Corner  Lib Pin            Reference Pin  Required(ns)  Actual(ns)  Slack(ns)  Location         Pin
Min Period        n/a     IDELAYCTRL/REFCLK  n/a            3.225         5.000       1.775      IDELAYCTRL_X1Y0  highdef_fb/ddr3_top/ddr3_phy_inst/IDELAYCTRL_inst/REFCLK
Max Period        n/a     IDELAYCTRL/REFCLK  n/a            5.264         5.000       0.264      IDELAYCTRL_X1Y0  highdef_fb/ddr3_top/ddr3_phy_inst/IDELAYCTRL_inst/REFCLK
Low Pulse Width   Slow    FDRE/C             n/a            0.500         2.500       2.000      SLICE_X36Y15     addra_reg[0]/C
High Pulse Width  Slow    FDRE/C             n/a            0.500         2.500       2.000      SLICE_X36Y15     addra_reg[0]/C



---------------------------------------------------------------------------------------------------
From Clock:  clk_controller_clk_wiz_0
  To Clock:  clk_controller_clk_wiz_0

Setup :            5  Failing Endpoints,  Worst Slack       -0.189ns,  Total Violation       -0.790ns
Hold  :            0  Failing Endpoints,  Worst Slack        0.014ns,  Total Violation        0.000ns
PW    :            0  Failing Endpoints,  Worst Slack        4.750ns,  Total Violation        0.000ns
---------------------------------------------------------------------------------------------------


Max Delay Paths
--------------------------------------------------------------------------------------
Slack (VIOLATED) :        -0.189ns  (required time - arrival time)
  Source:                 highdef_fb/ddr3_top/ddr3_controller_inst/bank_status_q_reg[3]/C
                            (rising edge-triggered cell FDRE clocked by clk_controller_clk_wiz_0  {rise@0.000ns fall@6.000ns period=12.000ns})
  Destination:            highdef_fb/ddr3_top/ddr3_controller_inst/o_wb_stall_reg_rep__0/D
                            (rising edge-triggered cell FDRE clocked by clk_controller_clk_wiz_0  {rise@0.000ns fall@6.000ns period=12.000ns})
  Path Group:             clk_controller_clk_wiz_0
  Path Type:              Setup (Max at Slow Process Corner)
  Requirement:            12.000ns  (clk_controller_clk_wiz_0 rise@12.000ns - clk_controller_clk_wiz_0 rise@0.000ns)
  Data Path Delay:        12.090ns  (logic 3.976ns (32.888%)  route 8.114ns (67.112%))
  Logic Levels:           14  (CARRY4=2 LUT2=1 LUT3=1 LUT4=1 LUT5=1 LUT6=6 MUXF7=2)
  Clock Path Skew:        -0.103ns (DCD - SCD + CPR)
    Destination Clock Delay (DCD):    -1.566ns = ( 10.434 - 12.000 ) 
    Source Clock Delay      (SCD):    -0.973ns
    Clock Pessimism Removal (CPR):    0.490ns
  Clock Uncertainty:      0.076ns  ((TSJ^2 + DJ^2)^1/2) / 2 + PE
    Total System Jitter     (TSJ):    0.071ns
    Discrete Jitter          (DJ):    0.134ns
    Phase Error              (PE):    0.000ns

    Location             Delay type                Incr(ns)  Path(ns)    Netlist Resource(s)
  -------------------------------------------------------------------    -------------------
                         (clock clk_controller_clk_wiz_0 rise edge)
                                                      0.000     0.000 r  
    N15                                               0.000     0.000 r  clk_100mhz (IN)
                         net (fo=0)                   0.000     0.000    lcw/clk_in1
    N15                  IBUF (Prop_ibuf_I_O)         1.440     1.440 r  lcw/clkin1_ibufg/O
                         net (fo=1, routed)           1.233     2.673    lcw/clk_in1_clk_wiz_0
    MMCME2_ADV_X0Y0      MMCME2_ADV (Prop_mmcme2_adv_CLKIN1_CLKOUT0)
                                                     -6.965    -4.291 r  lcw/mmcm_adv_inst/CLKOUT0
                         net (fo=1, routed)           1.666    -2.625    lcw/clk_controller_clk_wiz_0
    BUFGCTRL_X0Y0        BUFG (Prop_bufg_I_O)         0.096    -2.529 r  lcw/clkout1_buf/O
                         net (fo=2557, routed)        1.556    -0.973    highdef_fb/ddr3_top/ddr3_controller_inst/i_controller_clk
    SLICE_X33Y32         FDRE                                         r  highdef_fb/ddr3_top/ddr3_controller_inst/bank_status_q_reg[3]/C
  -------------------------------------------------------------------    -------------------
    SLICE_X33Y32         FDRE (Prop_fdre_C_Q)         0.456    -0.517 r  highdef_fb/ddr3_top/ddr3_controller_inst/bank_status_q_reg[3]/Q
                         net (fo=3, routed)           1.253     0.737    highdef_fb/ddr3_top/ddr3_controller_inst/bank_status_q_reg_n_0_[3]
    SLICE_X33Y32         LUT6 (Prop_lut6_I0_O)        0.124     0.861 r  highdef_fb/ddr3_top/ddr3_controller_inst/o_phy_cmd[64]_INST_0_i_2/O
                         net (fo=1, routed)           0.000     0.861    highdef_fb/ddr3_top/ddr3_controller_inst/o_phy_cmd[64]_INST_0_i_2_n_0
    SLICE_X33Y32         MUXF7 (Prop_muxf7_I0_O)      0.212     1.073 r  highdef_fb/ddr3_top/ddr3_controller_inst/o_phy_cmd[64]_INST_0_i_1/O
                         net (fo=48, routed)          1.154     2.227    highdef_fb/ddr3_top/ddr3_controller_inst/o_phy_cmd[64]_INST_0_i_1_n_0
    SLICE_X37Y30         LUT2 (Prop_lut2_I0_O)        0.325     2.552 r  highdef_fb/ddr3_top/ddr3_controller_inst/o_phy_cmd[70]_INST_0_i_1/O
                         net (fo=21, routed)          0.468     3.020    highdef_fb/ddr3_top/ddr3_controller_inst/o_phy_cmd[70]_INST_0_i_1_n_0
    SLICE_X37Y30         LUT3 (Prop_lut3_I0_O)        0.326     3.346 f  highdef_fb/ddr3_top/ddr3_controller_inst/o_phy_cmd[70]_INST_0_i_2/O
                         net (fo=32, routed)          0.774     4.120    highdef_fb/ddr3_top/ddr3_controller_inst/o_phy_cmd[70]_INST_0_i_2_n_0
    SLICE_X39Y28         LUT4 (Prop_lut4_I3_O)        0.119     4.239 r  highdef_fb/ddr3_top/ddr3_controller_inst/delay_before_precharge_counter_q[7][2]_i_2/O
                         net (fo=19, routed)          0.877     5.116    highdef_fb/ddr3_top/ddr3_controller_inst/delay_before_precharge_counter_q[7][2]_i_2_n_0
    SLICE_X42Y25         LUT5 (Prop_lut5_I1_O)        0.332     5.448 r  highdef_fb/ddr3_top/ddr3_controller_inst/bank_active_row_q[7][4]_i_1/O
                         net (fo=3, routed)           0.868     6.316    highdef_fb/ddr3_top/ddr3_controller_inst/bank_active_row_q[7][4]_i_1_n_0
    SLICE_X43Y25         LUT6 (Prop_lut6_I0_O)        0.124     6.440 r  highdef_fb/ddr3_top/ddr3_controller_inst/o_wb_stall_q_i_130/O
                         net (fo=1, routed)           0.000     6.440    highdef_fb/ddr3_top/ddr3_controller_inst/o_wb_stall_q_i_130_n_0
    SLICE_X43Y25         MUXF7 (Prop_muxf7_I1_O)      0.217     6.657 r  highdef_fb/ddr3_top/ddr3_controller_inst/o_wb_stall_q_reg_i_80/O
                         net (fo=1, routed)           0.986     7.643    highdef_fb/ddr3_top/ddr3_controller_inst/o_wb_stall_q_reg_i_80_n_0
    SLICE_X41Y28         LUT6 (Prop_lut6_I5_O)        0.299     7.942 r  highdef_fb/ddr3_top/ddr3_controller_inst/o_wb_stall_q_i_34/O
                         net (fo=1, routed)           0.000     7.942    highdef_fb/ddr3_top/ddr3_controller_inst/o_wb_stall_q_i_34_n_0
    SLICE_X41Y28         CARRY4 (Prop_carry4_S[1]_CO[3])
                                                      0.550     8.492 r  highdef_fb/ddr3_top/ddr3_controller_inst/o_wb_stall_q_reg_i_15/CO[3]
                         net (fo=1, routed)           0.000     8.492    highdef_fb/ddr3_top/ddr3_controller_inst/o_wb_stall_q_reg_i_15_n_0
    SLICE_X41Y29         CARRY4 (Prop_carry4_CI_CO[0])
                                                      0.271     8.763 f  highdef_fb/ddr3_top/ddr3_controller_inst/o_wb_stall_q_reg_i_6/CO[0]
                         net (fo=1, routed)           0.480     9.244    highdef_fb/ddr3_top/ddr3_controller_inst/stage2_stall2
    SLICE_X38Y32         LUT6 (Prop_lut6_I0_O)        0.373     9.617 r  highdef_fb/ddr3_top/ddr3_controller_inst/o_wb_stall_q_i_2/O
                         net (fo=1, routed)           0.765    10.381    highdef_fb/ddr3_top/ddr3_controller_inst/o_wb_stall_q_i_2_n_0
    SLICE_X41Y40         LUT6 (Prop_lut6_I0_O)        0.124    10.505 r  highdef_fb/ddr3_top/ddr3_controller_inst/o_wb_stall_q_i_1/O
                         net (fo=5, routed)           0.488    10.993    highdef_fb/ddr3_top/ddr3_controller_inst/o_wb_stall_d22_out
    SLICE_X42Y40         LUT6 (Prop_lut6_I2_O)        0.124    11.117 r  highdef_fb/ddr3_top/ddr3_controller_inst/o_wb_stall_rep_i_1__0/O
                         net (fo=1, routed)           0.000    11.117    highdef_fb/ddr3_top/ddr3_controller_inst/o_wb_stall_rep_i_1__0_n_0
    SLICE_X42Y40         FDRE                                         r  highdef_fb/ddr3_top/ddr3_controller_inst/o_wb_stall_reg_rep__0/D
  -------------------------------------------------------------------    -------------------

                         (clock clk_controller_clk_wiz_0 rise edge)
                                                     12.000    12.000 r  
    N15                                               0.000    12.000 r  clk_100mhz (IN)
                         net (fo=0)                   0.000    12.000    lcw/clk_in1
    N15                  IBUF (Prop_ibuf_I_O)         1.370    13.370 r  lcw/clkin1_ibufg/O
                         net (fo=1, routed)           1.162    14.532    lcw/clk_in1_clk_wiz_0
    MMCME2_ADV_X0Y0      MMCME2_ADV (Prop_mmcme2_adv_CLKIN1_CLKOUT0)
                                                     -7.221     7.311 r  lcw/mmcm_adv_inst/CLKOUT0
                         net (fo=1, routed)           1.587     8.898    lcw/clk_controller_clk_wiz_0
    BUFGCTRL_X0Y0        BUFG (Prop_bufg_I_O)         0.091     8.989 r  lcw/clkout1_buf/O
                         net (fo=2557, routed)        1.445    10.434    highdef_fb/ddr3_top/ddr3_controller_inst/i_controller_clk
    SLICE_X42Y40         FDRE                                         r  highdef_fb/ddr3_top/ddr3_controller_inst/o_wb_stall_reg_rep__0/C
                         clock pessimism              0.490    10.924    
                         clock uncertainty           -0.076    10.849    
    SLICE_X42Y40         FDRE (Setup_fdre_C_D)        0.079    10.928    highdef_fb/ddr3_top/ddr3_controller_inst/o_wb_stall_reg_rep__0
  -------------------------------------------------------------------
                         required time                         10.928    
                         arrival time                         -11.117    
  -------------------------------------------------------------------
                         slack                                 -0.189    





Min Delay Paths
--------------------------------------------------------------------------------------
Slack (MET) :             0.014ns  (arrival time - required time)
  Source:                 highdef_fb/camera_data_fifo/xpm_fifo_axis_inst/xpm_fifo_base_inst/rdpp1_inst/count_value_i_reg[3]/C
                            (rising edge-triggered cell FDRE clocked by clk_controller_clk_wiz_0  {rise@0.000ns fall@6.000ns period=12.000ns})
  Destination:            highdef_fb/camera_data_fifo/xpm_fifo_axis_inst/xpm_fifo_base_inst/rdpp1_inst/count_value_i_reg[5]/D
                            (rising edge-triggered cell FDRE clocked by clk_controller_clk_wiz_0  {rise@0.000ns fall@6.000ns period=12.000ns})
  Path Group:             clk_controller_clk_wiz_0
  Path Type:              Hold (Min at Fast Process Corner)
  Requirement:            0.000ns  (clk_controller_clk_wiz_0 rise@0.000ns - clk_controller_clk_wiz_0 rise@0.000ns)
  Data Path Delay:        0.401ns  (logic 0.186ns (46.398%)  route 0.215ns (53.602%))
  Logic Levels:           1  (LUT5=1)
  Clock Path Skew:        0.267ns (DCD - SCD - CPR)
    Destination Clock Delay (DCD):    -0.876ns
    Source Clock Delay      (SCD):    -0.635ns
    Clock Pessimism Removal (CPR):    -0.508ns

    Location             Delay type                Incr(ns)  Path(ns)    Netlist Resource(s)
  -------------------------------------------------------------------    -------------------
                         (clock clk_controller_clk_wiz_0 rise edge)
                                                      0.000     0.000 r  
    N15                                               0.000     0.000 r  clk_100mhz (IN)
                         net (fo=0)                   0.000     0.000    lcw/clk_in1
    N15                  IBUF (Prop_ibuf_I_O)         0.209     0.209 r  lcw/clkin1_ibufg/O
                         net (fo=1, routed)           0.440     0.649    lcw/clk_in1_clk_wiz_0
    MMCME2_ADV_X0Y0      MMCME2_ADV (Prop_mmcme2_adv_CLKIN1_CLKOUT0)
                                                     -2.362    -1.714 r  lcw/mmcm_adv_inst/CLKOUT0
                         net (fo=1, routed)           0.489    -1.225    lcw/clk_controller_clk_wiz_0
    BUFGCTRL_X0Y0        BUFG (Prop_bufg_I_O)         0.026    -1.199 r  lcw/clkout1_buf/O
                         net (fo=2557, routed)        0.564    -0.635    highdef_fb/camera_data_fifo/xpm_fifo_axis_inst/xpm_fifo_base_inst/rdpp1_inst/rd_clk
    SLICE_X39Y49         FDRE                                         r  highdef_fb/camera_data_fifo/xpm_fifo_axis_inst/xpm_fifo_base_inst/rdpp1_inst/count_value_i_reg[3]/C
  -------------------------------------------------------------------    -------------------
    SLICE_X39Y49         FDRE (Prop_fdre_C_Q)         0.141    -0.494 r  highdef_fb/camera_data_fifo/xpm_fifo_axis_inst/xpm_fifo_base_inst/rdpp1_inst/count_value_i_reg[3]/Q
                         net (fo=5, routed)           0.215    -0.279    highdef_fb/camera_data_fifo/xpm_fifo_axis_inst/xpm_fifo_base_inst/rdpp1_inst/Q[3]
    SLICE_X38Y50         LUT5 (Prop_lut5_I0_O)        0.045    -0.234 r  highdef_fb/camera_data_fifo/xpm_fifo_axis_inst/xpm_fifo_base_inst/rdpp1_inst/count_value_i[5]_i_1__3/O
                         net (fo=1, routed)           0.000    -0.234    highdef_fb/camera_data_fifo/xpm_fifo_axis_inst/xpm_fifo_base_inst/rdpp1_inst/count_value_i[5]_i_1__3_n_0
    SLICE_X38Y50         FDRE                                         r  highdef_fb/camera_data_fifo/xpm_fifo_axis_inst/xpm_fifo_base_inst/rdpp1_inst/count_value_i_reg[5]/D
  -------------------------------------------------------------------    -------------------

                         (clock clk_controller_clk_wiz_0 rise edge)
                                                      0.000     0.000 r  
    N15                                               0.000     0.000 r  clk_100mhz (IN)
                         net (fo=0)                   0.000     0.000    lcw/clk_in1
    N15                  IBUF (Prop_ibuf_I_O)         0.396     0.396 r  lcw/clkin1_ibufg/O
                         net (fo=1, routed)           0.480     0.876    lcw/clk_in1_clk_wiz_0
    MMCME2_ADV_X0Y0      MMCME2_ADV (Prop_mmcme2_adv_CLKIN1_CLKOUT0)
                                                     -3.145    -2.269 r  lcw/mmcm_adv_inst/CLKOUT0
                         net (fo=1, routed)           0.534    -1.735    lcw/clk_controller_clk_wiz_0
    BUFGCTRL_X0Y0        BUFG (Prop_bufg_I_O)         0.029    -1.706 r  lcw/clkout1_buf/O
                         net (fo=2557, routed)        0.830    -0.876    highdef_fb/camera_data_fifo/xpm_fifo_axis_inst/xpm_fifo_base_inst/rdpp1_inst/rd_clk
    SLICE_X38Y50         FDRE                                         r  highdef_fb/camera_data_fifo/xpm_fifo_axis_inst/xpm_fifo_base_inst/rdpp1_inst/count_value_i_reg[5]/C
                         clock pessimism              0.508    -0.368    
    SLICE_X38Y50         FDRE (Hold_fdre_C_D)         0.120    -0.248    highdef_fb/camera_data_fifo/xpm_fifo_axis_inst/xpm_fifo_base_inst/rdpp1_inst/count_value_i_reg[5]
  -------------------------------------------------------------------
                         required time                          0.248    
                         arrival time                          -0.234    
  -------------------------------------------------------------------
                         slack                                  0.014    





Pulse Width Checks
--------------------------------------------------------------------------------------
Clock Name:         clk_controller_clk_wiz_0
Waveform(ns):       { 0.000 6.000 }
Period(ns):         12.000
Sources:            { lcw/mmcm_adv_inst/CLKOUT0 }

Check Type        Corner  Lib Pin             Reference Pin  Required(ns)  Actual(ns)  Slack(ns)  Location         Pin
Min Period        n/a     RAMB36E1/CLKARDCLK  n/a            2.576         12.000      9.424      RAMB36_X1Y9      highdef_fb/camera_data_fifo/xpm_fifo_axis_inst/xpm_fifo_base_inst/gen_sdpram.xpm_memory_base_inst/gen_wr_a.gen_word_narrow.mem_reg_0/CLKARDCLK
Max Period        n/a     MMCME2_ADV/CLKOUT0  n/a            213.360       12.000      201.360    MMCME2_ADV_X0Y0  lcw/mmcm_adv_inst/CLKOUT0
Low Pulse Width   Slow    RAMD64E/CLK         n/a            1.250         6.000       4.750      SLICE_X42Y37     highdef_fb/traffic_generator_inst/mcf/fifo_reg_0_63_0_2/RAMA/CLK
High Pulse Width  Slow    RAMD64E/CLK         n/a            1.250         6.000       4.750      SLICE_X42Y37     highdef_fb/traffic_generator_inst/mcf/fifo_reg_0_63_0_2/RAMA/CLK



---------------------------------------------------------------------------------------------------
From Clock:  clk_ddr3_90_clk_wiz_0
  To Clock:  clk_ddr3_90_clk_wiz_0

Setup :           NA  Failing Endpoints,  Worst Slack           NA  ,  Total Violation           NA
Hold  :           NA  Failing Endpoints,  Worst Slack           NA  ,  Total Violation           NA
PW    :            0  Failing Endpoints,  Worst Slack        0.845ns,  Total Violation        0.000ns
---------------------------------------------------------------------------------------------------


Pulse Width Checks
--------------------------------------------------------------------------------------
Clock Name:         clk_ddr3_90_clk_wiz_0
Waveform(ns):       { 0.750 2.250 }
Period(ns):         3.000
Sources:            { lcw/mmcm_adv_inst/CLKOUT2 }

Check Type  Corner  Lib Pin             Reference Pin  Required(ns)  Actual(ns)  Slack(ns)  Location         Pin
Min Period  n/a     BUFG/I              n/a            2.155         3.000       0.845      BUFGCTRL_X0Y4    lcw/clkout3_buf/I
Max Period  n/a     MMCME2_ADV/CLKOUT2  n/a            213.360       3.000       210.360    MMCME2_ADV_X0Y0  lcw/mmcm_adv_inst/CLKOUT2



---------------------------------------------------------------------------------------------------
From Clock:  clk_ddr3_clk_wiz_0
  To Clock:  clk_ddr3_clk_wiz_0

Setup :           NA  Failing Endpoints,  Worst Slack           NA  ,  Total Violation           NA
Hold  :           NA  Failing Endpoints,  Worst Slack           NA  ,  Total Violation           NA
PW    :            0  Failing Endpoints,  Worst Slack        0.845ns,  Total Violation        0.000ns
---------------------------------------------------------------------------------------------------


Pulse Width Checks
--------------------------------------------------------------------------------------
Clock Name:         clk_ddr3_clk_wiz_0
Waveform(ns):       { 0.000 1.500 }
Period(ns):         3.000
Sources:            { lcw/mmcm_adv_inst/CLKOUT1 }

Check Type  Corner  Lib Pin             Reference Pin  Required(ns)  Actual(ns)  Slack(ns)  Location         Pin
Min Period  n/a     BUFG/I              n/a            2.155         3.000       0.845      BUFGCTRL_X0Y3    lcw/clkout2_buf/I
Max Period  n/a     MMCME2_ADV/CLKOUT1  n/a            213.360       3.000       210.360    MMCME2_ADV_X0Y0  lcw/mmcm_adv_inst/CLKOUT1



---------------------------------------------------------------------------------------------------
From Clock:  clk_passthrough_clk_wiz_0
  To Clock:  clk_passthrough_clk_wiz_0

Setup :           NA  Failing Endpoints,  Worst Slack           NA  ,  Total Violation           NA
Hold  :           NA  Failing Endpoints,  Worst Slack           NA  ,  Total Violation           NA
PW    :            0  Failing Endpoints,  Worst Slack        3.000ns,  Total Violation        0.000ns
---------------------------------------------------------------------------------------------------


Pulse Width Checks
--------------------------------------------------------------------------------------
Clock Name:         clk_passthrough_clk_wiz_0
Waveform(ns):       { 0.000 5.000 }
Period(ns):         10.000
Sources:            { lcw/mmcm_adv_inst/CLKOUT5 }

Check Type        Corner  Lib Pin            Reference Pin  Required(ns)  Actual(ns)  Slack(ns)  Location         Pin
Min Period        n/a     BUFG/I             n/a            2.155         10.000      7.845      BUFGCTRL_X0Y8    lcw/clkout6_buf/I
Max Period        n/a     MMCME2_ADV/CLKIN1  n/a            100.000       10.000      90.000     MMCME2_ADV_X1Y0  wizard_hdmi/mmcm_adv_inst/CLKIN1
Low Pulse Width   Slow    MMCME2_ADV/CLKIN1  n/a            2.000         5.000       3.000      MMCME2_ADV_X1Y0  wizard_hdmi/mmcm_adv_inst/CLKIN1
High Pulse Width  Slow    MMCME2_ADV/CLKIN1  n/a            2.000         5.000       3.000      MMCME2_ADV_X1Y0  wizard_hdmi/mmcm_adv_inst/CLKIN1



---------------------------------------------------------------------------------------------------
From Clock:  clk_pixel_cw_hdmi
  To Clock:  clk_pixel_cw_hdmi

Setup :           42  Failing Endpoints,  Worst Slack       -3.216ns,  Total Violation     -111.297ns
Hold  :            0  Failing Endpoints,  Worst Slack        0.104ns,  Total Violation        0.000ns
PW    :            0  Failing Endpoints,  Worst Slack        6.234ns,  Total Violation        0.000ns
---------------------------------------------------------------------------------------------------


Max Delay Paths
--------------------------------------------------------------------------------------
Slack (VIOLATED) :        -3.216ns  (required time - arrival time)
  Source:                 vsg/h_count_reg[8]/C
                            (rising edge-triggered cell FDRE clocked by clk_pixel_cw_hdmi  {rise@0.000ns fall@6.734ns period=13.468ns})
  Destination:            tmds_green/cnt_reg[4]/D
                            (rising edge-triggered cell FDRE clocked by clk_pixel_cw_hdmi  {rise@0.000ns fall@6.734ns period=13.468ns})
  Path Group:             clk_pixel_cw_hdmi
  Path Type:              Setup (Max at Slow Process Corner)
  Requirement:            13.468ns  (clk_pixel_cw_hdmi rise@13.468ns - clk_pixel_cw_hdmi rise@0.000ns)
  Data Path Delay:        16.457ns  (logic 7.482ns (45.463%)  route 8.975ns (54.537%))
  Logic Levels:           16  (CARRY4=2 DSP48E1=1 LUT1=1 LUT2=1 LUT3=1 LUT4=1 LUT5=2 LUT6=6 MUXF7=1)
  Clock Path Skew:        -0.049ns (DCD - SCD + CPR)
    Destination Clock Delay (DCD):    -1.578ns = ( 11.890 - 13.468 ) 
    Source Clock Delay      (SCD):    -0.967ns
    Clock Pessimism Removal (CPR):    0.562ns
  Clock Uncertainty:      0.210ns  ((TSJ^2 + DJ^2)^1/2) / 2 + PE
    Total System Jitter     (TSJ):    0.071ns
    Discrete Jitter          (DJ):    0.414ns
    Phase Error              (PE):    0.000ns

    Location             Delay type                Incr(ns)  Path(ns)    Netlist Resource(s)
  -------------------------------------------------------------------    -------------------
                         (clock clk_pixel_cw_hdmi rise edge)
                                                      0.000     0.000 r  
    N15                                               0.000     0.000 r  clk_100mhz (IN)
                         net (fo=0)                   0.000     0.000    lcw/clk_in1
    N15                  IBUF (Prop_ibuf_I_O)         1.440     1.440 r  lcw/clkin1_ibufg/O
                         net (fo=1, routed)           1.233     2.673    lcw/clk_in1_clk_wiz_0
    MMCME2_ADV_X0Y0      MMCME2_ADV (Prop_mmcme2_adv_CLKIN1_CLKOUT5)
                                                     -6.965    -4.291 r  lcw/mmcm_adv_inst/CLKOUT5
                         net (fo=1, routed)           1.666    -2.625    lcw/clk_passthrough_clk_wiz_0
    BUFGCTRL_X0Y8        BUFG (Prop_bufg_I_O)         0.096    -2.529 r  lcw/clkout6_buf/O
                         net (fo=1, routed)           1.575    -0.954    wizard_hdmi/sysclk
    MMCME2_ADV_X1Y0      MMCME2_ADV (Prop_mmcme2_adv_CLKIN1_CLKOUT0)
                                                     -3.333    -4.286 r  wizard_hdmi/mmcm_adv_inst/CLKOUT0
                         net (fo=1, routed)           1.661    -2.625    wizard_hdmi/clk_pixel_cw_hdmi
    BUFGCTRL_X0Y2        BUFG (Prop_bufg_I_O)         0.096    -2.529 r  wizard_hdmi/clkout1_buf/O
                         net (fo=474, routed)         1.562    -0.967    vsg/clk_pixel
    SLICE_X11Y15         FDRE                                         r  vsg/h_count_reg[8]/C
  -------------------------------------------------------------------    -------------------
    SLICE_X11Y15         FDRE (Prop_fdre_C_Q)         0.456    -0.511 r  vsg/h_count_reg[8]/Q
                         net (fo=22, routed)          0.856     0.345    vsg/out[8]
    SLICE_X10Y15         LUT6 (Prop_lut6_I0_O)        0.124     0.469 r  vsg/sen_sprite_x3_i_1/O
                         net (fo=1, routed)           0.534     1.003    word/A[5]
    DSP48_X0Y6           DSP48E1 (Prop_dsp48e1_A[10]_P[19])
                                                      3.841     4.844 f  word/sen_sprite_x3/P[19]
                         net (fo=3, routed)           0.652     5.495    word/sen_sprite_x10[1]
    SLICE_X10Y17         LUT1 (Prop_lut1_I0_O)        0.124     5.619 r  word/i__carry_i_3__0/O
                         net (fo=1, routed)           0.000     5.619    word/i__carry_i_3__0_n_0
    SLICE_X10Y17         CARRY4 (Prop_carry4_S[1]_O[2])
                                                      0.578     6.197 r  word/sen_sprite_x1_inferred__0/i__carry/O[2]
                         net (fo=16, routed)          1.072     7.270    word/O[2]
    SLICE_X8Y17          LUT6 (Prop_lut6_I2_O)        0.301     7.571 r  word/i__carry__1_i_8/O
                         net (fo=6, routed)           0.578     8.149    word/sen_sprite_x3_1
    SLICE_X11Y17         LUT4 (Prop_lut4_I2_O)        0.124     8.273 r  word/i__carry__1_i_6/O
                         net (fo=1, routed)           0.000     8.273    word/sensor_sprite/tmds[3]_i_11_0[1]
    SLICE_X11Y17         CARRY4 (Prop_carry4_S[1]_CO[3])
                                                      0.550     8.823 r  word/sensor_sprite/_inferred__0/i__carry__1/CO[3]
                         net (fo=2, routed)           0.958     9.780    vsg/CO[0]
    SLICE_X15Y20         LUT6 (Prop_lut6_I0_O)        0.124     9.904 f  vsg/tmds[3]_i_11/O
                         net (fo=1, routed)           0.000     9.904    vsg/tmds[3]_i_11_n_0
    SLICE_X15Y20         MUXF7 (Prop_muxf7_I1_O)      0.217    10.121 f  vsg/tmds_reg[3]_i_4/O
                         net (fo=36, routed)          0.810    10.931    rgbtoycrcb_m/img_red[0]
    SLICE_X12Y21         LUT6 (Prop_lut6_I3_O)        0.299    11.230 r  rgbtoycrcb_m/cnt[2]_i_8/O
                         net (fo=1, routed)           0.598    11.828    rgbtoycrcb_m/cnt[2]_i_8_n_0
    SLICE_X14Y21         LUT5 (Prop_lut5_I2_O)        0.124    11.952 r  rgbtoycrcb_m/cnt[2]_i_2__0/O
                         net (fo=25, routed)          0.358    12.309    rgbtoycrcb_m/cnt[2]_i_10
    SLICE_X13Y21         LUT3 (Prop_lut3_I2_O)        0.124    12.433 r  rgbtoycrcb_m/cnt[2]_i_11__0/O
                         net (fo=4, routed)           0.807    13.241    vsg/cnt_reg[2]_5
    SLICE_X13Y23         LUT6 (Prop_lut6_I1_O)        0.124    13.365 r  vsg/cnt[4]_i_9__0/O
                         net (fo=9, routed)           0.547    13.911    vsg/tmds[0]_i_2_0
    SLICE_X12Y22         LUT2 (Prop_lut2_I0_O)        0.124    14.035 r  vsg/cnt[4]_i_15__0/O
                         net (fo=3, routed)           0.777    14.812    vsg/cnt[4]_i_15__0_n_0
    SLICE_X13Y25         LUT6 (Prop_lut6_I3_O)        0.124    14.936 r  vsg/cnt[4]_i_4__0/O
                         net (fo=1, routed)           0.430    15.367    vsg/cnt[4]_i_4__0_n_0
    SLICE_X13Y24         LUT5 (Prop_lut5_I2_O)        0.124    15.491 r  vsg/cnt[4]_i_1/O
                         net (fo=1, routed)           0.000    15.491    tmds_green/D[3]
    SLICE_X13Y24         FDRE                                         r  tmds_green/cnt_reg[4]/D
  -------------------------------------------------------------------    -------------------

                         (clock clk_pixel_cw_hdmi rise edge)
                                                     13.468    13.468 r  
    N15                                               0.000    13.468 r  clk_100mhz (IN)
                         net (fo=0)                   0.000    13.468    lcw/clk_in1
    N15                  IBUF (Prop_ibuf_I_O)         1.370    14.838 r  lcw/clkin1_ibufg/O
                         net (fo=1, routed)           1.162    16.000    lcw/clk_in1_clk_wiz_0
    MMCME2_ADV_X0Y0      MMCME2_ADV (Prop_mmcme2_adv_CLKIN1_CLKOUT5)
                                                     -7.221     8.779 r  lcw/mmcm_adv_inst/CLKOUT5
                         net (fo=1, routed)           1.587    10.366    lcw/clk_passthrough_clk_wiz_0
    BUFGCTRL_X0Y8        BUFG (Prop_bufg_I_O)         0.091    10.457 r  lcw/clkout6_buf/O
                         net (fo=1, routed)           1.457    11.914    wizard_hdmi/sysclk
    MMCME2_ADV_X1Y0      MMCME2_ADV (Prop_mmcme2_adv_CLKIN1_CLKOUT0)
                                                     -3.129     8.785 r  wizard_hdmi/mmcm_adv_inst/CLKOUT0
                         net (fo=1, routed)           1.581    10.366    wizard_hdmi/clk_pixel_cw_hdmi
    BUFGCTRL_X0Y2        BUFG (Prop_bufg_I_O)         0.091    10.457 r  wizard_hdmi/clkout1_buf/O
                         net (fo=474, routed)         1.433    11.890    tmds_green/clk_pixel
    SLICE_X13Y24         FDRE                                         r  tmds_green/cnt_reg[4]/C
                         clock pessimism              0.562    12.452    
                         clock uncertainty           -0.210    12.243    
    SLICE_X13Y24         FDRE (Setup_fdre_C_D)        0.032    12.275    tmds_green/cnt_reg[4]
  -------------------------------------------------------------------
                         required time                         12.275    
                         arrival time                         -15.491    
  -------------------------------------------------------------------
                         slack                                 -3.216    





Min Delay Paths
--------------------------------------------------------------------------------------
Slack (MET) :             0.104ns  (arrival time - required time)
  Source:                 highdef_fb/unstacker_inst/shift_phrase_reg[57]/C
                            (rising edge-triggered cell FDRE clocked by clk_pixel_cw_hdmi  {rise@0.000ns fall@6.734ns period=13.468ns})
  Destination:            highdef_fb/unstacker_inst/shift_phrase_reg[41]/D
                            (rising edge-triggered cell FDRE clocked by clk_pixel_cw_hdmi  {rise@0.000ns fall@6.734ns period=13.468ns})
  Path Group:             clk_pixel_cw_hdmi
  Path Type:              Hold (Min at Fast Process Corner)
  Requirement:            0.000ns  (clk_pixel_cw_hdmi rise@0.000ns - clk_pixel_cw_hdmi rise@0.000ns)
  Data Path Delay:        0.238ns  (logic 0.186ns (78.117%)  route 0.052ns (21.883%))
  Logic Levels:           1  (LUT4=1)
  Clock Path Skew:        0.013ns (DCD - SCD - CPR)
    Destination Clock Delay (DCD):    -0.878ns
    Source Clock Delay      (SCD):    -0.637ns
    Clock Pessimism Removal (CPR):    -0.254ns

    Location             Delay type                Incr(ns)  Path(ns)    Netlist Resource(s)
  -------------------------------------------------------------------    -------------------
                         (clock clk_pixel_cw_hdmi rise edge)
                                                      0.000     0.000 r  
    N15                                               0.000     0.000 r  clk_100mhz (IN)
                         net (fo=0)                   0.000     0.000    lcw/clk_in1
    N15                  IBUF (Prop_ibuf_I_O)         0.209     0.209 r  lcw/clkin1_ibufg/O
                         net (fo=1, routed)           0.440     0.649    lcw/clk_in1_clk_wiz_0
    MMCME2_ADV_X0Y0      MMCME2_ADV (Prop_mmcme2_adv_CLKIN1_CLKOUT5)
                                                     -2.362    -1.714 r  lcw/mmcm_adv_inst/CLKOUT5
                         net (fo=1, routed)           0.489    -1.225    lcw/clk_passthrough_clk_wiz_0
    BUFGCTRL_X0Y8        BUFG (Prop_bufg_I_O)         0.026    -1.199 r  lcw/clkout6_buf/O
                         net (fo=1, routed)           0.549    -0.650    wizard_hdmi/sysclk
    MMCME2_ADV_X1Y0      MMCME2_ADV (Prop_mmcme2_adv_CLKIN1_CLKOUT0)
                                                     -1.061    -1.711 r  wizard_hdmi/mmcm_adv_inst/CLKOUT0
                         net (fo=1, routed)           0.486    -1.225    wizard_hdmi/clk_pixel_cw_hdmi
    BUFGCTRL_X0Y2        BUFG (Prop_bufg_I_O)         0.026    -1.199 r  wizard_hdmi/clkout1_buf/O
                         net (fo=474, routed)         0.562    -0.637    highdef_fb/unstacker_inst/clk_pixel
    SLICE_X57Y32         FDRE                                         r  highdef_fb/unstacker_inst/shift_phrase_reg[57]/C
  -------------------------------------------------------------------    -------------------
    SLICE_X57Y32         FDRE (Prop_fdre_C_Q)         0.141    -0.496 r  highdef_fb/unstacker_inst/shift_phrase_reg[57]/Q
                         net (fo=1, routed)           0.052    -0.444    highdef_fb/unstacker_inst/shift_phrase[57]
    SLICE_X56Y32         LUT4 (Prop_lut4_I2_O)        0.045    -0.399 r  highdef_fb/unstacker_inst/shift_phrase[41]_i_1/O
                         net (fo=1, routed)           0.000    -0.399    highdef_fb/unstacker_inst/shift_phrase[41]_i_1_n_0
    SLICE_X56Y32         FDRE                                         r  highdef_fb/unstacker_inst/shift_phrase_reg[41]/D
  -------------------------------------------------------------------    -------------------

                         (clock clk_pixel_cw_hdmi rise edge)
                                                      0.000     0.000 r  
    N15                                               0.000     0.000 r  clk_100mhz (IN)
                         net (fo=0)                   0.000     0.000    lcw/clk_in1
    N15                  IBUF (Prop_ibuf_I_O)         0.396     0.396 r  lcw/clkin1_ibufg/O
                         net (fo=1, routed)           0.480     0.876    lcw/clk_in1_clk_wiz_0
    MMCME2_ADV_X0Y0      MMCME2_ADV (Prop_mmcme2_adv_CLKIN1_CLKOUT5)
                                                     -3.145    -2.269 r  lcw/mmcm_adv_inst/CLKOUT5
                         net (fo=1, routed)           0.534    -1.735    lcw/clk_passthrough_clk_wiz_0
    BUFGCTRL_X0Y8        BUFG (Prop_bufg_I_O)         0.029    -1.706 r  lcw/clkout6_buf/O
                         net (fo=1, routed)           0.817    -0.890    wizard_hdmi/sysclk
    MMCME2_ADV_X1Y0      MMCME2_ADV (Prop_mmcme2_adv_CLKIN1_CLKOUT0)
                                                     -1.375    -2.265 r  wizard_hdmi/mmcm_adv_inst/CLKOUT0
                         net (fo=1, routed)           0.530    -1.735    wizard_hdmi/clk_pixel_cw_hdmi
    BUFGCTRL_X0Y2        BUFG (Prop_bufg_I_O)         0.029    -1.706 r  wizard_hdmi/clkout1_buf/O
                         net (fo=474, routed)         0.829    -0.878    highdef_fb/unstacker_inst/clk_pixel
    SLICE_X56Y32         FDRE                                         r  highdef_fb/unstacker_inst/shift_phrase_reg[41]/C
                         clock pessimism              0.254    -0.624    
    SLICE_X56Y32         FDRE (Hold_fdre_C_D)         0.121    -0.503    highdef_fb/unstacker_inst/shift_phrase_reg[41]
  -------------------------------------------------------------------
                         required time                          0.503    
                         arrival time                          -0.399    
  -------------------------------------------------------------------
                         slack                                  0.104    





Pulse Width Checks
--------------------------------------------------------------------------------------
Clock Name:         clk_pixel_cw_hdmi
Waveform(ns):       { 0.000 6.734 }
Period(ns):         13.468
Sources:            { wizard_hdmi/mmcm_adv_inst/CLKOUT0 }

Check Type        Corner  Lib Pin             Reference Pin  Required(ns)  Actual(ns)  Slack(ns)  Location         Pin
Min Period        n/a     DSP48E1/CLK         n/a            3.884         13.468      9.584      DSP48_X1Y3       rgbtoycrcb_m/cbg_reg/CLK
Max Period        n/a     MMCME2_ADV/CLKOUT0  n/a            213.360       13.468      199.892    MMCME2_ADV_X1Y0  wizard_hdmi/mmcm_adv_inst/CLKOUT0
Low Pulse Width   Slow    FDRE/C              n/a            0.500         6.734       6.234      SLICE_X30Y15     addrb_reg[0]/C
High Pulse Width  Slow    FDRE/C              n/a            0.500         6.734       6.234      SLICE_X30Y15     addrb_reg[0]/C



---------------------------------------------------------------------------------------------------
From Clock:  clk_tmds_cw_hdmi
  To Clock:  clk_tmds_cw_hdmi

Setup :           NA  Failing Endpoints,  Worst Slack           NA  ,  Total Violation           NA
Hold  :           NA  Failing Endpoints,  Worst Slack           NA  ,  Total Violation           NA
PW    :            0  Failing Endpoints,  Worst Slack        0.538ns,  Total Violation        0.000ns
---------------------------------------------------------------------------------------------------


Pulse Width Checks
--------------------------------------------------------------------------------------
Clock Name:         clk_tmds_cw_hdmi
Waveform(ns):       { 0.000 1.347 }
Period(ns):         2.694
Sources:            { wizard_hdmi/mmcm_adv_inst/CLKOUT1 }

Check Type  Corner  Lib Pin             Reference Pin  Required(ns)  Actual(ns)  Slack(ns)  Location         Pin
Min Period  n/a     BUFG/I              n/a            2.155         2.694       0.538      BUFGCTRL_X0Y5    wizard_hdmi/clkout2_buf/I
Max Period  n/a     MMCME2_ADV/CLKOUT1  n/a            213.360       2.694       210.666    MMCME2_ADV_X1Y0  wizard_hdmi/mmcm_adv_inst/CLKOUT1



---------------------------------------------------------------------------------------------------
From Clock:  clkfbout_cw_hdmi
  To Clock:  clkfbout_cw_hdmi

Setup :           NA  Failing Endpoints,  Worst Slack           NA  ,  Total Violation           NA
Hold  :           NA  Failing Endpoints,  Worst Slack           NA  ,  Total Violation           NA
PW    :            0  Failing Endpoints,  Worst Slack       47.845ns,  Total Violation        0.000ns
---------------------------------------------------------------------------------------------------


Pulse Width Checks
--------------------------------------------------------------------------------------
Clock Name:         clkfbout_cw_hdmi
Waveform(ns):       { 0.000 25.000 }
Period(ns):         50.000
Sources:            { wizard_hdmi/mmcm_adv_inst/CLKFBOUT }

Check Type  Corner  Lib Pin             Reference Pin  Required(ns)  Actual(ns)  Slack(ns)  Location         Pin
Min Period  n/a     BUFG/I              n/a            2.155         50.000      47.845     BUFGCTRL_X0Y9    wizard_hdmi/clkf_buf/I
Max Period  n/a     MMCME2_ADV/CLKFBIN  n/a            100.000       50.000      50.000     MMCME2_ADV_X1Y0  wizard_hdmi/mmcm_adv_inst/CLKFBIN



---------------------------------------------------------------------------------------------------
From Clock:  clk_xc_clk_wiz_0
  To Clock:  clk_xc_clk_wiz_0

Setup :           NA  Failing Endpoints,  Worst Slack           NA  ,  Total Violation           NA
Hold  :           NA  Failing Endpoints,  Worst Slack           NA  ,  Total Violation           NA
PW    :            0  Failing Endpoints,  Worst Slack       37.845ns,  Total Violation        0.000ns
---------------------------------------------------------------------------------------------------


Pulse Width Checks
--------------------------------------------------------------------------------------
Clock Name:         clk_xc_clk_wiz_0
Waveform(ns):       { 0.000 20.000 }
Period(ns):         40.000
Sources:            { lcw/mmcm_adv_inst/CLKOUT4 }

Check Type  Corner  Lib Pin             Reference Pin  Required(ns)  Actual(ns)  Slack(ns)  Location         Pin
Min Period  n/a     BUFG/I              n/a            2.155         40.000      37.845     BUFGCTRL_X0Y6    lcw/clkout5_buf/I
Max Period  n/a     MMCME2_ADV/CLKOUT4  n/a            213.360       40.000      173.360    MMCME2_ADV_X0Y0  lcw/mmcm_adv_inst/CLKOUT4



---------------------------------------------------------------------------------------------------
From Clock:  clkfbout_clk_wiz_0
  To Clock:  clkfbout_clk_wiz_0

Setup :           NA  Failing Endpoints,  Worst Slack           NA  ,  Total Violation           NA
Hold  :           NA  Failing Endpoints,  Worst Slack           NA  ,  Total Violation           NA
PW    :            0  Failing Endpoints,  Worst Slack        7.845ns,  Total Violation        0.000ns
---------------------------------------------------------------------------------------------------


Pulse Width Checks
--------------------------------------------------------------------------------------
Clock Name:         clkfbout_clk_wiz_0
Waveform(ns):       { 0.000 5.000 }
Period(ns):         10.000
Sources:            { lcw/mmcm_adv_inst/CLKFBOUT }

Check Type  Corner  Lib Pin             Reference Pin  Required(ns)  Actual(ns)  Slack(ns)  Location         Pin
Min Period  n/a     BUFG/I              n/a            2.155         10.000      7.845      BUFGCTRL_X0Y7    lcw/clkf_buf/I
Max Period  n/a     MMCME2_ADV/CLKFBIN  n/a            100.000       10.000      90.000     MMCME2_ADV_X0Y0  lcw/mmcm_adv_inst/CLKFBIN



---------------------------------------------------------------------------------------------------
From Clock:  clk_controller_clk_wiz_0
  To Clock:  clk_camera_clk_wiz_0

Setup :            0  Failing Endpoints,  Worst Slack        4.715ns,  Total Violation        0.000ns
Hold  :           NA  Failing Endpoints,  Worst Slack           NA  ,  Total Violation           NA
---------------------------------------------------------------------------------------------------


Max Delay Paths
--------------------------------------------------------------------------------------
Slack (MET) :             4.715ns  (required time - arrival time)
  Source:                 highdef_fb/camera_data_fifo/xpm_fifo_axis_inst/xpm_fifo_base_inst/gen_cdc_pntr.rd_pntr_cdc_inst/src_gray_ff_reg[1]/C
                            (rising edge-triggered cell FDRE clocked by clk_controller_clk_wiz_0  {rise@0.000ns fall@6.000ns period=12.000ns})
  Destination:            highdef_fb/camera_data_fifo/xpm_fifo_axis_inst/xpm_fifo_base_inst/gen_cdc_pntr.rd_pntr_cdc_inst/dest_graysync_ff_reg[0][1]/D
                            (rising edge-triggered cell FDRE clocked by clk_camera_clk_wiz_0  {rise@0.000ns fall@2.500ns period=5.000ns})
  Path Group:             clk_camera_clk_wiz_0
  Path Type:              Setup (Max at Slow Process Corner)
  Requirement:            6.000ns  (MaxDelay Path 6.000ns)
  Data Path Delay:        1.015ns  (logic 0.419ns (41.270%)  route 0.596ns (58.730%))
  Logic Levels:           0  
  Timing Exception:       MaxDelay Path 6.000ns -datapath_only

    Location             Delay type                Incr(ns)  Path(ns)    Netlist Resource(s)
  -------------------------------------------------------------------    -------------------
    SLICE_X35Y50                                      0.000     0.000 r  highdef_fb/camera_data_fifo/xpm_fifo_axis_inst/xpm_fifo_base_inst/gen_cdc_pntr.rd_pntr_cdc_inst/src_gray_ff_reg[1]/C
    SLICE_X35Y50         FDRE (Prop_fdre_C_Q)         0.419     0.419 r  highdef_fb/camera_data_fifo/xpm_fifo_axis_inst/xpm_fifo_base_inst/gen_cdc_pntr.rd_pntr_cdc_inst/src_gray_ff_reg[1]/Q
                         net (fo=1, routed)           0.596     1.015    highdef_fb/camera_data_fifo/xpm_fifo_axis_inst/xpm_fifo_base_inst/gen_cdc_pntr.rd_pntr_cdc_inst/async_path[1]
    SLICE_X35Y49         FDRE                                         r  highdef_fb/camera_data_fifo/xpm_fifo_axis_inst/xpm_fifo_base_inst/gen_cdc_pntr.rd_pntr_cdc_inst/dest_graysync_ff_reg[0][1]/D
  -------------------------------------------------------------------    -------------------

                         max delay                    6.000     6.000    
    SLICE_X35Y49         FDRE (Setup_fdre_C_D)       -0.270     5.730    highdef_fb/camera_data_fifo/xpm_fifo_axis_inst/xpm_fifo_base_inst/gen_cdc_pntr.rd_pntr_cdc_inst/dest_graysync_ff_reg[0][1]
  -------------------------------------------------------------------
                         required time                          5.730    
                         arrival time                          -1.015    
  -------------------------------------------------------------------
                         slack                                  4.715    





---------------------------------------------------------------------------------------------------
From Clock:  clk_camera_clk_wiz_0
  To Clock:  clk_controller_clk_wiz_0

Setup :            0  Failing Endpoints,  Worst Slack        4.758ns,  Total Violation        0.000ns
Hold  :           NA  Failing Endpoints,  Worst Slack           NA  ,  Total Violation           NA
---------------------------------------------------------------------------------------------------


Max Delay Paths
--------------------------------------------------------------------------------------
Slack (MET) :             4.758ns  (required time - arrival time)
  Source:                 highdef_fb/camera_data_fifo/xpm_fifo_axis_inst/xpm_fifo_base_inst/gen_cdc_pntr.wr_pntr_cdc_inst/src_gray_ff_reg[6]/C
                            (rising edge-triggered cell FDRE clocked by clk_camera_clk_wiz_0  {rise@0.000ns fall@2.500ns period=5.000ns})
  Destination:            highdef_fb/camera_data_fifo/xpm_fifo_axis_inst/xpm_fifo_base_inst/gen_cdc_pntr.wr_pntr_cdc_inst/dest_graysync_ff_reg[0][6]/D
                            (rising edge-triggered cell FDRE clocked by clk_controller_clk_wiz_0  {rise@0.000ns fall@6.000ns period=12.000ns})
  Path Group:             clk_controller_clk_wiz_0
  Path Type:              Setup (Max at Slow Process Corner)
  Requirement:            6.000ns  (MaxDelay Path 6.000ns)
  Data Path Delay:        1.149ns  (logic 0.518ns (45.080%)  route 0.631ns (54.920%))
  Logic Levels:           0  
  Timing Exception:       MaxDelay Path 6.000ns -datapath_only

    Location             Delay type                Incr(ns)  Path(ns)    Netlist Resource(s)
  -------------------------------------------------------------------    -------------------
    SLICE_X38Y49                                      0.000     0.000 r  highdef_fb/camera_data_fifo/xpm_fifo_axis_inst/xpm_fifo_base_inst/gen_cdc_pntr.wr_pntr_cdc_inst/src_gray_ff_reg[6]/C
    SLICE_X38Y49         FDRE (Prop_fdre_C_Q)         0.518     0.518 r  highdef_fb/camera_data_fifo/xpm_fifo_axis_inst/xpm_fifo_base_inst/gen_cdc_pntr.wr_pntr_cdc_inst/src_gray_ff_reg[6]/Q
                         net (fo=1, routed)           0.631     1.149    highdef_fb/camera_data_fifo/xpm_fifo_axis_inst/xpm_fifo_base_inst/gen_cdc_pntr.wr_pntr_cdc_inst/async_path[6]
    SLICE_X37Y51         FDRE                                         r  highdef_fb/camera_data_fifo/xpm_fifo_axis_inst/xpm_fifo_base_inst/gen_cdc_pntr.wr_pntr_cdc_inst/dest_graysync_ff_reg[0][6]/D
  -------------------------------------------------------------------    -------------------

                         max delay                    6.000     6.000    
    SLICE_X37Y51         FDRE (Setup_fdre_C_D)       -0.093     5.907    highdef_fb/camera_data_fifo/xpm_fifo_axis_inst/xpm_fifo_base_inst/gen_cdc_pntr.wr_pntr_cdc_inst/dest_graysync_ff_reg[0][6]
  -------------------------------------------------------------------
                         required time                          5.907    
                         arrival time                          -1.149    
  -------------------------------------------------------------------
                         slack                                  4.758    





---------------------------------------------------------------------------------------------------
From Clock:  clk_pixel_cw_hdmi
  To Clock:  clk_controller_clk_wiz_0

Setup :            0  Failing Endpoints,  Worst Slack        4.777ns,  Total Violation        0.000ns
Hold  :           NA  Failing Endpoints,  Worst Slack           NA  ,  Total Violation           NA
---------------------------------------------------------------------------------------------------


Max Delay Paths
--------------------------------------------------------------------------------------
Slack (MET) :             4.777ns  (required time - arrival time)
  Source:                 highdef_fb/pdfifo/xpm_fifo_axis_inst/xpm_fifo_base_inst/gen_cdc_pntr.rd_pntr_cdc_inst/src_gray_ff_reg[5]/C
                            (rising edge-triggered cell FDRE clocked by clk_pixel_cw_hdmi  {rise@0.000ns fall@6.734ns period=13.468ns})
  Destination:            highdef_fb/pdfifo/xpm_fifo_axis_inst/xpm_fifo_base_inst/gen_cdc_pntr.rd_pntr_cdc_inst/dest_graysync_ff_reg[0][5]/D
                            (rising edge-triggered cell FDRE clocked by clk_controller_clk_wiz_0  {rise@0.000ns fall@6.000ns period=12.000ns})
  Path Group:             clk_controller_clk_wiz_0
  Path Type:              Setup (Max at Slow Process Corner)
  Requirement:            6.000ns  (MaxDelay Path 6.000ns)
  Data Path Delay:        1.004ns  (logic 0.419ns (41.735%)  route 0.585ns (58.265%))
  Logic Levels:           0  
  Timing Exception:       MaxDelay Path 6.000ns -datapath_only

    Location             Delay type                Incr(ns)  Path(ns)    Netlist Resource(s)
  -------------------------------------------------------------------    -------------------
    SLICE_X53Y28                                      0.000     0.000 r  highdef_fb/pdfifo/xpm_fifo_axis_inst/xpm_fifo_base_inst/gen_cdc_pntr.rd_pntr_cdc_inst/src_gray_ff_reg[5]/C
    SLICE_X53Y28         FDRE (Prop_fdre_C_Q)         0.419     0.419 r  highdef_fb/pdfifo/xpm_fifo_axis_inst/xpm_fifo_base_inst/gen_cdc_pntr.rd_pntr_cdc_inst/src_gray_ff_reg[5]/Q
                         net (fo=1, routed)           0.585     1.004    highdef_fb/pdfifo/xpm_fifo_axis_inst/xpm_fifo_base_inst/gen_cdc_pntr.rd_pntr_cdc_inst/async_path[5]
    SLICE_X50Y27         FDRE                                         r  highdef_fb/pdfifo/xpm_fifo_axis_inst/xpm_fifo_base_inst/gen_cdc_pntr.rd_pntr_cdc_inst/dest_graysync_ff_reg[0][5]/D
  -------------------------------------------------------------------    -------------------

                         max delay                    6.000     6.000    
    SLICE_X50Y27         FDRE (Setup_fdre_C_D)       -0.219     5.781    highdef_fb/pdfifo/xpm_fifo_axis_inst/xpm_fifo_base_inst/gen_cdc_pntr.rd_pntr_cdc_inst/dest_graysync_ff_reg[0][5]
  -------------------------------------------------------------------
                         required time                          5.781    
                         arrival time                          -1.004    
  -------------------------------------------------------------------
                         slack                                  4.777    





---------------------------------------------------------------------------------------------------
From Clock:  clk_controller_clk_wiz_0
  To Clock:  clk_pixel_cw_hdmi

Setup :            0  Failing Endpoints,  Worst Slack        4.709ns,  Total Violation        0.000ns
Hold  :           NA  Failing Endpoints,  Worst Slack           NA  ,  Total Violation           NA
---------------------------------------------------------------------------------------------------


Max Delay Paths
--------------------------------------------------------------------------------------
Slack (MET) :             4.709ns  (required time - arrival time)
  Source:                 highdef_fb/pdfifo/xpm_fifo_axis_inst/xpm_fifo_base_inst/gen_cdc_pntr.wr_pntr_cdc_inst/src_gray_ff_reg[5]/C
                            (rising edge-triggered cell FDRE clocked by clk_controller_clk_wiz_0  {rise@0.000ns fall@6.000ns period=12.000ns})
  Destination:            highdef_fb/pdfifo/xpm_fifo_axis_inst/xpm_fifo_base_inst/gen_cdc_pntr.wr_pntr_cdc_inst/dest_graysync_ff_reg[0][5]/D
                            (rising edge-triggered cell FDRE clocked by clk_pixel_cw_hdmi  {rise@0.000ns fall@6.734ns period=13.468ns})
  Path Group:             clk_pixel_cw_hdmi
  Path Type:              Setup (Max at Slow Process Corner)
  Requirement:            6.000ns  (MaxDelay Path 6.000ns)
  Data Path Delay:        1.026ns  (logic 0.419ns (40.823%)  route 0.607ns (59.177%))
  Logic Levels:           0  
  Timing Exception:       MaxDelay Path 6.000ns -datapath_only

    Location             Delay type                Incr(ns)  Path(ns)    Netlist Resource(s)
  -------------------------------------------------------------------    -------------------
    SLICE_X55Y29                                      0.000     0.000 r  highdef_fb/pdfifo/xpm_fifo_axis_inst/xpm_fifo_base_inst/gen_cdc_pntr.wr_pntr_cdc_inst/src_gray_ff_reg[5]/C
    SLICE_X55Y29         FDRE (Prop_fdre_C_Q)         0.419     0.419 r  highdef_fb/pdfifo/xpm_fifo_axis_inst/xpm_fifo_base_inst/gen_cdc_pntr.wr_pntr_cdc_inst/src_gray_ff_reg[5]/Q
                         net (fo=1, routed)           0.607     1.026    highdef_fb/pdfifo/xpm_fifo_axis_inst/xpm_fifo_base_inst/gen_cdc_pntr.wr_pntr_cdc_inst/async_path[5]
    SLICE_X55Y27         FDRE                                         r  highdef_fb/pdfifo/xpm_fifo_axis_inst/xpm_fifo_base_inst/gen_cdc_pntr.wr_pntr_cdc_inst/dest_graysync_ff_reg[0][5]/D
  -------------------------------------------------------------------    -------------------

                         max delay                    6.000     6.000    
    SLICE_X55Y27         FDRE (Setup_fdre_C_D)       -0.265     5.735    highdef_fb/pdfifo/xpm_fifo_axis_inst/xpm_fifo_base_inst/gen_cdc_pntr.wr_pntr_cdc_inst/dest_graysync_ff_reg[0][5]
  -------------------------------------------------------------------
                         required time                          5.735    
                         arrival time                          -1.026    
  -------------------------------------------------------------------
                         slack                                  4.709    





